Component: ARM Compiler 5.06 update 4 (build 422) Tool: armlink [4d35d2]

==============================================================================

Section Cross References

    startup_stm32f103xe.o(RESET) refers to startup_stm32f103xe.o(STACK) for __initial_sp
    startup_stm32f103xe.o(RESET) refers to startup_stm32f103xe.o(.text) for Reset_Handler
    startup_stm32f103xe.o(RESET) refers to stm32f1xx_it.o(i.NMI_Handler) for NMI_Handler
    startup_stm32f103xe.o(RESET) refers to stm32f1xx_it.o(i.HardFault_Handler) for HardFault_Handler
    startup_stm32f103xe.o(RESET) refers to stm32f1xx_it.o(i.MemManage_Handler) for MemManage_Handler
    startup_stm32f103xe.o(RESET) refers to stm32f1xx_it.o(i.BusFault_Handler) for BusFault_Handler
    startup_stm32f103xe.o(RESET) refers to stm32f1xx_it.o(i.UsageFault_Handler) for UsageFault_Handler
    startup_stm32f103xe.o(RESET) refers to stm32f1xx_it.o(i.SVC_Handler) for SVC_Handler
    startup_stm32f103xe.o(RESET) refers to stm32f1xx_it.o(i.DebugMon_Handler) for DebugMon_Handler
    startup_stm32f103xe.o(RESET) refers to stm32f1xx_it.o(i.PendSV_Handler) for PendSV_Handler
    startup_stm32f103xe.o(RESET) refers to stm32f1xx_it.o(i.SysTick_Handler) for SysTick_Handler
    startup_stm32f103xe.o(RESET) refers to stm32f1xx_it.o(i.EXTI1_IRQHandler) for EXTI1_IRQHandler
    startup_stm32f103xe.o(RESET) refers to stm32f1xx_it.o(i.EXTI3_IRQHandler) for EXTI3_IRQHandler
    startup_stm32f103xe.o(RESET) refers to stm32f1xx_it.o(i.EXTI4_IRQHandler) for EXTI4_IRQHandler
    startup_stm32f103xe.o(RESET) refers to stm32f1xx_it.o(i.EXTI9_5_IRQHandler) for EXTI9_5_IRQHandler
    startup_stm32f103xe.o(.text) refers to system_stm32f1xx.o(i.SystemInit) for SystemInit
    startup_stm32f103xe.o(.text) refers to entry.o(.ARM.Collect$$$$00000000) for __main
    as608.o(i.Del_FR) refers to as608.o(i.PS_DeletChar) for PS_DeletChar
    as608.o(i.Del_FR) refers to lcd_own.o(i.LCD_Clear) for LCD_Clear
    as608.o(i.Del_FR) refers to lcd_own.o(i.LCD_DrawString) for LCD_DrawString
    as608.o(i.Del_FR) refers to stm32f1xx_hal.o(i.HAL_Delay) for HAL_Delay
    as608.o(i.JudgeStr) refers to stm32f1xx_hal_uart.o(i.HAL_UART_Receive) for HAL_UART_Receive
    as608.o(i.JudgeStr) refers to memcmp.o(.text) for memcmp
    as608.o(i.JudgeStr) refers to strstr.o(.text) for strstr
    as608.o(i.JudgeStr) refers to as608.o(.data) for .data
    as608.o(i.JudgeStr) refers to as608.o(.bss) for .bss
    as608.o(i.JudgeStr) refers to main.o(.bss) for huart1
    as608.o(i.PS_DeletChar) refers to as608.o(i.SendHead) for SendHead
    as608.o(i.PS_DeletChar) refers to as608.o(i.SendAddr) for SendAddr
    as608.o(i.PS_DeletChar) refers to as608.o(i.MYUSART_SendData) for MYUSART_SendData
    as608.o(i.PS_DeletChar) refers to as608.o(i.SendLength) for SendLength
    as608.o(i.PS_DeletChar) refers to as608.o(i.SendCheck) for SendCheck
    as608.o(i.PS_DeletChar) refers to as608.o(i.JudgeStr) for JudgeStr
    as608.o(i.PS_Empty) refers to as608.o(i.SendHead) for SendHead
    as608.o(i.PS_Empty) refers to as608.o(i.SendAddr) for SendAddr
    as608.o(i.PS_Empty) refers to as608.o(i.MYUSART_SendData) for MYUSART_SendData
    as608.o(i.PS_Empty) refers to as608.o(i.SendLength) for SendLength
    as608.o(i.PS_Empty) refers to as608.o(i.SendCheck) for SendCheck
    as608.o(i.PS_Empty) refers to as608.o(i.JudgeStr) for JudgeStr
    as608.o(i.PS_GenChar) refers to as608.o(i.SendHead) for SendHead
    as608.o(i.PS_GenChar) refers to as608.o(i.SendAddr) for SendAddr
    as608.o(i.PS_GenChar) refers to as608.o(i.MYUSART_SendData) for MYUSART_SendData
    as608.o(i.PS_GenChar) refers to as608.o(i.SendLength) for SendLength
    as608.o(i.PS_GenChar) refers to as608.o(i.SendCheck) for SendCheck
    as608.o(i.PS_GenChar) refers to as608.o(i.JudgeStr) for JudgeStr
    as608.o(i.PS_GetImage) refers to as608.o(i.SendHead) for SendHead
    as608.o(i.PS_GetImage) refers to as608.o(i.SendAddr) for SendAddr
    as608.o(i.PS_GetImage) refers to as608.o(i.MYUSART_SendData) for MYUSART_SendData
    as608.o(i.PS_GetImage) refers to as608.o(i.SendLength) for SendLength
    as608.o(i.PS_GetImage) refers to as608.o(i.SendCheck) for SendCheck
    as608.o(i.PS_GetImage) refers to as608.o(i.JudgeStr) for JudgeStr
    as608.o(i.PS_HandShake) refers to as608.o(i.SendHead) for SendHead
    as608.o(i.PS_HandShake) refers to as608.o(i.SendAddr) for SendAddr
    as608.o(i.PS_HandShake) refers to as608.o(i.MYUSART_SendData) for MYUSART_SendData
    as608.o(i.PS_HandShake) refers to stm32f1xx_hal.o(i.HAL_Delay) for HAL_Delay
    as608.o(i.PS_HandShake) refers to as608.o(.data) for .data
    as608.o(i.PS_HandShake) refers to as608.o(.bss) for .bss
    as608.o(i.PS_HighSpeedSearch) refers to as608.o(i.SendHead) for SendHead
    as608.o(i.PS_HighSpeedSearch) refers to as608.o(i.SendAddr) for SendAddr
    as608.o(i.PS_HighSpeedSearch) refers to as608.o(i.MYUSART_SendData) for MYUSART_SendData
[...]
    i.SCCB_delay                             0x08003e02   Section        0  bsp_sccb.o(i.SCCB_delay)
    SCCB_delay                               0x08003e03   Thumb Code    14  bsp_sccb.o(i.SCCB_delay)
    i.SDIO_ConfigData                        0x08003e10   Section        0  stm32f1xx_ll_sdmmc.o(i.SDIO_ConfigData)
    i.SDIO_GetCommandResponse                0x08003e34   Section        0  stm32f1xx_ll_sdmmc.o(i.SDIO_GetCommandResponse)
    i.SDIO_GetPowerState                     0x08003e3a   Section        0  stm32f1xx_ll_sdmmc.o(i.SDIO_GetPowerState)
    i.SDIO_GetResponse                       0x08003e42   Section        0  stm32f1xx_ll_sdmmc.o(i.SDIO_GetResponse)
    i.SDIO_Init                              0x08003e52   Section        0  stm32f1xx_ll_sdmmc.o(i.SDIO_Init)
    i.SDIO_PowerState_ON                     0x08003e7e   Section        0  stm32f1xx_ll_sdmmc.o(i.SDIO_PowerState_ON)
    i.SDIO_ReadFIFO                          0x08003e86   Section        0  stm32f1xx_ll_sdmmc.o(i.SDIO_ReadFIFO)
    i.SDIO_SendCommand                       0x08003e8c   Section        0  stm32f1xx_ll_sdmmc.o(i.SDIO_SendCommand)
    i.SDIO_WriteFIFO                         0x08003eac   Section        0  stm32f1xx_ll_sdmmc.o(i.SDIO_WriteFIFO)
    i.SDMMC_CmdAppCommand                    0x08003eb6   Section        0  stm32f1xx_ll_sdmmc.o(i.SDMMC_CmdAppCommand)
    i.SDMMC_CmdAppOperCommand                0x08003ee8   Section        0  stm32f1xx_ll_sdmmc.o(i.SDMMC_CmdAppOperCommand)
    i.SDMMC_CmdBlockLength                   0x08003f1c   Section        0  stm32f1xx_ll_sdmmc.o(i.SDMMC_CmdBlockLength)
    i.SDMMC_CmdBusWidth                      0x08003f4e   Section        0  stm32f1xx_ll_sdmmc.o(i.SDMMC_CmdBusWidth)
    i.SDMMC_CmdGoIdleState                   0x08003f80   Section        0  stm32f1xx_ll_sdmmc.o(i.SDMMC_CmdGoIdleState)
    i.SDMMC_CmdOperCond                      0x08003fa8   Section        0  stm32f1xx_ll_sdmmc.o(i.SDMMC_CmdOperCond)
    i.SDMMC_CmdReadMultiBlock                0x08003fd8   Section        0  stm32f1xx_ll_sdmmc.o(i.SDMMC_CmdReadMultiBlock)
    i.SDMMC_CmdReadSingleBlock               0x0800400a   Section        0  stm32f1xx_ll_sdmmc.o(i.SDMMC_CmdReadSingleBlock)
    i.SDMMC_CmdSelDesel                      0x0800403c   Section        0  stm32f1xx_ll_sdmmc.o(i.SDMMC_CmdSelDesel)
    i.SDMMC_CmdSendCID                       0x0800406e   Section        0  stm32f1xx_ll_sdmmc.o(i.SDMMC_CmdSendCID)
    i.SDMMC_CmdSendCSD                       0x0800409a   Section        0  stm32f1xx_ll_sdmmc.o(i.SDMMC_CmdSendCSD)
    i.SDMMC_CmdSendSCR                       0x080040c6   Section        0  stm32f1xx_ll_sdmmc.o(i.SDMMC_CmdSendSCR)
    i.SDMMC_CmdSendStatus                    0x080040f6   Section        0  stm32f1xx_ll_sdmmc.o(i.SDMMC_CmdSendStatus)
    i.SDMMC_CmdSetRelAdd                     0x08004128   Section        0  stm32f1xx_ll_sdmmc.o(i.SDMMC_CmdSetRelAdd)
    i.SDMMC_CmdStopTransfer                  0x08004164   Section        0  stm32f1xx_ll_sdmmc.o(i.SDMMC_CmdStopTransfer)
    i.SDMMC_CmdWriteMultiBlock               0x08004198   Section        0  stm32f1xx_ll_sdmmc.o(i.SDMMC_CmdWriteMultiBlock)
    i.SDMMC_CmdWriteSingleBlock              0x080041ca   Section        0  stm32f1xx_ll_sdmmc.o(i.SDMMC_CmdWriteSingleBlock)
    i.SDMMC_GetCmdError                      0x080041fc   Section        0  stm32f1xx_ll_sdmmc.o(i.SDMMC_GetCmdError)
    SDMMC_GetCmdError                        0x080041fd   Thumb Code    46  stm32f1xx_ll_sdmmc.o(i.SDMMC_GetCmdError)
    i.SDMMC_GetCmdResp1                      0x08004230   Section        0  stm32f1xx_ll_sdmmc.o(i.SDMMC_GetCmdResp1)
    SDMMC_GetCmdResp1                        0x08004231   Thumb Code   320  stm32f1xx_ll_sdmmc.o(i.SDMMC_GetCmdResp1)
    i.SDMMC_GetCmdResp2                      0x08004378   Section        0  stm32f1xx_ll_sdmmc.o(i.SDMMC_GetCmdResp2)
    SDMMC_GetCmdResp2                        0x08004379   Thumb Code    78  stm32f1xx_ll_sdmmc.o(i.SDMMC_GetCmdResp2)
    i.SDMMC_GetCmdResp3                      0x080043cc   Section        0  stm32f1xx_ll_sdmmc.o(i.SDMMC_GetCmdResp3)
    SDMMC_GetCmdResp3                        0x080043cd   Thumb Code    62  stm32f1xx_ll_sdmmc.o(i.SDMMC_GetCmdResp3)
    i.SDMMC_GetCmdResp6                      0x08004410   Section        0  stm32f1xx_ll_sdmmc.o(i.SDMMC_GetCmdResp6)
    SDMMC_GetCmdResp6                        0x08004411   Thumb Code   144  stm32f1xx_ll_sdmmc.o(i.SDMMC_GetCmdResp6)
    i.SDMMC_GetCmdResp7                      0x080044a4   Section        0  stm32f1xx_ll_sdmmc.o(i.SDMMC_GetCmdResp7)
    SDMMC_GetCmdResp7                        0x080044a5   Thumb Code    68  stm32f1xx_ll_sdmmc.o(i.SDMMC_GetCmdResp7)
    i.SD_FindSCR                             0x080044ec   Section        0  stm32f1xx_hal_sd.o(i.SD_FindSCR)
    SD_FindSCR                               0x080044ed   Thumb Code   314  stm32f1xx_hal_sd.o(i.SD_FindSCR)
    i.SD_InitCard                            0x08004626   Section        0  stm32f1xx_hal_sd.o(i.SD_InitCard)
    SD_InitCard                              0x08004627   Thumb Code   230  stm32f1xx_hal_sd.o(i.SD_InitCard)
    i.SD_PowerON                             0x0800470c   Section        0  stm32f1xx_hal_sd.o(i.SD_PowerON)
    SD_PowerON                               0x0800470d   Thumb Code   176  stm32f1xx_hal_sd.o(i.SD_PowerON)
    i.SD_SendStatus                          0x080047bc   Section        0  stm32f1xx_hal_sd.o(i.SD_SendStatus)
    SD_SendStatus                            0x080047bd   Thumb Code    46  stm32f1xx_hal_sd.o(i.SD_SendStatus)
    i.SD_WideBus_Disable                     0x080047ea   Section        0  stm32f1xx_hal_sd.o(i.SD_WideBus_Disable)
    SD_WideBus_Disable                       0x080047eb   Thumb Code    94  stm32f1xx_hal_sd.o(i.SD_WideBus_Disable)
    i.SD_WideBus_Enable                      0x08004848   Section        0  stm32f1xx_hal_sd.o(i.SD_WideBus_Enable)
    SD_WideBus_Enable                        0x08004849   Thumb Code    94  stm32f1xx_hal_sd.o(i.SD_WideBus_Enable)
    i.SD_initialize                          0x080048a8   Section        0  sd_diskio.o(i.SD_initialize)
    i.SD_ioctl                               0x080048c8   Section        0  sd_diskio.o(i.SD_ioctl)
    i.SD_read                                0x0800492c   Section        0  sd_diskio.o(i.SD_read)
    i.SD_status                              0x08004964   Section        0  sd_diskio.o(i.SD_status)
    i.SD_write                               0x08004984   Section        0  sd_diskio.o(i.SD_write)
    i.SVC_Handler                            0x080049bc   Section        0  stm32f1xx_it.o(i.SVC_Handler)
    i.SendAddr                               0x080049c0   Section        0  as608.o(i.SendAddr)
    SendAddr                                 0x080049c1   Thumb Code    42  as608.o(i.SendAddr)
    i.SendCheck                              0x080049f0   Section        0  as608.o(i.SendCheck)
    SendCheck                                0x080049f1   Thumb Code    20  as608.o(i.SendCheck)
    i.SendHead                               0x08004a04   Section        0  as608.o(i.SendHead)
    SendHead                                 0x08004a05   Thumb Code    18  as608.o(i.SendHead)
    i.SendLength                             0x08004a16   Section        0  as608.o(i.SendLength)
    SendLength                               0x08004a17   Thumb Code    22  as608.o(i.SendLength)
    i.SysTick_Handler                        0x08004a2c   Section        0  stm32f1xx_it.o(i.SysTick_Handler)
    i.SystemClock_Config                     0x08004a30   Section        0  main.o(i.SystemClock_Config)
    i.SystemInit                             0x08004a94   Section        0  system_stm32f1xx.o(i.SystemInit)
    i.UART_SetConfig                         0x08004adc   Section        0  stm32f1xx_hal_uart.o(i.UART_SetConfig)
    UART_SetConfig                           0x08004add   Thumb Code   432  stm32f1xx_hal_uart.o(i.UART_SetConfig)
    i.UART_WaitOnFlagUntilTimeout            0x08004c90   Section        0  stm32f1xx_hal_uart.o(i.UART_WaitOnFlagUntilTimeout)
    UART_WaitOnFlagUntilTimeout              0x08004c91   Thumb Code   120  stm32f1xx_hal_uart.o(i.UART_WaitOnFlagUntilTimeout)
    i.UsageFault_Handler                     0x08004d08   Section        0  stm32f1xx_it.o(i.UsageFault_Handler)
    i.XPT2046_Calculate_CalibrationFactor    0x08004d0a   Section        0  xpt2046.o(i.XPT2046_Calculate_CalibrationFactor)
    XPT2046_Calculate_CalibrationFactor      0x08004d0b   Thumb Code   330  xpt2046.o(i.XPT2046_Calculate_CalibrationFactor)
    i.XPT2046_DelayUS                        0x08004e54   Section        0  xpt2046.o(i.XPT2046_DelayUS)
    XPT2046_DelayUS                          0x08004e55   Thumb Code    24  xpt2046.o(i.XPT2046_DelayUS)
    i.XPT2046_Get_TouchedPoint               0x08004e6c   Section        0  xpt2046.o(i.XPT2046_Get_TouchedPoint)
    i.XPT2046_ReadAdc                        0x08004f04   Section        0  xpt2046.o(i.XPT2046_ReadAdc)
    XPT2046_ReadAdc                          0x08004f05   Thumb Code    82  xpt2046.o(i.XPT2046_ReadAdc)
    i.XPT2046_ReadAdc_Smooth_XY              0x08004f5c   Section        0  xpt2046.o(i.XPT2046_ReadAdc_Smooth_XY)
    XPT2046_ReadAdc_Smooth_XY                0x08004f5d   Thumb Code   306  xpt2046.o(i.XPT2046_ReadAdc_Smooth_XY)
    i.XPT2046_Touch_Calibrate                0x08005098   Section        0  xpt2046.o(i.XPT2046_Touch_Calibrate)
    i.XPT2046_WriteCMD                       0x08005384   Section        0  xpt2046.o(i.XPT2046_WriteCMD)
    XPT2046_WriteCMD                         0x08005385   Thumb Code    96  xpt2046.o(i.XPT2046_WriteCMD)
    i.__0sprintf$5                           0x080053e8   Section        0  printf5.o(i.__0sprintf$5)
    i.__scatterload_copy                     0x08005410   Section       14  handlers.o(i.__scatterload_copy)
    i.__scatterload_null                     0x0800541e   Section        2  handlers.o(i.__scatterload_null)
    i.__scatterload_zeroinit                 0x08005420   Section       14  handlers.o(i.__scatterload_zeroinit)
    i._printf_core                           0x08005430   Section        0  printf5.o(i._printf_core)
    _printf_core                             0x08005431   Thumb Code   658  printf5.o(i._printf_core)
    i._sputc                                 0x080056f0   Section        0  printf5.o(i._sputc)
    _sputc                                   0x080056f1   Thumb Code    10  printf5.o(i._sputc)
    i.check_fs                               0x080056fc   Section        0  ff.o(i.check_fs)
    check_fs                                 0x080056fd   Thumb Code   138  ff.o(i.check_fs)
    i.check_homepage                         0x0800578c   Section        0  own_define_functions.o(i.check_homepage)
    i.chk_chr                                0x08005928   Section        0  ff.o(i.chk_chr)
    chk_chr                                  0x08005929   Thumb Code    16  ff.o(i.chk_chr)
    i.chk_lock                               0x08005938   Section        0  ff.o(i.chk_lock)
    chk_lock                                 0x08005939   Thumb Code   120  ff.o(i.chk_lock)
    i.clear_lock                             0x080059b4   Section        0  ff.o(i.clear_lock)
    clear_lock                               0x080059b5   Thumb Code    34  ff.o(i.clear_lock)
    i.clmt_clust                             0x080059dc   Section        0  ff.o(i.clmt_clust)
    clmt_clust                               0x080059dd   Thumb Code    50  ff.o(i.clmt_clust)
    i.clust2sect                             0x08005a0e   Section        0  ff.o(i.clust2sect)
    i.create_chain                           0x08005a2a   Section        0  ff.o(i.create_chain)
    create_chain                             0x08005a2b   Thumb Code   184  ff.o(i.create_chain)
    i.create_name                            0x08005ae4   Section        0  ff.o(i.create_name)
    create_name                              0x08005ae5   Thumb Code   268  ff.o(i.create_name)
    i.dec_lock                               0x08005c04   Section        0  ff.o(i.dec_lock)
    dec_lock                                 0x08005c05   Thumb Code    50  ff.o(i.dec_lock)
    i.delete_ALL                             0x08005c3c   Section        0  as608.o(i.delete_ALL)
    i.dir_alloc                              0x08005c88   Section        0  ff.o(i.dir_alloc)
    dir_alloc                                0x08005c89   Thumb Code    76  ff.o(i.dir_alloc)
    i.dir_find                               0x08005cd4   Section        0  ff.o(i.dir_find)
    dir_find                                 0x08005cd5   Thumb Code    80  ff.o(i.dir_find)
    i.dir_next                               0x08005d24   Section        0  ff.o(i.dir_next)
    dir_next                                 0x08005d25   Thumb Code   346  ff.o(i.dir_next)
    i.dir_register                           0x08005e7e   Section        0  ff.o(i.dir_register)
    dir_register                             0x08005e7f   Thumb Code    66  ff.o(i.dir_register)
    i.dir_sdi                                0x08005ec0   Section        0  ff.o(i.dir_sdi)
    dir_sdi                                  0x08005ec1   Thumb Code   174  ff.o(i.dir_sdi)
    i.disk_initialize                        0x08005f70   Section        0  diskio.o(i.disk_initialize)
    i.disk_ioctl                             0x08005f9c   Section        0  diskio.o(i.disk_ioctl)
    i.disk_read                              0x08005fb8   Section        0  diskio.o(i.disk_read)
    i.disk_status                            0x08005fd8   Section        0  diskio.o(i.disk_status)
    i.disk_write                             0x08005ff0   Section        0  diskio.o(i.disk_write)
    i.enq_lock                               0x08006010   Section        0  ff.o(i.enq_lock)
    enq_lock                                 0x08006011   Thumb Code    36  ff.o(i.enq_lock)
    i.enterPassword                          0x08006038   Section        0  own_define_functions.o(i.enterPassword)
    i.f_close                                0x08006120   Section        0  ff.o(i.f_close)
    i.f_mount                                0x0800614c   Section        0  ff.o(i.f_mount)
    i.f_open                                 0x080061bc   Section        0  ff.o(i.f_open)
    i.f_read                                 0x080063a4   Section        0  ff.o(i.f_read)
    i.f_sync                                 0x08006556   Section        0  ff.o(i.f_sync)
    i.f_write                                0x08006604   Section        0  ff.o(i.f_write)
    i.find_volume                            0x080067f4   Section        0  ff.o(i.find_volume)
    find_volume                              0x080067f5   Thumb Code   914  ff.o(i.find_volume)
    i.follow_path                            0x08006b98   Section        0  ff.o(i.follow_path)
    follow_path                              0x08006b99   Thumb Code   122  ff.o(i.follow_path)
    i.get_fat                                0x08006c12   Section        0  ff.o(i.get_fat)
    i.get_fattime                            0x08006d0e   Section        0  fatfs.o(i.get_fattime)
    i.get_ldnumber                           0x08006d12   Section        0  ff.o(i.get_ldnumber)
    get_ldnumber                             0x08006d13   Thumb Code    78  ff.o(i.get_ldnumber)
    i.inc_lock                               0x08006d60   Section        0  ff.o(i.inc_lock)
    inc_lock                                 0x08006d61   Thumb Code   172  ff.o(i.inc_lock)
    i.ld_clust                               0x08006e10   Section        0  ff.o(i.ld_clust)
    ld_clust                                 0x08006e11   Thumb Code    34  ff.o(i.ld_clust)
    i.main                                   0x08006e34   Section        0  main.o(i.main)
    i.mem_cmp                                0x0800703c   Section        0  ff.o(i.mem_cmp)
    mem_cmp                                  0x0800703d   Thumb Code    24  ff.o(i.mem_cmp)
    i.mem_cpy                                0x08007054   Section        0  ff.o(i.mem_cpy)
    mem_cpy                                  0x08007055   Thumb Code    18  ff.o(i.mem_cpy)
    i.mem_set                                0x08007066   Section        0  ff.o(i.mem_set)
    mem_set                                  0x08007067   Thumb Code    16  ff.o(i.mem_set)
    i.move_window                            0x08007076   Section        0  ff.o(i.move_window)
    move_window                              0x08007077   Thumb Code    58  ff.o(i.move_window)
    i.newbmp                                 0x080070b0   Section        0  own_define_functions.o(i.newbmp)
    i.press_FR                               0x08007214   Section        0  as608.o(i.press_FR)
    i.put_fat                                0x08007390   Section        0  ff.o(i.put_fat)
    i.read_keypad                            0x080074c4   Section        0  own_define_functions.o(i.read_keypad)
    i.readbmp                                0x080076fc   Section        0  own_define_functions.o(i.readbmp)
    i.remove_chain                           0x0800793c   Section        0  ff.o(i.remove_chain)
    remove_chain                             0x0800793d   Thumb Code   110  ff.o(i.remove_chain)
    i.scan_re_entry                          0x080079ac   Section        0  own_define_functions.o(i.scan_re_entry)
    i.st_clust                               0x08007a4c   Section        0  ff.o(i.st_clust)
    st_clust                                 0x08007a4d   Thumb Code    16  ff.o(i.st_clust)
    i.sync_fs                                0x08007a5c   Section        0  ff.o(i.sync_fs)
    sync_fs                                  0x08007a5d   Thumb Code   172  ff.o(i.sync_fs)
    i.sync_window                            0x08007b08   Section        0  ff.o(i.sync_window)
    sync_window                              0x08007b09   Thumb Code    86  ff.o(i.sync_window)
    i.validate                               0x08007b5e   Section        0  ff.o(i.validate)
    validate                                 0x08007b5f   Thumb Code    50  ff.o(i.validate)
    i.verifyPassword                         0x08007b90   Section        0  own_define_functions.o(i.verifyPassword)
    .constdata                               0x08007ccc   Section     1520  lcd_own.o(.constdata)
    .constdata                               0x080082bc   Section       16  system_stm32f1xx.o(.constdata)
    .constdata                               0x080082cc   Section        8  system_stm32f1xx.o(.constdata)
    .constdata                               0x080082d4   Section      172  ff.o(.constdata)
    ExCvt                                    0x080082d4   Data         128  ff.o(.constdata)
    vst                                      0x08008354   Data          22  ff.o(.constdata)
    cst                                      0x0800836a   Data          22  ff.o(.constdata)
    .constdata                               0x08008380   Section       20  sd_diskio.o(.constdata)
    .conststring                             0x08008394   Section      239  own_define_functions.o(.conststring)
    .data                                    0x20000000   Section        8  as608.o(.data)
    .data                                    0x20000008   Section      155  bsp_ov7725.o(.data)
    .data                                    0x200000a8   Section       56  xpt2046.o(.data)
    .data                                    0x200000e0   Section        4  own_define_functions.o(.data)
    .data                                    0x200000e4   Section       96  own_define_functions.o(.data)
    .data                                    0x20000144   Section        4  own_define_functions.o(.data)
    .data                                    0x20000148   Section        1  main.o(.data)
    .data                                    0x2000014a   Section        2  main.o(.data)
    .data                                    0x2000014c   Section        5  fatfs.o(.data)
    .data                                    0x20000154   Section        8  stm32f1xx_hal_msp.o(.data)
    FSMC_Initialized                         0x20000154   Data           4  stm32f1xx_hal_msp.o(.data)
    FSMC_DeInitialized                       0x20000158   Data           4  stm32f1xx_hal_msp.o(.data)
    .data                                    0x2000015c   Section        4  system_stm32f1xx.o(.data)
    .data                                    0x20000160   Section       12  stm32f1xx_hal.o(.data)
    .data                                    0x2000016c   Section        8  ff.o(.data)
    Fsid                                     0x2000016c   Data           2  ff.o(.data)
    FatFs                                    0x20000170   Data           4  ff.o(.data)
    .data                                    0x20000174   Section        1  sd_diskio.o(.data)
    Stat                                     0x20000174   Data           1  sd_diskio.o(.data)
    .bss                                     0x20000178   Section      400  as608.o(.bss)
    .bss                                     0x20000308   Section     8350  own_define_functions.o(.bss)
    .bss                                     0x200023a8   Section      376  main.o(.bss)
    .bss                                     0x20002520   Section       24  ff.o(.bss)
    Files                                    0x20002520   Data          24  ff.o(.bss)
    .bss                                     0x20002538   Section       12  ff_gen_drv.o(.bss)
    STACK                                    0x20002548   Section     1024  startup_stm32f103xe.o(STACK)

    Global Symbols

    Symbol Name                              Value     Ov Type        Size  Object(Section)

    BuildAttributes$$THM_ISAv4$P$D$K$B$S$PE$A:L22UL41UL21$X:L11$S22US41US21$IEEE1$IW$USESV6$~STKCKD$USESV7$~SHL$OTIME$ROPI$EBA8$MICROLIB$REQ8$PRES8$EABIv2 0x00000000   Number         0  anon$$obj.o ABSOLUTE
    __ARM_use_no_argv                        0x00000000   Number         0  main.o ABSOLUTE
    _printf_a                                0x00000000   Number         0  stubs.o ABSOLUTE
    _printf_c                                0x00000000   Number         0  stubs.o ABSOLUTE
    _printf_charcount                        0x00000000   Number         0  stubs.o ABSOLUTE
    _printf_d                                0x00000000   Number         0  stubs.o ABSOLUTE
    _printf_e                                0x00000000   Number         0  stubs.o ABSOLUTE
    _printf_f                                0x00000000   Number         0  stubs.o ABSOLUTE
    _printf_flags                            0x00000000   Number         0  stubs.o ABSOLUTE
    _printf_fp_dec                           0x00000000   Number         0  stubs.o ABSOLUTE
    _printf_fp_hex                           0x00000000   Number         0  stubs.o ABSOLUTE
    _printf_g                                0x00000000   Number         0  stubs.o ABSOLUTE
    _printf_i                                0x00000000   Number         0  stubs.o ABSOLUTE
    _printf_int_dec                          0x00000000   Number         0  stubs.o ABSOLUTE
    _printf_l                                0x00000000   Number         0  stubs.o ABSOLUTE
    _printf_lc                               0x00000000   Number         0  stubs.o ABSOLUTE
    _printf_ll                               0x00000000   Number         0  stubs.o ABSOLUTE
    _printf_lld                              0x00000000   Number         0  stubs.o ABSOLUTE
    _printf_lli                              0x00000000   Number         0  stubs.o ABSOLUTE
    _printf_llo                              0x00000000   Number         0  stubs.o ABSOLUTE
    _printf_llu                              0x00000000   Number         0  stubs.o ABSOLUTE
    _printf_llx                              0x00000000   Number         0  stubs.o ABSOLUTE
    _printf_longlong_dec                     0x00000000   Number         0  stubs.o ABSOLUTE
    _printf_longlong_hex                     0x00000000   Number         0  stubs.o ABSOLUTE
    _printf_longlong_oct                     0x00000000   Number         0  stubs.o ABSOLUTE
    _printf_ls                               0x00000000   Number         0  stubs.o ABSOLUTE
    _printf_mbtowc                           0x00000000   Number         0  stubs.o ABSOLUTE
    _printf_n                                0x00000000   Number         0  stubs.o ABSOLUTE
    _printf_o                                0x00000000   Number         0  stubs.o ABSOLUTE
    _printf_p                                0x00000000   Number         0  stubs.o ABSOLUTE
    _printf_percent                          0x00000000   Number         0  stubs.o ABSOLUTE
    _printf_pre_padding                      0x00000000   Number         0  stubs.o ABSOLUTE
    _printf_return_value                     0x00000000   Number         0  stubs.o ABSOLUTE
    _printf_s                                0x00000000   Number         0  stubs.o ABSOLUTE
    _printf_sizespec                         0x00000000   Number         0  stubs.o ABSOLUTE
    _printf_str                              0x00000000   Number         0  stubs.o ABSOLUTE
    _printf_truncate_signed                  0x00000000   Number         0  stubs.o ABSOLUTE
    _printf_truncate_unsigned                0x00000000   Number         0  stubs.o ABSOLUTE
    _printf_u                                0x00000000   Number         0  stubs.o ABSOLUTE
    _printf_wc                               0x00000000   Number         0  stubs.o ABSOLUTE
    _printf_wctomb                           0x00000000   Number         0  stubs.o ABSOLUTE
    _printf_widthprec                        0x00000000   Number         0  stubs.o ABSOLUTE
    _printf_x                                0x00000000   Number         0  stubs.o ABSOLUTE
    __cpp_initialize__aeabi_                  - Undefined Weak Reference
    __cxa_finalize                            - Undefined Weak Reference
    _clock_init                               - Undefined Weak Reference
    _microlib_exit                            - Undefined Weak Reference
    __Vectors_Size                           0x00000130   Number         0  startup_stm32f103xe.o ABSOLUTE
    __Vectors                                0x08000000   Data           4  startup_stm32f103xe.o(RESET)
    __Vectors_End                            0x08000130   Data           0  startup_stm32f103xe.o(RESET)
    __main                                   0x08000131   Thumb Code     0  entry.o(.ARM.Collect$$$$00000000)
    _main_stk                                0x08000131   Thumb Code     0  entry2.o(.ARM.Collect$$$$00000001)
    _main_scatterload                        0x08000135   Thumb Code     0  entry5.o(.ARM.Collect$$$$00000004)
    __main_after_scatterload                 0x08000139   Thumb Code     0  entry5.o(.ARM.Collect$$$$00000004)
    _main_clock                              0x08000139   Thumb Code     0  entry7b.o(.ARM.Collect$$$$00000008)
    _main_cpp_init                           0x08000139   Thumb Code     0  entry8b.o(.ARM.Collect$$$$0000000A)
    _main_init                               0x08000139   Thumb Code     0  entry9a.o(.ARM.Collect$$$$0000000B)
    __rt_final_cpp                           0x08000141   Thumb Code     0  entry10a.o(.ARM.Collect$$$$0000000D)
    __rt_final_exit                          0x08000141   Thumb Code     0  entry11a.o(.ARM.Collect$$$$0000000F)
    Reset_Handler                            0x08000145   Thumb Code     8  startup_stm32f103xe.o(.text)
    ADC1_2_IRQHandler                        0x0800015f   Thumb Code     0  startup_stm32f103xe.o(.text)
    ADC3_IRQHandler                          0x0800015f   Thumb Code     0  startup_stm32f103xe.o(.text)
    CAN1_RX1_IRQHandler                      0x0800015f   Thumb Code     0  startup_stm32f103xe.o(.text)
    CAN1_SCE_IRQHandler                      0x0800015f   Thumb Code     0  startup_stm32f103xe.o(.text)
    DMA1_Channel1_IRQHandler                 0x0800015f   Thumb Code     0  startup_stm32f103xe.o(.text)
    DMA1_Channel2_IRQHandler                 0x0800015f   Thumb Code     0  startup_stm32f103xe.o(.text)
    DMA1_Channel3_IRQHandler                 0x0800015f   Thumb Code     0  startup_stm32f103xe.o(.text)
    DMA1_Channel4_IRQHandler                 0x0800015f   Thumb Code     0  startup_stm32f103xe.o(.text)
    DMA1_Channel5_IRQHandler                 0x0800015f   Thumb Code     0  startup_stm32f103xe.o(.text)
    DMA1_Channel6_IRQHandler                 0x0800015f   Thumb Code     0  startup_stm32f103xe.o(.text)
    DMA1_Channel7_IRQHandler                 0x0800015f   Thumb Code     0  startup_stm32f103xe.o(.text)
    DMA2_Channel1_IRQHandler                 0x0800015f   Thumb Code     0  startup_stm32f103xe.o(.text)
    DMA2_Channel2_IRQHandler                 0x0800015f   Thumb Code     0  startup_stm32f103xe.o(.text)
    DMA2_Channel3_IRQHandler                 0x0800015f   Thumb Code     0  startup_stm32f103xe.o(.text)
    DMA2_Channel4_5_IRQHandler               0x0800015f   Thumb Code     0  startup_stm32f103xe.o(.text)
    EXTI0_IRQHandler                         0x0800015f   Thumb Code     0  startup_stm32f103xe.o(.text)
    EXTI15_10_IRQHandler                     0x0800015f   Thumb Code     0  startup_stm32f103xe.o(.text)
    EXTI2_IRQHandler                         0x0800015f   Thumb Code     0  startup_stm32f103xe.o(.text)
    FLASH_IRQHandler                         0x0800015f   Thumb Code     0  startup_stm32f103xe.o(.text)
    FSMC_IRQHandler                          0x0800015f   Thumb Code     0  startup_stm32f103xe.o(.text)
    I2C1_ER_IRQHandler                       0x0800015f   Thumb Code     0  startup_stm32f103xe.o(.text)
    I2C1_EV_IRQHandler                       0x0800015f   Thumb Code     0  startup_stm32f103xe.o(.text)
    I2C2_ER_IRQHandler                       0x0800015f   Thumb Code     0  startup_stm32f103xe.o(.text)
    I2C2_EV_IRQHandler                       0x0800015f   Thumb Code     0  startup_stm32f103xe.o(.text)
    PVD_IRQHandler                           0x0800015f   Thumb Code     0  startup_stm32f103xe.o(.text)
    RCC_IRQHandler                           0x0800015f   Thumb Code     0  startup_stm32f103xe.o(.text)
    RTC_Alarm_IRQHandler                     0x0800015f   Thumb Code     0  startup_stm32f103xe.o(.text)
    RTC_IRQHandler                           0x0800015f   Thumb Code     0  startup_stm32f103xe.o(.text)
    SDIO_IRQHandler                          0x0800015f   Thumb Code     0  startup_stm32f103xe.o(.text)
    SPI1_IRQHandler                          0x0800015f   Thumb Code     0  startup_stm32f103xe.o(.text)
    SPI2_IRQHandler                          0x0800015f   Thumb Code     0  startup_stm32f103xe.o(.text)
    SPI3_IRQHandler                          0x0800015f   Thumb Code     0  startup_stm32f103xe.o(.text)
    TAMPER_IRQHandler                        0x0800015f   Thumb Code     0  startup_stm32f103xe.o(.text)
    TIM1_BRK_IRQHandler                      0x0800015f   Thumb Code     0  startup_stm32f103xe.o(.text)
    TIM1_CC_IRQHandler                       0x0800015f   Thumb Code     0  startup_stm32f103xe.o(.text)
    TIM1_TRG_COM_IRQHandler                  0x0800015f   Thumb Code     0  startup_stm32f103xe.o(.text)
    TIM1_UP_IRQHandler                       0x0800015f   Thumb Code     0  startup_stm32f103xe.o(.text)
    TIM2_IRQHandler                          0x0800015f   Thumb Code     0  startup_stm32f103xe.o(.text)
    TIM3_IRQHandler                          0x0800015f   Thumb Code     0  startup_stm32f103xe.o(.text)
    TIM4_IRQHandler                          0x0800015f   Thumb Code     0  startup_stm32f103xe.o(.text)
    TIM5_IRQHandler                          0x0800015f   Thumb Code     0  startup_stm32f103xe.o(.text)
    TIM6_IRQHandler                          0x0800015f   Thumb Code     0  startup_stm32f103xe.o(.text)
    TIM7_IRQHandler                          0x0800015f   Thumb Code     0  startup_stm32f103xe.o(.text)
    TIM8_BRK_IRQHandler                      0x0800015f   Thumb Code     0  startup_stm32f103xe.o(.text)
    TIM8_CC_IRQHandler                       0x0800015f   Thumb Code     0  startup_stm32f103xe.o(.text)
    TIM8_TRG_COM_IRQHandler                  0x0800015f   Thumb Code     0  startup_stm32f103xe.o(.text)
    TIM8_UP_IRQHandler                       0x0800015f   Thumb Code     0  startup_stm32f103xe.o(.text)
    UART4_IRQHandler                         0x0800015f   Thumb Code     0  startup_stm32f103xe.o(.text)
    UART5_IRQHandler                         0x0800015f   Thumb Code     0  startup_stm32f103xe.o(.text)
    USART1_IRQHandler                        0x0800015f   Thumb Code     0  startup_stm32f103xe.o(.text)
    USART2_IRQHandler                        0x0800015f   Thumb Code     0  startup_stm32f103xe.o(.text)
    USART3_IRQHandler                        0x0800015f   Thumb Code     0  startup_stm32f103xe.o(.text)
    USBWakeUp_IRQHandler                     0x0800015f   Thumb Code     0  startup_stm32f103xe.o(.text)
    USB_HP_CAN1_TX_IRQHandler                0x0800015f   Thumb Code     0  startup_stm32f103xe.o(.text)
    USB_LP_CAN1_RX0_IRQHandler               0x0800015f   Thumb Code     0  startup_stm32f103xe.o(.text)
    WWDG_IRQHandler                          0x0800015f   Thumb Code     0  startup_stm32f103xe.o(.text)
    __aeabi_llsr                             0x08000169   Thumb Code    32  llushr.o(.text)
    _ll_ushift_r                             0x08000169   Thumb Code     0  llushr.o(.text)
    __aeabi_memcpy                           0x08000189   Thumb Code    36  memcpya.o(.text)
    __aeabi_memcpy4                          0x08000189   Thumb Code     0  memcpya.o(.text)
    __aeabi_memcpy8                          0x08000189   Thumb Code     0  memcpya.o(.text)
    __aeabi_memset                           0x080001ad   Thumb Code    14  memseta.o(.text)
    __aeabi_memset4                          0x080001ad   Thumb Code     0  memseta.o(.text)
    __aeabi_memset8                          0x080001ad   Thumb Code     0  memseta.o(.text)
    __aeabi_memclr                           0x080001bb   Thumb Code     4  memseta.o(.text)
    __aeabi_memclr4                          0x080001bb   Thumb Code     0  memseta.o(.text)
    __aeabi_memclr8                          0x080001bb   Thumb Code     0  memseta.o(.text)
    _memset$wrapper                          0x080001bf   Thumb Code    18  memseta.o(.text)
    strstr                                   0x080001d1   Thumb Code    36  strstr.o(.text)
    strlen                                   0x080001f5   Thumb Code    14  strlen.o(.text)
    memcmp                                   0x08000203   Thumb Code    26  memcmp.o(.text)
    strncmp                                  0x0800021d   Thumb Code    30  strncmp.o(.text)
    __aeabi_dadd                             0x0800023b   Thumb Code   322  dadd.o(.text)
    __aeabi_dsub                             0x0800037d   Thumb Code     6  dadd.o(.text)
    __aeabi_drsub                            0x08000383   Thumb Code     6  dadd.o(.text)
    __aeabi_dmul                             0x08000389   Thumb Code   228  dmul.o(.text)
    __aeabi_ddiv                             0x0800046d   Thumb Code   222  ddiv.o(.text)
    __aeabi_i2d                              0x0800054b   Thumb Code    34  dflti.o(.text)
    __aeabi_ui2d                             0x0800056d   Thumb Code    26  dfltui.o(.text)
    __aeabi_d2uiz                            0x08000587   Thumb Code    50  dfixui.o(.text)
    __aeabi_cdcmpeq                          0x080005b9   Thumb Code     0  cdcmple.o(.text)
    __aeabi_cdcmple                          0x080005b9   Thumb Code    48  cdcmple.o(.text)
    __aeabi_uldivmod                         0x080005e9   Thumb Code    98  uldiv.o(.text)
    __aeabi_llsl                             0x0800064b   Thumb Code    30  llshl.o(.text)
    _ll_shift_l                              0x0800064b   Thumb Code     0  llshl.o(.text)
    __aeabi_lasr                             0x08000669   Thumb Code    36  llsshr.o(.text)
    _ll_sshift_r                             0x08000669   Thumb Code     0  llsshr.o(.text)
    __I$use$fp                               0x0800068d   Thumb Code     0  iusefp.o(.text)
    _double_round                            0x0800068d   Thumb Code    30  depilogue.o(.text)
    _double_epilogue                         0x080006ab   Thumb Code   156  depilogue.o(.text)
    __scatterload                            0x08000749   Thumb Code    28  init.o(.text)
    __scatterload_rt2                        0x08000749   Thumb Code     0  init.o(.text)
    __decompress                             0x0800076d   Thumb Code     0  __dczerorl2.o(.text)
    __decompress1                            0x0800076d   Thumb Code    86  __dczerorl2.o(.text)
    ADC_ConversionStop_Disable               0x080007c3   Thumb Code    82  stm32f1xx_hal_adc.o(i.ADC_ConversionStop_Disable)
    ADC_Enable                               0x08000815   Thumb Code   118  stm32f1xx_hal_adc.o(i.ADC_Enable)
    BSP_SD_GetCardInfo                       0x08000895   Thumb Code     8  bsp_driver_sd.o(i.BSP_SD_GetCardInfo)
    BSP_SD_GetCardState                      0x080008a1   Thumb Code    20  bsp_driver_sd.o(i.BSP_SD_GetCardState)
    BSP_SD_Init                              0x080008b9   Thumb Code    48  bsp_driver_sd.o(i.BSP_SD_Init)
    BSP_SD_ReadBlocks                        0x080008ed   Thumb Code    26  bsp_driver_sd.o(i.BSP_SD_ReadBlocks)
    BSP_SD_WriteBlocks                       0x0800090d   Thumb Code    26  bsp_driver_sd.o(i.BSP_SD_WriteBlocks)
    BusFault_Handler                         0x0800092d   Thumb Code     2  stm32f1xx_it.o(i.BusFault_Handler)
    CO_detect                                0x08000931   Thumb Code   180  own_define_functions.o(i.CO_detect)
    DebugMon_Handler                         0x08000a2d   Thumb Code     2  stm32f1xx_it.o(i.DebugMon_Handler)
    Del_FR                                   0x08000a31   Thumb Code    52  as608.o(i.Del_FR)
    Delay                                    0x08000a75   Thumb Code    16  lcd_own.o(i.Delay)
    EXTI1_IRQHandler                         0x08000a85   Thumb Code    50  stm32f1xx_it.o(i.EXTI1_IRQHandler)
    EXTI3_IRQHandler                         0x08000ad1   Thumb Code    74  stm32f1xx_it.o(i.EXTI3_IRQHandler)
    EXTI4_IRQHandler                         0x08000b2d   Thumb Code    36  stm32f1xx_it.o(i.EXTI4_IRQHandler)
    EXTI9_5_IRQHandler                       0x08000b59   Thumb Code   554  stm32f1xx_it.o(i.EXTI9_5_IRQHandler)
    FATFS_LinkDriver                         0x08000f2d   Thumb Code     6  ff_gen_drv.o(i.FATFS_LinkDriver)
    FATFS_LinkDriverEx                       0x08000f35   Thumb Code    66  ff_gen_drv.o(i.FATFS_LinkDriverEx)
    FSMC_NORSRAM_Extended_Timing_Init        0x08000f7d   Thumb Code    76  stm32f1xx_ll_fsmc.o(i.FSMC_NORSRAM_Extended_Timing_Init)
    FSMC_NORSRAM_Init                        0x08000fcd   Thumb Code   238  stm32f1xx_ll_fsmc.o(i.FSMC_NORSRAM_Init)
    FSMC_NORSRAM_Timing_Init                 0x080010c1   Thumb Code    80  stm32f1xx_ll_fsmc.o(i.FSMC_NORSRAM_Timing_Init)
    HAL_ADCEx_Calibration_Start              0x08001111   Thumb Code   244  stm32f1xx_hal_adc_ex.o(i.HAL_ADCEx_Calibration_Start)
    HAL_ADC_ConfigChannel                    0x08001209   Thumb Code   288  stm32f1xx_hal_adc.o(i.HAL_ADC_ConfigChannel)
    HAL_ADC_GetValue                         0x08001331   Thumb Code     6  stm32f1xx_hal_adc.o(i.HAL_ADC_GetValue)
    HAL_ADC_Init                             0x08001339   Thumb Code   314  stm32f1xx_hal_adc.o(i.HAL_ADC_Init)
    HAL_ADC_MspInit                          0x0800147d   Thumb Code    76  stm32f1xx_hal_msp.o(i.HAL_ADC_MspInit)
    HAL_ADC_PollForConversion                0x080014d5   Thumb Code   348  stm32f1xx_hal_adc.o(i.HAL_ADC_PollForConversion)
    HAL_ADC_Start                            0x0800163d   Thumb Code   218  stm32f1xx_hal_adc.o(i.HAL_ADC_Start)
    HAL_Delay                                0x08001721   Thumb Code    34  stm32f1xx_hal.o(i.HAL_Delay)
    HAL_GPIO_EXTI_Callback                   0x080017b1   Thumb Code     2  stm32f1xx_hal_gpio.o(i.HAL_GPIO_EXTI_Callback)
    HAL_GPIO_EXTI_IRQHandler                 0x080017b5   Thumb Code    18  stm32f1xx_hal_gpio.o(i.HAL_GPIO_EXTI_IRQHandler)
    HAL_GPIO_Init                            0x080017cd   Thumb Code   512  stm32f1xx_hal_gpio.o(i.HAL_GPIO_Init)
    HAL_GPIO_ReadPin                         0x080019d9   Thumb Code    14  stm32f1xx_hal_gpio.o(i.HAL_GPIO_ReadPin)
    HAL_GPIO_WritePin                        0x080019e7   Thumb Code    14  stm32f1xx_hal_gpio.o(i.HAL_GPIO_WritePin)
    HAL_GetTick                              0x080019f5   Thumb Code     6  stm32f1xx_hal.o(i.HAL_GetTick)
    HAL_IncTick                              0x08001a01   Thumb Code    12  stm32f1xx_hal.o(i.HAL_IncTick)
    HAL_Init                                 0x08001a11   Thumb Code    32  stm32f1xx_hal.o(i.HAL_Init)
    HAL_InitTick                             0x08001a35   Thumb Code    58  stm32f1xx_hal.o(i.HAL_InitTick)
    HAL_MspInit                              0x08001a79   Thumb Code    52  stm32f1xx_hal_msp.o(i.HAL_MspInit)
    HAL_NVIC_EnableIRQ                       0x08001ab5   Thumb Code    24  stm32f1xx_hal_cortex.o(i.HAL_NVIC_EnableIRQ)
    HAL_NVIC_SetPriority                     0x08001acd   Thumb Code    98  stm32f1xx_hal_cortex.o(i.HAL_NVIC_SetPriority)
    HAL_NVIC_SetPriorityGrouping             0x08001b35   Thumb Code    30  stm32f1xx_hal_cortex.o(i.HAL_NVIC_SetPriorityGrouping)
    HAL_RCCEx_GetPeriphCLKFreq               0x08001b59   Thumb Code   246  stm32f1xx_hal_rcc_ex.o(i.HAL_RCCEx_GetPeriphCLKFreq)
    HAL_RCCEx_PeriphCLKConfig                0x08001c75   Thumb Code   290  stm32f1xx_hal_rcc_ex.o(i.HAL_RCCEx_PeriphCLKConfig)
    HAL_RCC_ClockConfig                      0x08001da5   Thumb Code   426  stm32f1xx_hal_rcc.o(i.HAL_RCC_ClockConfig)
    HAL_RCC_GetHCLKFreq                      0x08001f61   Thumb Code     6  stm32f1xx_hal_rcc.o(i.HAL_RCC_GetHCLKFreq)
    HAL_RCC_GetPCLK1Freq                     0x08001f6d   Thumb Code    22  stm32f1xx_hal_rcc.o(i.HAL_RCC_GetPCLK1Freq)
    HAL_RCC_GetPCLK2Freq                     0x08001f8d   Thumb Code    22  stm32f1xx_hal_rcc.o(i.HAL_RCC_GetPCLK2Freq)
    HAL_RCC_GetSysClockFreq                  0x08001fad   Thumb Code    88  stm32f1xx_hal_rcc.o(i.HAL_RCC_GetSysClockFreq)
    HAL_RCC_OscConfig                        0x08002025   Thumb Code  1024  stm32f1xx_hal_rcc.o(i.HAL_RCC_OscConfig)
    HAL_SD_ConfigWideBusOperation            0x08002425   Thumb Code   170  stm32f1xx_hal_sd.o(i.HAL_SD_ConfigWideBusOperation)
    HAL_SD_GetCardCSD                        0x080024cf   Thumb Code   508  stm32f1xx_hal_sd.o(i.HAL_SD_GetCardCSD)
    HAL_SD_GetCardInfo                       0x080026cb   Thumb Code    36  stm32f1xx_hal_sd.o(i.HAL_SD_GetCardInfo)
    HAL_SD_GetCardState                      0x080026ef   Thumb Code    32  stm32f1xx_hal_sd.o(i.HAL_SD_GetCardState)
    HAL_SD_Init                              0x0800270f   Thumb Code    56  stm32f1xx_hal_sd.o(i.HAL_SD_Init)
    HAL_SD_InitCard                          0x08002749   Thumb Code   114  stm32f1xx_hal_sd.o(i.HAL_SD_InitCard)
    HAL_SD_MspInit                           0x080027c1   Thumb Code   114  stm32f1xx_hal_msp.o(i.HAL_SD_MspInit)
    HAL_SD_ReadBlocks                        0x08002845   Thumb Code   586  stm32f1xx_hal_sd.o(i.HAL_SD_ReadBlocks)
    HAL_SD_WriteBlocks                       0x08002a8f   Thumb Code   520  stm32f1xx_hal_sd.o(i.HAL_SD_WriteBlocks)
    HAL_SRAM_Init                            0x08002c97   Thumb Code    88  stm32f1xx_hal_sram.o(i.HAL_SRAM_Init)
    HAL_SRAM_MspInit                         0x08002cef   Thumb Code     4  stm32f1xx_hal_msp.o(i.HAL_SRAM_MspInit)
    HAL_SYSTICK_Config                       0x08002cf5   Thumb Code    36  stm32f1xx_hal_cortex.o(i.HAL_SYSTICK_Config)
    HAL_UART_Init                            0x08002d1d   Thumb Code   100  stm32f1xx_hal_uart.o(i.HAL_UART_Init)
    HAL_UART_MspInit                         0x08002d81   Thumb Code   156  stm32f1xx_hal_msp.o(i.HAL_UART_MspInit)
    HAL_UART_Receive                         0x08002e2d   Thumb Code   226  stm32f1xx_hal_uart.o(i.HAL_UART_Receive)
    HAL_UART_Transmit                        0x08002f0f   Thumb Code   220  stm32f1xx_hal_uart.o(i.HAL_UART_Transmit)
    HardFault_Handler                        0x08002feb   Thumb Code     2  stm32f1xx_it.o(i.HardFault_Handler)
    LCD_BackLed_Control                      0x08003059   Thumb Code    20  lcd_own.o(i.LCD_BackLed_Control)
    LCD_Cam_Gram                             0x08003071   Thumb Code    52  lcd_own.o(i.LCD_Cam_Gram)
    LCD_Clear                                0x080030a9   Thumb Code    26  lcd_own.o(i.LCD_Clear)
    LCD_DrawChar                             0x080030c5   Thumb Code    70  lcd_own.o(i.LCD_DrawChar)
    LCD_DrawChar_Color                       0x08003115   Thumb Code    68  lcd_own.o(i.LCD_DrawChar_Color)
    LCD_DrawCross                            0x08003161   Thumb Code    42  lcd_own.o(i.LCD_DrawCross)
    LCD_DrawString                           0x0800318d   Thumb Code    64  lcd_own.o(i.LCD_DrawString)
    LCD_DrawString_Color                     0x080031cd   Thumb Code    80  lcd_own.o(i.LCD_DrawString_Color)
    LCD_FillColor                            0x0800321d   Thumb Code    24  lcd_own.o(i.LCD_FillColor)
    LCD_GramScan                             0x08003239   Thumb Code   132  lcd_own.o(i.LCD_GramScan)
    LCD_INIT                                 0x080032c1   Thumb Code    38  lcd_own.o(i.LCD_INIT)
    LCD_OpenWindow                           0x080032e9   Thumb Code    58  lcd_own.o(i.LCD_OpenWindow)
    LCD_REG_Config                           0x08003329   Thumb Code   368  lcd_own.o(i.LCD_REG_Config)
    LCD_Rst                                  0x080034a1   Thumb Code    42  lcd_own.o(i.LCD_Rst)
    LCD_Write_Data                           0x080034d5   Thumb Code     6  lcd_own.o(i.LCD_Write_Data)
    LCD_homepage                             0x080034e1   Thumb Code   152  lcd_own.o(i.LCD_homepage)
    MX_FATFS_Init                            0x0800363d   Thumb Code    18  fatfs.o(i.MX_FATFS_Init)
    MemManage_Handler                        0x08003955   Thumb Code     2  stm32f1xx_it.o(i.MemManage_Handler)
    NMI_Handler                              0x08003957   Thumb Code     2  stm32f1xx_it.o(i.NMI_Handler)
    Ov7725_Init                              0x08003959   Thumb Code    84  bsp_ov7725.o(i.Ov7725_Init)
    PS_DeletChar                             0x080039b1   Thumb Code    94  as608.o(i.PS_DeletChar)
    PS_Empty                                 0x08003a0f   Thumb Code    52  as608.o(i.PS_Empty)
    PS_GenChar                               0x08003a43   Thumb Code    60  as608.o(i.PS_GenChar)
    PS_GetImage                              0x08003a7f   Thumb Code    52  as608.o(i.PS_GetImage)
    PS_HighSpeedSearch                       0x08003ab3   Thumb Code   132  as608.o(i.PS_HighSpeedSearch)
    PS_Match                                 0x08003b37   Thumb Code    52  as608.o(i.PS_Match)
    PS_RegModel                              0x08003b6b   Thumb Code    52  as608.o(i.PS_RegModel)
    PS_StoreChar                             0x08003b9f   Thumb Code    82  as608.o(i.PS_StoreChar)
    PendSV_Handler                           0x08003bf1   Thumb Code     2  stm32f1xx_it.o(i.PendSV_Handler)
    SCCB_ReadByte                            0x08003c19   Thumb Code   200  bsp_sccb.o(i.SCCB_ReadByte)
    SCCB_WriteByte                           0x08003dc5   Thumb Code    62  bsp_sccb.o(i.SCCB_WriteByte)
    SDIO_ConfigData                          0x08003e11   Thumb Code    36  stm32f1xx_ll_sdmmc.o(i.SDIO_ConfigData)
    SDIO_GetCommandResponse                  0x08003e35   Thumb Code     6  stm32f1xx_ll_sdmmc.o(i.SDIO_GetCommandResponse)
    SDIO_GetPowerState                       0x08003e3b   Thumb Code     8  stm32f1xx_ll_sdmmc.o(i.SDIO_GetPowerState)
    SDIO_GetResponse                         0x08003e43   Thumb Code    16  stm32f1xx_ll_sdmmc.o(i.SDIO_GetResponse)
    SDIO_Init                                0x08003e53   Thumb Code    44  stm32f1xx_ll_sdmmc.o(i.SDIO_Init)
    SDIO_PowerState_ON                       0x08003e7f   Thumb Code     8  stm32f1xx_ll_sdmmc.o(i.SDIO_PowerState_ON)
    SDIO_ReadFIFO                            0x08003e87   Thumb Code     6  stm32f1xx_ll_sdmmc.o(i.SDIO_ReadFIFO)
    SDIO_SendCommand                         0x08003e8d   Thumb Code    32  stm32f1xx_ll_sdmmc.o(i.SDIO_SendCommand)
    SDIO_WriteFIFO                           0x08003ead   Thumb Code    10  stm32f1xx_ll_sdmmc.o(i.SDIO_WriteFIFO)
    SDMMC_CmdAppCommand                      0x08003eb7   Thumb Code    50  stm32f1xx_ll_sdmmc.o(i.SDMMC_CmdAppCommand)
    SDMMC_CmdAppOperCommand                  0x08003ee9   Thumb Code    52  stm32f1xx_ll_sdmmc.o(i.SDMMC_CmdAppOperCommand)
    SDMMC_CmdBlockLength                     0x08003f1d   Thumb Code    50  stm32f1xx_ll_sdmmc.o(i.SDMMC_CmdBlockLength)
    SDMMC_CmdBusWidth                        0x08003f4f   Thumb Code    50  stm32f1xx_ll_sdmmc.o(i.SDMMC_CmdBusWidth)
    SDMMC_CmdGoIdleState                     0x08003f81   Thumb Code    40  stm32f1xx_ll_sdmmc.o(i.SDMMC_CmdGoIdleState)
    SDMMC_CmdOperCond                        0x08003fa9   Thumb Code    48  stm32f1xx_ll_sdmmc.o(i.SDMMC_CmdOperCond)
    SDMMC_CmdReadMultiBlock                  0x08003fd9   Thumb Code    50  stm32f1xx_ll_sdmmc.o(i.SDMMC_CmdReadMultiBlock)
    SDMMC_CmdReadSingleBlock                 0x0800400b   Thumb Code    50  stm32f1xx_ll_sdmmc.o(i.SDMMC_CmdReadSingleBlock)
    SDMMC_CmdSelDesel                        0x0800403d   Thumb Code    50  stm32f1xx_ll_sdmmc.o(i.SDMMC_CmdSelDesel)
    SDMMC_CmdSendCID                         0x0800406f   Thumb Code    44  stm32f1xx_ll_sdmmc.o(i.SDMMC_CmdSendCID)
    SDMMC_CmdSendCSD                         0x0800409b   Thumb Code    44  stm32f1xx_ll_sdmmc.o(i.SDMMC_CmdSendCSD)
    SDMMC_CmdSendSCR                         0x080040c7   Thumb Code    48  stm32f1xx_ll_sdmmc.o(i.SDMMC_CmdSendSCR)
    SDMMC_CmdSendStatus                      0x080040f7   Thumb Code    50  stm32f1xx_ll_sdmmc.o(i.SDMMC_CmdSendStatus)
    SDMMC_CmdSetRelAdd                       0x08004129   Thumb Code    58  stm32f1xx_ll_sdmmc.o(i.SDMMC_CmdSetRelAdd)
    SDMMC_CmdStopTransfer                    0x08004165   Thumb Code    46  stm32f1xx_ll_sdmmc.o(i.SDMMC_CmdStopTransfer)
    SDMMC_CmdWriteMultiBlock                 0x08004199   Thumb Code    50  stm32f1xx_ll_sdmmc.o(i.SDMMC_CmdWriteMultiBlock)
    SDMMC_CmdWriteSingleBlock                0x080041cb   Thumb Code    50  stm32f1xx_ll_sdmmc.o(i.SDMMC_CmdWriteSingleBlock)
    SD_initialize                            0x080048a9   Thumb Code    26  sd_diskio.o(i.SD_initialize)
    SD_ioctl                                 0x080048c9   Thumb Code    96  sd_diskio.o(i.SD_ioctl)
    SD_read                                  0x0800492d   Thumb Code    48  sd_diskio.o(i.SD_read)
    SD_status                                0x08004965   Thumb Code    26  sd_diskio.o(i.SD_status)
    SD_write                                 0x08004985   Thumb Code    48  sd_diskio.o(i.SD_write)
    SVC_Handler                              0x080049bd   Thumb Code     2  stm32f1xx_it.o(i.SVC_Handler)
    SysTick_Handler                          0x08004a2d   Thumb Code     4  stm32f1xx_it.o(i.SysTick_Handler)
    SystemClock_Config                       0x08004a31   Thumb Code    98  main.o(i.SystemClock_Config)
    SystemInit                               0x08004a95   Thumb Code    56  system_stm32f1xx.o(i.SystemInit)
    UsageFault_Handler                       0x08004d09   Thumb Code     2  stm32f1xx_it.o(i.UsageFault_Handler)
    XPT2046_Get_TouchedPoint                 0x08004e6d   Thumb Code   150  xpt2046.o(i.XPT2046_Get_TouchedPoint)
    XPT2046_Touch_Calibrate                  0x08005099   Thumb Code   660  xpt2046.o(i.XPT2046_Touch_Calibrate)
    __0sprintf$5                             0x080053e9   Thumb Code    34  printf5.o(i.__0sprintf$5)
    __1sprintf$5                             0x080053e9   Thumb Code     0  printf5.o(i.__0sprintf$5)
    __2sprintf                               0x080053e9   Thumb Code     0  printf5.o(i.__0sprintf$5)
    __scatterload_copy                       0x08005411   Thumb Code    14  handlers.o(i.__scatterload_copy)
    __scatterload_null                       0x0800541f   Thumb Code     2  handlers.o(i.__scatterload_null)
    __scatterload_zeroinit                   0x08005421   Thumb Code    14  handlers.o(i.__scatterload_zeroinit)
    check_homepage                           0x0800578d   Thumb Code   242  own_define_functions.o(i.check_homepage)
    clust2sect                               0x08005a0f   Thumb Code    28  ff.o(i.clust2sect)
    delete_ALL                               0x08005c3d   Thumb Code    54  as608.o(i.delete_ALL)
    disk_initialize                          0x08005f71   Thumb Code    38  diskio.o(i.disk_initialize)
    disk_ioctl                               0x08005f9d   Thumb Code    22  diskio.o(i.disk_ioctl)
    disk_read                                0x08005fb9   Thumb Code    28  diskio.o(i.disk_read)
    disk_status                              0x08005fd9   Thumb Code    18  diskio.o(i.disk_status)
    disk_write                               0x08005ff1   Thumb Code    28  diskio.o(i.disk_write)
    enterPassword                            0x08006039   Thumb Code   160  own_define_functions.o(i.enterPassword)
    f_close                                  0x08006121   Thumb Code    44  ff.o(i.f_close)
    f_mount                                  0x0800614d   Thumb Code   106  ff.o(i.f_mount)
    f_open                                   0x080061bd   Thumb Code   488  ff.o(i.f_open)
    f_read                                   0x080063a5   Thumb Code   434  ff.o(i.f_read)
    f_sync                                   0x08006557   Thumb Code   174  ff.o(i.f_sync)
    f_write                                  0x08006605   Thumb Code   496  ff.o(i.f_write)
    get_fat                                  0x08006c13   Thumb Code   252  ff.o(i.get_fat)
    get_fattime                              0x08006d0f   Thumb Code     4  fatfs.o(i.get_fattime)
    main                                     0x08006e35   Thumb Code   388  main.o(i.main)
    newbmp                                   0x080070b1   Thumb Code   316  own_define_functions.o(i.newbmp)
    press_FR                                 0x08007215   Thumb Code   234  as608.o(i.press_FR)
    put_fat                                  0x08007391   Thumb Code   308  ff.o(i.put_fat)
    read_keypad                              0x080074c5   Thumb Code   556  own_define_functions.o(i.read_keypad)
    readbmp                                  0x080076fd   Thumb Code   406  own_define_functions.o(i.readbmp)
    scan_re_entry                            0x080079ad   Thumb Code   120  own_define_functions.o(i.scan_re_entry)
    verifyPassword                           0x08007b91   Thumb Code   182  own_define_functions.o(i.verifyPassword)
    ucAscii_1608                             0x08007ccc   Data        1520  lcd_own.o(.constdata)
    AHBPrescTable                            0x080082bc   Data          16  system_stm32f1xx.o(.constdata)
    APBPrescTable                            0x080082cc   Data           8  system_stm32f1xx.o(.constdata)
    SD_Driver                                0x08008380   Data          20  sd_diskio.o(.constdata)
    Region$$Table$$Base                      0x08008484   Number         0  anon$$obj.o(Region$$Table)
    Region$$Table$$Limit                     0x080084a4   Number         0  anon$$obj.o(Region$$Table)
    USART1_RX_STA                            0x20000000   Data           2  as608.o(.data)
    AS608Addr                                0x20000004   Data           4  as608.o(.data)
    OV7725_REG_NUM                           0x20000008   Data           1  bsp_ov7725.o(.data)
    Sensor_Config                            0x20000009   Data         154  bsp_ov7725.o(.data)
    ucXPT2046_TouchFlag                      0x200000a8   Data           1  xpt2046.o(.data)
    strXPT2046_TouchPara                     0x200000b0   Data          48  xpt2046.o(.data)
    door_status                              0x200000e0   Data           4  own_define_functions.o(.data)
    Ov7725_vsync                             0x200000e4   Data           1  own_define_functions.o(.data)
    key_read                                 0x200000e5   Data           1  own_define_functions.o(.data)
    delete_finger                            0x200000e6   Data           2  own_define_functions.o(.data)
    photoNum                                 0x200000e8   Data           4  own_define_functions.o(.data)
    re_entry                                 0x200000ec   Data           4  own_define_functions.o(.data)
    password                                 0x200000f0   Data           4  own_define_functions.o(.data)
    numberofbytes                            0x200000f4   Data           4  own_define_functions.o(.data)
    readPhotoPath                            0x200000f8   Data          76  own_define_functions.o(.data)
    password_enter                           0x20000144   Data           4  own_define_functions.o(.data)
    FR_state                                 0x20000148   Data           1  main.o(.data)
    current_id                               0x2000014a   Data           2  main.o(.data)
    retSD                                    0x2000014c   Data           1  fatfs.o(.data)
    SDPath                                   0x2000014d   Data           4  fatfs.o(.data)
    SystemCoreClock                          0x2000015c   Data           4  system_stm32f1xx.o(.data)
    uwTickFreq                               0x20000160   Data           1  stm32f1xx_hal.o(.data)
    uwTickPrio                               0x20000164   Data           4  stm32f1xx_hal.o(.data)
    uwTick                                   0x20000168   Data           4  stm32f1xx_hal.o(.data)
    USART1_RX_BUF                            0x20000178   Data         400  as608.o(.bss)
    photoFATFS                               0x20000308   Data        4144  own_define_functions.o(.bss)
    photoFILE                                0x20001338   Data        4140  own_define_functions.o(.bss)
    bmp                                      0x20002364   Data          66  own_define_functions.o(.bss)
    hadc1                                    0x200023a8   Data          48  main.o(.bss)
    hsd                                      0x200023d8   Data         132  main.o(.bss)
    huart1                                   0x2000245c   Data          64  main.o(.bss)
    huart2                                   0x2000249c   Data          64  main.o(.bss)
    hsram1                                   0x200024dc   Data          68  main.o(.bss)
    disk                                     0x20002538   Data          12  ff_gen_drv.o(.bss)
    __initial_sp                             0x20002948   Data           0  startup_stm32f103xe.o(STACK)



==============================================================================

Memory Map of the image

  Image Entry point : 0x08000131

  Load Region LR_IROM1 (Base: 0x08000000, Size: 0x0000861c, Max: 0x00080000, ABSOLUTE, COMPRESSED[0x000085c4])

    Execution Region ER_IROM1 (Base: 0x08000000, Size: 0x000084a4, Max: 0x00080000, ABSOLUTE)

    Base Addr    Size         Type   Attr      Idx    E Section Name        Object

    0x08000000   0x00000130   Data   RO            3    RESET               startup_stm32f103xe.o
    0x08000130   0x00000000   Code   RO         4108  * .ARM.Collect$$$$00000000  mc_w.l(entry.o)
    0x08000130   0x00000004   Code   RO         4402    .ARM.Collect$$$$00000001  mc_w.l(entry2.o)
    0x08000134   0x00000004   Code   RO         4405    .ARM.Collect$$$$00000004  mc_w.l(entry5.o)
    0x08000138   0x00000000   Code   RO         4407    .ARM.Collect$$$$00000008  mc_w.l(entry7b.o)
    0x08000138   0x00000000   Code   RO         4409    .ARM.Collect$$$$0000000A  mc_w.l(entry8b.o)
    0x08000138   0x00000008   Code   RO         4410    .ARM.Collect$$$$0000000B  mc_w.l(entry9a.o)
    0x08000140   0x00000000   Code   RO         4412    .ARM.Collect$$$$0000000D  mc_w.l(entry10a.o)
    0x08000140   0x00000000   Code   RO         4414    .ARM.Collect$$$$0000000F  mc_w.l(entry11a.o)
    0x08000140   0x00000004   Code   RO         4403    .ARM.Collect$$$$00002712  mc_w.l(entry2.o)
    0x08000144   0x00000024   Code   RO            4    .text               startup_stm32f103xe.o
    0x08000168   0x00000020   Code   RO         4111    .text               mc_w.l(llushr.o)
    0x08000188   0x00000024   Code   RO         4113    .text               mc_w.l(memcpya.o)
    0x080001ac   0x00000024   Code   RO         4115    .text               mc_w.l(memseta.o)
    0x080001d0   0x00000024   Code   RO         4117    .text               mc_w.l(strstr.o)
    0x080001f4   0x0000000e   Code   RO         4119    .text               mc_w.l(strlen.o)
    0x08000202   0x0000001a   Code   RO         4121    .text               mc_w.l(memcmp.o)
    0x0800021c   0x0000001e   Code   RO         4123    .text               mc_w.l(strncmp.o)
    0x0800023a   0x0000014e   Code   RO         4388    .text               mf_w.l(dadd.o)
    0x08000388   0x000000e4   Code   RO         4390    .text               mf_w.l(dmul.o)
    0x0800046c   0x000000de   Code   RO         4392    .text               mf_w.l(ddiv.o)
    0x0800054a   0x00000022   Code   RO         4394    .text               mf_w.l(dflti.o)
    0x0800056c   0x0000001a   Code   RO         4396    .text               mf_w.l(dfltui.o)
    0x08000586   0x00000032   Code   RO         4398    .text               mf_w.l(dfixui.o)
    0x080005b8   0x00000030   Code   RO         4400    .text               mf_w.l(cdcmple.o)
    0x080005e8   0x00000062   Code   RO         4421    .text               mc_w.l(uldiv.o)
    0x0800064a   0x0000001e   Code   RO         4423    .text               mc_w.l(llshl.o)
    0x08000668   0x00000024   Code   RO         4425    .text               mc_w.l(llsshr.o)
    0x0800068c   0x00000000   Code   RO         4427    .text               mc_w.l(iusefp.o)
    0x0800068c   0x000000ba   Code   RO         4428    .text               mf_w.l(depilogue.o)
    0x08000746   0x00000002   PAD
    0x08000748   0x00000024   Code   RO         4434    .text               mc_w.l(init.o)
    0x0800076c   0x00000056   Code   RO         4446    .text               mc_w.l(__dczerorl2.o)
    0x080007c2   0x00000052   Code   RO         1238    i.ADC_ConversionStop_Disable  stm32f1xx_hal_adc.o
    0x08000814   0x00000080   Code   RO         1242    i.ADC_Enable        stm32f1xx_hal_adc.o
    0x08000894   0x0000000c   Code   RO          809    i.BSP_SD_GetCardInfo  bsp_driver_sd.o
    0x080008a0   0x00000018   Code   RO          810    i.BSP_SD_GetCardState  bsp_driver_sd.o
    0x080008b8   0x00000034   Code   RO          813    i.BSP_SD_Init       bsp_driver_sd.o
    0x080008ec   0x00000020   Code   RO          815    i.BSP_SD_ReadBlocks  bsp_driver_sd.o
    0x0800090c   0x00000020   Code   RO          818    i.BSP_SD_WriteBlocks  bsp_driver_sd.o
    0x0800092c   0x00000002   Code   RO          985    i.BusFault_Handler  stm32f1xx_it.o
    0x0800092e   0x00000002   PAD
    0x08000930   0x000000fc   Code   RO          650    i.CO_detect         own_define_functions.o
    0x08000a2c   0x00000002   Code   RO          986    i.DebugMon_Handler  stm32f1xx_it.o
    0x08000a2e   0x00000002   PAD
    0x08000a30   0x00000044   Code   RO           13    i.Del_FR            as608.o
    0x08000a74   0x00000010   Code   RO          435    i.Delay             lcd_own.o
    0x08000a84   0x0000004c   Code   RO          987    i.EXTI1_IRQHandler  stm32f1xx_it.o
    0x08000ad0   0x0000005c   Code   RO          988    i.EXTI3_IRQHandler  stm32f1xx_it.o
    0x08000b2c   0x0000002c   Code   RO          989    i.EXTI4_IRQHandler  stm32f1xx_it.o
    0x08000b58   0x000003d4   Code   RO          990    i.EXTI9_5_IRQHandler  stm32f1xx_it.o
    0x08000f2c   0x00000006   Code   RO         3971    i.FATFS_LinkDriver  ff_gen_drv.o
    0x08000f32   0x00000002   PAD
    0x08000f34   0x00000048   Code   RO         3972    i.FATFS_LinkDriverEx  ff_gen_drv.o
    0x08000f7c   0x00000050   Code   RO         2434    i.FSMC_NORSRAM_Extended_Timing_Init  stm32f1xx_ll_fsmc.o
    0x08000fcc   0x000000f4   Code   RO         2435    i.FSMC_NORSRAM_Init  stm32f1xx_ll_fsmc.o
    0x080010c0   0x00000050   Code   RO         2436    i.FSMC_NORSRAM_Timing_Init  stm32f1xx_ll_fsmc.o
    0x08001110   0x000000f8   Code   RO         1418    i.HAL_ADCEx_Calibration_Start  stm32f1xx_hal_adc_ex.o
    0x08001208   0x00000128   Code   RO         1244    i.HAL_ADC_ConfigChannel  stm32f1xx_hal_adc.o
    0x08001330   0x00000006   Code   RO         1251    i.HAL_ADC_GetValue  stm32f1xx_hal_adc.o
    0x08001336   0x00000002   PAD
    0x08001338   0x00000144   Code   RO         1253    i.HAL_ADC_Init      stm32f1xx_hal_adc.o
    0x0800147c   0x00000058   Code   RO         1086    i.HAL_ADC_MspInit   stm32f1xx_hal_msp.o
    0x080014d4   0x00000168   Code   RO         1257    i.HAL_ADC_PollForConversion  stm32f1xx_hal_adc.o
    0x0800163c   0x000000e4   Code   RO         1259    i.HAL_ADC_Start     stm32f1xx_hal_adc.o
    0x08001720   0x00000028   Code   RO         1521    i.HAL_Delay         stm32f1xx_hal.o
    0x08001748   0x00000068   Code   RO         1087    i.HAL_FSMC_MspInit  stm32f1xx_hal_msp.o
    0x080017b0   0x00000002   Code   RO         1820    i.HAL_GPIO_EXTI_Callback  stm32f1xx_hal_gpio.o
    0x080017b2   0x00000002   PAD
    0x080017b4   0x00000018   Code   RO         1821    i.HAL_GPIO_EXTI_IRQHandler  stm32f1xx_hal_gpio.o
    0x080017cc   0x0000020c   Code   RO         1822    i.HAL_GPIO_Init     stm32f1xx_hal_gpio.o
    0x080019d8   0x0000000e   Code   RO         1824    i.HAL_GPIO_ReadPin  stm32f1xx_hal_gpio.o
    0x080019e6   0x0000000e   Code   RO         1826    i.HAL_GPIO_WritePin  stm32f1xx_hal_gpio.o
    0x080019f4   0x0000000c   Code   RO         1525    i.HAL_GetTick       stm32f1xx_hal.o
    0x08001a00   0x00000010   Code   RO         1529    i.HAL_IncTick       stm32f1xx_hal.o
    0x08001a10   0x00000024   Code   RO         1530    i.HAL_Init          stm32f1xx_hal.o
    0x08001a34   0x00000044   Code   RO         1531    i.HAL_InitTick      stm32f1xx_hal.o
    0x08001a78   0x0000003c   Code   RO         1088    i.HAL_MspInit       stm32f1xx_hal_msp.o
    0x08001ab4   0x00000018   Code   RO         1982    i.HAL_NVIC_EnableIRQ  stm32f1xx_hal_cortex.o
    0x08001acc   0x00000068   Code   RO         1988    i.HAL_NVIC_SetPriority  stm32f1xx_hal_cortex.o
    0x08001b34   0x00000024   Code   RO         1989    i.HAL_NVIC_SetPriorityGrouping  stm32f1xx_hal_cortex.o
    0x08001b58   0x0000011c   Code   RO         1784    i.HAL_RCCEx_GetPeriphCLKFreq  stm32f1xx_hal_rcc_ex.o
    0x08001c74   0x00000130   Code   RO         1785    i.HAL_RCCEx_PeriphCLKConfig  stm32f1xx_hal_rcc_ex.o
    0x08001da4   0x000001bc   Code   RO         1677    i.HAL_RCC_ClockConfig  stm32f1xx_hal_rcc.o
    0x08001f60   0x0000000c   Code   RO         1682    i.HAL_RCC_GetHCLKFreq  stm32f1xx_hal_rcc.o
    0x08001f6c   0x00000020   Code   RO         1684    i.HAL_RCC_GetPCLK1Freq  stm32f1xx_hal_rcc.o
    0x08001f8c   0x00000020   Code   RO         1685    i.HAL_RCC_GetPCLK2Freq  stm32f1xx_hal_rcc.o
    0x08001fac   0x00000078   Code   RO         1686    i.HAL_RCC_GetSysClockFreq  stm32f1xx_hal_rcc.o
    0x08002024   0x00000400   Code   RO         1689    i.HAL_RCC_OscConfig  stm32f1xx_hal_rcc.o
    0x08002424   0x000000aa   Code   RO         2951    i.HAL_SD_ConfigWideBusOperation  stm32f1xx_hal_sd.o
    0x080024ce   0x000001fc   Code   RO         2956    i.HAL_SD_GetCardCSD  stm32f1xx_hal_sd.o
    0x080026ca   0x00000024   Code   RO         2957    i.HAL_SD_GetCardInfo  stm32f1xx_hal_sd.o
    0x080026ee   0x00000020   Code   RO         2958    i.HAL_SD_GetCardState  stm32f1xx_hal_sd.o
    0x0800270e   0x00000038   Code   RO         2963    i.HAL_SD_Init       stm32f1xx_hal_sd.o
    0x08002746   0x00000002   PAD
    0x08002748   0x00000078   Code   RO         2964    i.HAL_SD_InitCard   stm32f1xx_hal_sd.o
    0x080027c0   0x00000084   Code   RO         1090    i.HAL_SD_MspInit    stm32f1xx_hal_msp.o
    0x08002844   0x0000024a   Code   RO         2967    i.HAL_SD_ReadBlocks  stm32f1xx_hal_sd.o
    0x08002a8e   0x00000208   Code   RO         2972    i.HAL_SD_WriteBlocks  stm32f1xx_hal_sd.o
    0x08002c96   0x00000058   Code   RO         2556    i.HAL_SRAM_Init     stm32f1xx_hal_sram.o
    0x08002cee   0x00000004   Code   RO         1092    i.HAL_SRAM_MspInit  stm32f1xx_hal_msp.o
    0x08002cf2   0x00000002   PAD
    0x08002cf4   0x00000028   Code   RO         1993    i.HAL_SYSTICK_Config  stm32f1xx_hal_cortex.o
    0x08002d1c   0x00000064   Code   RO         3264    i.HAL_UART_Init     stm32f1xx_hal_uart.o
    0x08002d80   0x000000ac   Code   RO         1094    i.HAL_UART_MspInit  stm32f1xx_hal_msp.o
    0x08002e2c   0x000000e2   Code   RO         3267    i.HAL_UART_Receive  stm32f1xx_hal_uart.o
    0x08002f0e   0x000000dc   Code   RO         3272    i.HAL_UART_Transmit  stm32f1xx_hal_uart.o
    0x08002fea   0x00000002   Code   RO          991    i.HardFault_Handler  stm32f1xx_it.o
    0x08002fec   0x0000006c   Code   RO           15    i.JudgeStr          as608.o
    0x08003058   0x00000018   Code   RO          436    i.LCD_BackLed_Control  lcd_own.o
    0x08003070   0x00000038   Code   RO          437    i.LCD_Cam_Gram      lcd_own.o
    0x080030a8   0x0000001a   Code   RO          438    i.LCD_Clear         lcd_own.o
    0x080030c2   0x00000002   PAD
    0x080030c4   0x00000050   Code   RO          439    i.LCD_DrawChar      lcd_own.o
    0x08003114   0x0000004c   Code   RO          440    i.LCD_DrawChar_Color  lcd_own.o
    0x08003160   0x0000002a   Code   RO          441    i.LCD_DrawCross     lcd_own.o
    0x0800318a   0x00000002   PAD
    0x0800318c   0x00000040   Code   RO          444    i.LCD_DrawString    lcd_own.o
    0x080031cc   0x00000050   Code   RO          445    i.LCD_DrawString_Color  lcd_own.o
    0x0800321c   0x0000001c   Code   RO          446    i.LCD_FillColor     lcd_own.o
    0x08003238   0x00000088   Code   RO          448    i.LCD_GramScan      lcd_own.o
    0x080032c0   0x00000026   Code   RO          449    i.LCD_INIT          lcd_own.o
    0x080032e6   0x00000002   PAD
    0x080032e8   0x00000040   Code   RO          450    i.LCD_OpenWindow    lcd_own.o
    0x08003328   0x00000178   Code   RO          451    i.LCD_REG_Config    lcd_own.o
    0x080034a0   0x00000034   Code   RO          454    i.LCD_Rst           lcd_own.o
    0x080034d4   0x0000000c   Code   RO          456    i.LCD_Write_Data    lcd_own.o
    0x080034e0   0x00000118   Code   RO          457    i.LCD_homepage      lcd_own.o
    0x080035f8   0x00000044   Code   RO          732    i.MX_ADC1_Init      main.o
    0x0800363c   0x0000001c   Code   RO          947    i.MX_FATFS_Init     fatfs.o
    0x08003658   0x00000070   Code   RO          733    i.MX_FSMC_Init      main.o
    0x080036c8   0x00000234   Code   RO          734    i.MX_GPIO_Init      main.o
    0x080038fc   0x00000044   Code   RO          735    i.MX_USART1_UART_Init  main.o
    0x08003940   0x00000014   Code   RO           16    i.MYUSART_SendData  as608.o
    0x08003954   0x00000002   Code   RO          992    i.MemManage_Handler  stm32f1xx_it.o
    0x08003956   0x00000002   Code   RO          993    i.NMI_Handler       stm32f1xx_it.o
    0x08003958   0x00000058   Code   RO          347    i.Ov7725_Init       bsp_ov7725.o
    0x080039b0   0x0000005e   Code   RO           17    i.PS_DeletChar      as608.o
    0x08003a0e   0x00000034   Code   RO           18    i.PS_Empty          as608.o
    0x08003a42   0x0000003c   Code   RO           19    i.PS_GenChar        as608.o
    0x08003a7e   0x00000034   Code   RO           20    i.PS_GetImage       as608.o
    0x08003ab2   0x00000084   Code   RO           22    i.PS_HighSpeedSearch  as608.o
    0x08003b36   0x00000034   Code   RO           23    i.PS_Match          as608.o
    0x08003b6a   0x00000034   Code   RO           26    i.PS_RegModel       as608.o
    0x08003b9e   0x00000052   Code   RO           29    i.PS_StoreChar      as608.o
    0x08003bf0   0x00000002   Code   RO          994    i.PendSV_Handler    stm32f1xx_it.o
    0x08003bf2   0x00000002   PAD
    0x08003bf4   0x00000024   Code   RO         1690    i.RCC_Delay         stm32f1xx_hal_rcc.o
    0x08003c18   0x000000cc   Code   RO          380    i.SCCB_ReadByte     bsp_sccb.o
    0x08003ce4   0x00000044   Code   RO          381    i.SCCB_SendByte     bsp_sccb.o
    0x08003d28   0x00000040   Code   RO          382    i.SCCB_Start        bsp_sccb.o
    0x08003d68   0x00000028   Code   RO          383    i.SCCB_Stop         bsp_sccb.o
    0x08003d90   0x00000034   Code   RO          384    i.SCCB_WaitAck      bsp_sccb.o
    0x08003dc4   0x0000003e   Code   RO          385    i.SCCB_WriteByte    bsp_sccb.o
    0x08003e02   0x0000000e   Code   RO          386    i.SCCB_delay        bsp_sccb.o
    0x08003e10   0x00000024   Code   RO         2672    i.SDIO_ConfigData   stm32f1xx_ll_sdmmc.o
    0x08003e34   0x00000006   Code   RO         2673    i.SDIO_GetCommandResponse  stm32f1xx_ll_sdmmc.o
    0x08003e3a   0x00000008   Code   RO         2676    i.SDIO_GetPowerState  stm32f1xx_ll_sdmmc.o
    0x08003e42   0x00000010   Code   RO         2677    i.SDIO_GetResponse  stm32f1xx_ll_sdmmc.o
    0x08003e52   0x0000002c   Code   RO         2678    i.SDIO_Init         stm32f1xx_ll_sdmmc.o
    0x08003e7e   0x00000008   Code   RO         2680    i.SDIO_PowerState_ON  stm32f1xx_ll_sdmmc.o
    0x08003e86   0x00000006   Code   RO         2681    i.SDIO_ReadFIFO     stm32f1xx_ll_sdmmc.o
    0x08003e8c   0x00000020   Code   RO         2682    i.SDIO_SendCommand  stm32f1xx_ll_sdmmc.o
    0x08003eac   0x0000000a   Code   RO         2684    i.SDIO_WriteFIFO    stm32f1xx_ll_sdmmc.o
    0x08003eb6   0x00000032   Code   RO         2685    i.SDMMC_CmdAppCommand  stm32f1xx_ll_sdmmc.o
    0x08003ee8   0x00000034   Code   RO         2686    i.SDMMC_CmdAppOperCommand  stm32f1xx_ll_sdmmc.o
    0x08003f1c   0x00000032   Code   RO         2687    i.SDMMC_CmdBlockLength  stm32f1xx_ll_sdmmc.o
    0x08003f4e   0x00000032   Code   RO         2688    i.SDMMC_CmdBusWidth  stm32f1xx_ll_sdmmc.o
    0x08003f80   0x00000028   Code   RO         2692    i.SDMMC_CmdGoIdleState  stm32f1xx_ll_sdmmc.o
    0x08003fa8   0x00000030   Code   RO         2694    i.SDMMC_CmdOperCond  stm32f1xx_ll_sdmmc.o
    0x08003fd8   0x00000032   Code   RO         2695    i.SDMMC_CmdReadMultiBlock  stm32f1xx_ll_sdmmc.o
    0x0800400a   0x00000032   Code   RO         2696    i.SDMMC_CmdReadSingleBlock  stm32f1xx_ll_sdmmc.o
    0x0800403c   0x00000032   Code   RO         2699    i.SDMMC_CmdSelDesel  stm32f1xx_ll_sdmmc.o
    0x0800406e   0x0000002c   Code   RO         2700    i.SDMMC_CmdSendCID  stm32f1xx_ll_sdmmc.o
    0x0800409a   0x0000002c   Code   RO         2701    i.SDMMC_CmdSendCSD  stm32f1xx_ll_sdmmc.o
    0x080040c6   0x00000030   Code   RO         2702    i.SDMMC_CmdSendSCR  stm32f1xx_ll_sdmmc.o
    0x080040f6   0x00000032   Code   RO         2703    i.SDMMC_CmdSendStatus  stm32f1xx_ll_sdmmc.o
    0x08004128   0x0000003a   Code   RO         2704    i.SDMMC_CmdSetRelAdd  stm32f1xx_ll_sdmmc.o
    0x08004162   0x00000002   PAD
    0x08004164   0x00000034   Code   RO         2706    i.SDMMC_CmdStopTransfer  stm32f1xx_ll_sdmmc.o
    0x08004198   0x00000032   Code   RO         2708    i.SDMMC_CmdWriteMultiBlock  stm32f1xx_ll_sdmmc.o
    0x080041ca   0x00000032   Code   RO         2709    i.SDMMC_CmdWriteSingleBlock  stm32f1xx_ll_sdmmc.o
    0x080041fc   0x00000034   Code   RO         2710    i.SDMMC_GetCmdError  stm32f1xx_ll_sdmmc.o
    0x08004230   0x00000148   Code   RO         2711    i.SDMMC_GetCmdResp1  stm32f1xx_ll_sdmmc.o
    0x08004378   0x00000054   Code   RO         2712    i.SDMMC_GetCmdResp2  stm32f1xx_ll_sdmmc.o
    0x080043cc   0x00000044   Code   RO         2713    i.SDMMC_GetCmdResp3  stm32f1xx_ll_sdmmc.o
    0x08004410   0x00000094   Code   RO         2714    i.SDMMC_GetCmdResp6  stm32f1xx_ll_sdmmc.o
    0x080044a4   0x00000048   Code   RO         2715    i.SDMMC_GetCmdResp7  stm32f1xx_ll_sdmmc.o
    0x080044ec   0x0000013a   Code   RO         2980    i.SD_FindSCR        stm32f1xx_hal_sd.o
    0x08004626   0x000000e6   Code   RO         2981    i.SD_InitCard       stm32f1xx_hal_sd.o
    0x0800470c   0x000000b0   Code   RO         2983    i.SD_PowerON        stm32f1xx_hal_sd.o
    0x080047bc   0x0000002e   Code   RO         2986    i.SD_SendStatus     stm32f1xx_hal_sd.o
    0x080047ea   0x0000005e   Code   RO         2987    i.SD_WideBus_Disable  stm32f1xx_hal_sd.o
    0x08004848   0x0000005e   Code   RO         2988    i.SD_WideBus_Enable  stm32f1xx_hal_sd.o
    0x080048a6   0x00000002   PAD
    0x080048a8   0x00000020   Code   RO         4052    i.SD_initialize     sd_diskio.o
    0x080048c8   0x00000064   Code   RO         4053    i.SD_ioctl          sd_diskio.o
    0x0800492c   0x00000038   Code   RO         4054    i.SD_read           sd_diskio.o
    0x08004964   0x00000020   Code   RO         4055    i.SD_status         sd_diskio.o
    0x08004984   0x00000038   Code   RO         4056    i.SD_write          sd_diskio.o
    0x080049bc   0x00000002   Code   RO          995    i.SVC_Handler       stm32f1xx_it.o
    0x080049be   0x00000002   PAD
    0x080049c0   0x00000030   Code   RO           33    i.SendAddr          as608.o
    0x080049f0   0x00000014   Code   RO           34    i.SendCheck         as608.o
    0x08004a04   0x00000012   Code   RO           35    i.SendHead          as608.o
    0x08004a16   0x00000016   Code   RO           36    i.SendLength        as608.o
    0x08004a2c   0x00000004   Code   RO          996    i.SysTick_Handler   stm32f1xx_it.o
    0x08004a30   0x00000062   Code   RO          736    i.SystemClock_Config  main.o
    0x08004a92   0x00000002   PAD
    0x08004a94   0x00000048   Code   RO         1165    i.SystemInit        system_stm32f1xx.o
    0x08004adc   0x000001b4   Code   RO         3291    i.UART_SetConfig    stm32f1xx_hal_uart.o
    0x08004c90   0x00000078   Code   RO         3293    i.UART_WaitOnFlagUntilTimeout  stm32f1xx_hal_uart.o
    0x08004d08   0x00000002   Code   RO          997    i.UsageFault_Handler  stm32f1xx_it.o
    0x08004d0a   0x0000014a   Code   RO          589    i.XPT2046_Calculate_CalibrationFactor  xpt2046.o
    0x08004e54   0x00000018   Code   RO          590    i.XPT2046_DelayUS   xpt2046.o
    0x08004e6c   0x00000096   Code   RO          591    i.XPT2046_Get_TouchedPoint  xpt2046.o
    0x08004f02   0x00000002   PAD
    0x08004f04   0x00000058   Code   RO          592    i.XPT2046_ReadAdc   xpt2046.o
    0x08004f5c   0x0000013c   Code   RO          593    i.XPT2046_ReadAdc_Smooth_XY  xpt2046.o
    0x08005098   0x000002ec   Code   RO          594    i.XPT2046_Touch_Calibrate  xpt2046.o
    0x08005384   0x00000064   Code   RO          595    i.XPT2046_WriteCMD  xpt2046.o
    0x080053e8   0x00000028   Code   RO         4262    i.__0sprintf$5      mc_w.l(printf5.o)
    0x08005410   0x0000000e   Code   RO         4440    i.__scatterload_copy  mc_w.l(handlers.o)
    0x0800541e   0x00000002   Code   RO         4441    i.__scatterload_null  mc_w.l(handlers.o)
    0x08005420   0x0000000e   Code   RO         4442    i.__scatterload_zeroinit  mc_w.l(handlers.o)
    0x0800542e   0x00000002   PAD
    0x08005430   0x000002c0   Code   RO         4267    i._printf_core      mc_w.l(printf5.o)
    0x080056f0   0x0000000a   Code   RO         4269    i._sputc            mc_w.l(printf5.o)
    0x080056fa   0x00000002   PAD
    0x080056fc   0x00000090   Code   RO         3625    i.check_fs          ff.o
    0x0800578c   0x0000019c   Code   RO          651    i.check_homepage    own_define_functions.o
    0x08005928   0x00000010   Code   RO         3626    i.chk_chr           ff.o
    0x08005938   0x0000007c   Code   RO         3627    i.chk_lock          ff.o
    0x080059b4   0x00000028   Code   RO         3628    i.clear_lock        ff.o
    0x080059dc   0x00000032   Code   RO         3629    i.clmt_clust        ff.o
    0x08005a0e   0x0000001c   Code   RO         3630    i.clust2sect        ff.o
    0x08005a2a   0x000000b8   Code   RO         3631    i.create_chain      ff.o
    0x08005ae2   0x00000002   PAD
    0x08005ae4   0x00000120   Code   RO         3632    i.create_name       ff.o
    0x08005c04   0x00000038   Code   RO         3633    i.dec_lock          ff.o
    0x08005c3c   0x0000004c   Code   RO           38    i.delete_ALL        as608.o
    0x08005c88   0x0000004c   Code   RO         3634    i.dir_alloc         ff.o
    0x08005cd4   0x00000050   Code   RO         3635    i.dir_find          ff.o
    0x08005d24   0x0000015a   Code   RO         3636    i.dir_next          ff.o
    0x08005e7e   0x00000042   Code   RO         3638    i.dir_register      ff.o
    0x08005ec0   0x000000ae   Code   RO         3640    i.dir_sdi           ff.o
    0x08005f6e   0x00000002   PAD
    0x08005f70   0x0000002c   Code   RO         3570    i.disk_initialize   diskio.o
    0x08005f9c   0x0000001c   Code   RO         3571    i.disk_ioctl        diskio.o
    0x08005fb8   0x00000020   Code   RO         3572    i.disk_read         diskio.o
    0x08005fd8   0x00000018   Code   RO         3573    i.disk_status       diskio.o
    0x08005ff0   0x00000020   Code   RO         3574    i.disk_write        diskio.o
    0x08006010   0x00000028   Code   RO         3641    i.enq_lock          ff.o
    0x08006038   0x000000e8   Code   RO          652    i.enterPassword     own_define_functions.o
    0x08006120   0x0000002c   Code   RO         3643    i.f_close           ff.o
    0x0800614c   0x00000070   Code   RO         3650    i.f_mount           ff.o
    0x080061bc   0x000001e8   Code   RO         3651    i.f_open            ff.o
    0x080063a4   0x000001b2   Code   RO         3656    i.f_read            ff.o
    0x08006556   0x000000ae   Code   RO         3660    i.f_sync            ff.o
    0x08006604   0x000001f0   Code   RO         3664    i.f_write           ff.o
    0x080067f4   0x000003a4   Code   RO         3665    i.find_volume       ff.o
    0x08006b98   0x0000007a   Code   RO         3666    i.follow_path       ff.o
    0x08006c12   0x000000fc   Code   RO         3667    i.get_fat           ff.o
    0x08006d0e   0x00000004   Code   RO          948    i.get_fattime       fatfs.o
    0x08006d12   0x0000004e   Code   RO         3669    i.get_ldnumber      ff.o
    0x08006d60   0x000000b0   Code   RO         3670    i.inc_lock          ff.o
    0x08006e10   0x00000022   Code   RO         3671    i.ld_clust          ff.o
    0x08006e32   0x00000002   PAD
    0x08006e34   0x00000208   Code   RO          737    i.main              main.o
    0x0800703c   0x00000018   Code   RO         3672    i.mem_cmp           ff.o
    0x08007054   0x00000012   Code   RO         3673    i.mem_cpy           ff.o
    0x08007066   0x00000010   Code   RO         3674    i.mem_set           ff.o
    0x08007076   0x0000003a   Code   RO         3675    i.move_window       ff.o
    0x080070b0   0x00000164   Code   RO          653    i.newbmp            own_define_functions.o
    0x08007214   0x0000017c   Code   RO           39    i.press_FR          as608.o
    0x08007390   0x00000134   Code   RO         3676    i.put_fat           ff.o
    0x080074c4   0x00000238   Code   RO          654    i.read_keypad       own_define_functions.o
    0x080076fc   0x00000240   Code   RO          655    i.readbmp           own_define_functions.o
    0x0800793c   0x0000006e   Code   RO         3678    i.remove_chain      ff.o
    0x080079aa   0x00000002   PAD
    0x080079ac   0x000000a0   Code   RO          656    i.scan_re_entry     own_define_functions.o
    0x08007a4c   0x00000010   Code   RO         3679    i.st_clust          ff.o
    0x08007a5c   0x000000ac   Code   RO         3680    i.sync_fs           ff.o
    0x08007b08   0x00000056   Code   RO         3681    i.sync_window       ff.o
    0x08007b5e   0x00000032   Code   RO         3682    i.validate          ff.o
    0x08007b90   0x0000013c   Code   RO          657    i.verifyPassword    own_define_functions.o
    0x08007ccc   0x000005f0   Data   RO          458    .constdata          lcd_own.o
    0x080082bc   0x00000010   Data   RO         1166    .constdata          system_stm32f1xx.o
    0x080082cc   0x00000008   Data   RO         1167    .constdata          system_stm32f1xx.o
    0x080082d4   0x000000ac   Data   RO         3684    .constdata          ff.o
    0x08008380   0x00000014   Data   RO         4057    .constdata          sd_diskio.o
    0x08008394   0x000000ef   Data   RO          659    .conststring        own_define_functions.o
    0x08008483   0x00000001   PAD
    0x08008484   0x00000020   Data   RO         4438    Region$$Table       anon$$obj.o


    Execution Region RW_IRAM1 (Base: 0x20000000, Size: 0x00002948, Max: 0x00010000, ABSOLUTE, COMPRESSED[0x00000120])

    Base Addr    Size         Type   Attr      Idx    E Section Name        Object

    0x20000000   0x00000008   Data   RW           43    .data               as608.o
    0x20000008   0x0000009b   Data   RW          348    .data               bsp_ov7725.o
    0x200000a3   0x00000005   PAD
    0x200000a8   0x00000038   Data   RW          596    .data               xpt2046.o
    0x200000e0   0x00000004   Data   RW          660    .data               own_define_functions.o
    0x200000e4   0x00000060   Data   RW          661    .data               own_define_functions.o
    0x20000144   0x00000004   Data   RW          662    .data               own_define_functions.o
    0x20000148   0x00000001   Data   RW          739    .data               main.o
    0x20000149   0x00000001   PAD
    0x2000014a   0x00000002   Data   RW          740    .data               main.o
    0x2000014c   0x00000005   Data   RW          951    .data               fatfs.o
    0x20000151   0x00000003   PAD
    0x20000154   0x00000008   Data   RW         1095    .data               stm32f1xx_hal_msp.o
    0x2000015c   0x00000004   Data   RW         1168    .data               system_stm32f1xx.o
    0x20000160   0x0000000c   Data   RW         1537    .data               stm32f1xx_hal.o
    0x2000016c   0x00000008   Data   RW         3685    .data               ff.o
    0x20000174   0x00000001   Data   RW         4058    .data               sd_diskio.o
    0x20000175   0x00000003   PAD
    0x20000178   0x00000190   Zero   RW           40    .bss                as608.o
    0x20000308   0x0000209e   Zero   RW          658    .bss                own_define_functions.o
    0x200023a6   0x00000002   PAD
    0x200023a8   0x00000178   Zero   RW          738    .bss                main.o
    0x20002520   0x00000018   Zero   RW         3683    .bss                ff.o
    0x20002538   0x0000000c   Zero   RW         3975    .bss                ff_gen_drv.o
    0x20002544   0x00000004   PAD
    0x20002548   0x00000400   Zero   RW            1    STACK               startup_stm32f103xe.o


==============================================================================

Image component sizes


      Code (inc. data)   RO Data    RW Data    ZI Data      Debug   Object Name

      1336        208          0          8        400     526571   as608.o
       152         24          0          0          0       3354   bsp_driver_sd.o
        88          4          0        155          0       1316   bsp_ov7725.o
       504         26          0          0          0       4433   bsp_sccb.o
       160         26          0          0          0       3517   diskio.o
        32         10          0          5          0       1420   fatfs.o
      5912         74        172          8         24      38683   ff.o
        78          6          0          0         12       1587   ff_gen_drv.o
      1450        192       1520          0          0      15360   lcd_own.o
      1430        200          0          3        376       4517   main.o
      2872        710        239        104       8350       8061   own_define_functions.o
       276         32         20          1          0       4720   sd_diskio.o
        36          8        304          0       1024        800   startup_stm32f103xe.o
       172         30          0         12          0       6505   stm32f1xx_hal.o
      1424         50          0          0          0       6576   stm32f1xx_hal_adc.o
       248          4          0          0          0       1490   stm32f1xx_hal_adc_ex.o
       204         16          0          0          0      25491   stm32f1xx_hal_cortex.o
       578         18          0          0          0       4643   stm32f1xx_hal_gpio.o
       560         70          0          8          0       4315   stm32f1xx_hal_msp.o
      1700         98          0          0          0       6820   stm32f1xx_hal_rcc.o
       588         52          0          0          0       2917   stm32f1xx_hal_rcc_ex.o
      2982          6          0          0          0      15260   stm32f1xx_hal_sd.o
        88          0          0          0          0       1200   stm32f1xx_hal_sram.o
      1102          4          0          0          0       4919   stm32f1xx_hal_uart.o
      1212        478          0          0          0       6480   stm32f1xx_it.o
       404         10          0          0          0       2687   stm32f1xx_ll_fsmc.o
      1754         40          0          0          0      23167   stm32f1xx_ll_sdmmc.o
        72         16         24          4          0       1151   system_stm32f1xx.o
      1756        108          0         56          0       7616   xpt2046.o

    ----------------------------------------------------------------------
     29210       2520       2312        376      10192     735576   Object Totals
         0          0         32          0          0          0   (incl. Generated)
        40          0          1         12          6          0   (incl. Padding)

    ----------------------------------------------------------------------

      Code (inc. data)   RO Data    RW Data    ZI Data      Debug   Library Member Name

        86          0          0          0          0          0   __dczerorl2.o
         0          0          0          0          0          0   entry.o
         0          0          0          0          0          0   entry10a.o
         0          0          0          0          0          0   entry11a.o
         8          4          0          0          0          0   entry2.o
         4          0          0          0          0          0   entry5.o
         0          0          0          0          0          0   entry7b.o
         0          0          0          0          0          0   entry8b.o
         8          4          0          0          0          0   entry9a.o
        30          0          0          0          0          0   handlers.o
        36          8          0          0          0         68   init.o
         0          0          0          0          0          0   iusefp.o
        30          0          0          0          0         68   llshl.o
        36          0          0          0          0         68   llsshr.o
        32          0          0          0          0         68   llushr.o
        26          0          0          0          0         80   memcmp.o
        36          0          0          0          0         68   memcpya.o
        36          0          0          0          0        108   memseta.o
       754         52          0          0          0        252   printf5.o
        14          0          0          0          0         68   strlen.o
        30          0          0          0          0         80   strncmp.o
        36          0          0          0          0         80   strstr.o
        98          0          0          0          0         92   uldiv.o
        48          0          0          0          0         68   cdcmple.o
       334          0          0          0          0        148   dadd.o
       222          0          0          0          0        100   ddiv.o
       186          0          0          0          0        176   depilogue.o
        50          0          0          0          0         76   dfixui.o
        34          0          0          0          0         76   dflti.o
        26          0          0          0          0         76   dfltui.o
       228          0          0          0          0         96   dmul.o

    ----------------------------------------------------------------------
      2434         68          0          0          0       1916   Library Totals
         6          0          0          0          0          0   (incl. Padding)

    ----------------------------------------------------------------------

      Code (inc. data)   RO Data    RW Data    ZI Data      Debug   Library Name

      1300         68          0          0          0       1100   mc_w.l
      1128          0          0          0          0        816   mf_w.l

    ----------------------------------------------------------------------
      2434         68          0          0          0       1916   Library Totals

    ----------------------------------------------------------------------

==============================================================================


      Code (inc. data)   RO Data    RW Data    ZI Data      Debug   

     31644       2588       2312        376      10192     725452   Grand Totals
     31644       2588       2312        288      10192     725452   ELF Image Totals (compressed)
     31644       2588       2312        288          0          0   ROM Totals

==============================================================================

    Total RO  Size (Code + RO Data)                33956 (  33.16kB)
    Total RW  Size (RW Data + ZI Data)             10568 (  10.32kB)
    Total ROM Size (Code + RO Data + RW Data)      34244 (  33.44kB)

==============================================================================

