<html>
<body>
<pre>
<h1>µVision Build Log</h1>
<h2>Tool Versions:</h2>
IDE-Version: µVision V5.23.0.0
Copyright (C) 2017 ARM Ltd and ARM Germany GmbH. All rights reserved.
License Information: athena user, hkust, LIC=Y2B1Q-NF4QS-PHZ89-4C1YN-2SW4E-SCYHR
 
Tool Versions:
Toolchain:       MDK-ARM Professional  Version: 5.23
Toolchain Path:  C:\Keil_v5\ARM\ARMCC\Bin
C Compiler:      Armcc.exe V5.06 update 4 (build 422)
Assembler:       Armasm.exe V5.06 update 4 (build 422)
Linker/Locator:  ArmLink.exe V5.06 update 4 (build 422)
Library Manager: ArmAr.exe V5.06 update 4 (build 422)
Hex Converter:   FromElf.exe V5.06 update 4 (build 422)
CPU DLL:         SARMCM3.DLL V5.23
Dialog DLL:      DCM.DLL V1.15.0.0
Target DLL:      CMSIS_AGDI.dll V1.27.5.0
Dialog DLL:      TCM.DLL V1.27.0.0
 
<h2>Project:</h2>
C:\Users\user\elec3300_project_2022Spring\Project\MDK-ARM\Project.uvprojx
Project File Date:  05/10/2022

<h2>Output:</h2>
*** Using Compiler 'V5.06 update 4 (build 422)', folder: 'C:\Keil_v5\ARM\ARMCC\Bin'
Rebuild target 'Project'
assembling startup_stm32f103xe.s...
compiling bsp_driver_sd.c...
compiling fatfs.c...
compiling stm32f1xx_hal_msp.c...
compiling main.c...
compiling stm32f1xx_it.c...
compiling bsp_ov7725.c...
compiling as608.c...
..\Src\as608.c(571): warning:  #111-D: statement is unreachable
        LCD_Clear(0, 0, 240, 320, WHITE);
..\Src\as608.c(582): warning:  #111-D: statement is unreachable
    LCD_Clear(0, 0, 240, 320, WHITE	);
..\Src\as608.c(531): warning:  #177-D: variable "key_num"  was declared but never referenced
  	uint8_t key_num = 0;
..\Src\as608.c: 3 warnings, 0 errors
compiling bsp_sccb.c...
compiling lcd_own.c...
compiling xpt2046.c...
compiling stm32f1xx_hal_gpio_ex.c...
compiling system_stm32f1xx.c...
compiling own_define_functions.c...
compiling stm32f1xx_hal_adc.c...
compiling stm32f1xx_hal.c...
compiling stm32f1xx_hal_adc_ex.c...
compiling stm32f1xx_hal_rcc.c...
compiling stm32f1xx_hal_gpio.c...
compiling stm32f1xx_hal_rcc_ex.c...
compiling stm32f1xx_hal_cortex.c...
compiling stm32f1xx_hal_dma.c...
compiling stm32f1xx_hal_pwr.c...
compiling stm32f1xx_hal_sram.c...
compiling stm32f1xx_hal_flash.c...
compiling stm32f1xx_ll_sdmmc.c...
compiling stm32f1xx_hal_flash_ex.c...
compiling stm32f1xx_ll_fsmc.c...
compiling stm32f1xx_hal_i2c.c...
compiling stm32f1xx_hal_sd.c...
compiling stm32f1xx_hal_tim_ex.c...
compiling stm32f1xx_hal_tim.c...
compiling diskio.c...
compiling stm32f1xx_hal_uart.c...
compiling ff_gen_drv.c...
compiling ff.c...
compiling syscall.c...
compiling sd_diskio.c...
linking...
Program Size: Code=32180 RO-data=2312 RW-data=372 ZI-data=10276  
FromELF: creating hex file...
"Project\Project.axf" - 0 Error(s), 3 Warning(s).

<h2>Software Packages used:</h2>

Package Vendor: ARM
                http://www.keil.com/pack/ARM.CMSIS.5.0.1.pack
                ARM::CMSIS:CORE:5.0.1
                CMSIS (Cortex Microcontroller Software Interface Standard)
   * Component: CORE Version: 5.0.1

<h2>Collection of Component include folders:</h2>
  .\RTE\_Project
  C:\Keil_v5\ARM\PACK\ARM\CMSIS\5.0.1\CMSIS\Include
  C:\Keil_v5\ARM\PACK\Keil\STM32F1xx_DFP\2.2.0\Device\Include

<h2>Collection of Component Files used:</h2>

   * Component: ARM::CMSIS:CORE:5.0.1
Build Time Elapsed:  00:00:34
</pre>
</body>
</html>
