Component: ARM Compiler 5.06 update 4 (build 422) Tool: armlink [4d35d2]

==============================================================================

Section Cross References

    startup_stm32f103xe.o(STACK) refers (Special) to heapauxi.o(.text) for __use_two_region_memory
    startup_stm32f103xe.o(HEAP) refers (Special) to heapauxi.o(.text) for __use_two_region_memory
    startup_stm32f103xe.o(RESET) refers (Special) to heapauxi.o(.text) for __use_two_region_memory
    startup_stm32f103xe.o(RESET) refers to startup_stm32f103xe.o(STACK) for __initial_sp
    startup_stm32f103xe.o(RESET) refers to startup_stm32f103xe.o(.text) for Reset_Handler
    startup_stm32f103xe.o(RESET) refers to stm32f1xx_it.o(i.NMI_Handler) for NMI_Handler
    startup_stm32f103xe.o(RESET) refers to stm32f1xx_it.o(i.HardFault_Handler) for HardFault_Handler
    startup_stm32f103xe.o(RESET) refers to stm32f1xx_it.o(i.MemManage_Handler) for MemManage_Handler
    startup_stm32f103xe.o(RESET) refers to stm32f1xx_it.o(i.BusFault_Handler) for BusFault_Handler
    startup_stm32f103xe.o(RESET) refers to stm32f1xx_it.o(i.UsageFault_Handler) for UsageFault_Handler
    startup_stm32f103xe.o(RESET) refers to stm32f1xx_it.o(i.SVC_Handler) for SVC_Handler
    startup_stm32f103xe.o(RESET) refers to stm32f1xx_it.o(i.DebugMon_Handler) for DebugMon_Handler
    startup_stm32f103xe.o(RESET) refers to stm32f1xx_it.o(i.PendSV_Handler) for PendSV_Handler
    startup_stm32f103xe.o(RESET) refers to stm32f1xx_it.o(i.SysTick_Handler) for SysTick_Handler
    startup_stm32f103xe.o(RESET) refers to stm32f1xx_it.o(i.EXTI3_IRQHandler) for EXTI3_IRQHandler
    startup_stm32f103xe.o(.text) refers (Special) to heapauxi.o(.text) for __use_two_region_memory
    startup_stm32f103xe.o(.text) refers to system_stm32f1xx.o(i.SystemInit) for SystemInit
    startup_stm32f103xe.o(.text) refers to __main.o(!!!main) for __main
    startup_stm32f103xe.o(.text) refers to startup_stm32f103xe.o(HEAP) for Heap_Mem
    startup_stm32f103xe.o(.text) refers to startup_stm32f103xe.o(STACK) for Stack_Mem
    bsp_sccb.o(i.SCCB_ReadByte) refers to bsp_sccb.o(i.SCCB_Start) for SCCB_Start
    bsp_sccb.o(i.SCCB_ReadByte) refers to bsp_sccb.o(i.SCCB_SendByte) for SCCB_SendByte
    bsp_sccb.o(i.SCCB_ReadByte) refers to bsp_sccb.o(i.SCCB_WaitAck) for SCCB_WaitAck
    bsp_sccb.o(i.SCCB_ReadByte) refers to bsp_sccb.o(i.SCCB_Stop) for SCCB_Stop
    bsp_sccb.o(i.SCCB_ReadByte) refers to bsp_sccb.o(i.SCCB_delay) for SCCB_delay
    bsp_sccb.o(i.SCCB_ReadByte) refers to stm32f1xx_hal_gpio.o(i.HAL_GPIO_ReadPin) for HAL_GPIO_ReadPin
    bsp_sccb.o(i.SCCB_SendByte) refers to bsp_sccb.o(i.SCCB_delay) for SCCB_delay
    bsp_sccb.o(i.SCCB_Start) refers to bsp_sccb.o(i.SCCB_delay) for SCCB_delay
    bsp_sccb.o(i.SCCB_Start) refers to stm32f1xx_hal_gpio.o(i.HAL_GPIO_ReadPin) for HAL_GPIO_ReadPin
    bsp_sccb.o(i.SCCB_Stop) refers to bsp_sccb.o(i.SCCB_delay) for SCCB_delay
    bsp_sccb.o(i.SCCB_WaitAck) refers to bsp_sccb.o(i.SCCB_delay) for SCCB_delay
    bsp_sccb.o(i.SCCB_WaitAck) refers to stm32f1xx_hal_gpio.o(i.HAL_GPIO_ReadPin) for HAL_GPIO_ReadPin
    bsp_sccb.o(i.SCCB_WriteByte) refers to bsp_sccb.o(i.SCCB_Start) for SCCB_Start
    bsp_sccb.o(i.SCCB_WriteByte) refers to bsp_sccb.o(i.SCCB_SendByte) for SCCB_SendByte
    bsp_sccb.o(i.SCCB_WriteByte) refers to bsp_sccb.o(i.SCCB_WaitAck) for SCCB_WaitAck
    bsp_sccb.o(i.SCCB_WriteByte) refers to bsp_sccb.o(i.SCCB_Stop) for SCCB_Stop
    bsp_ov7725.o(i.ImagDisp) refers to lcd.o(i.LCD_Cam_Gram) for LCD_Cam_Gram
    bsp_ov7725.o(i.ImagDisp) refers to lcd.o(i.LCD_Write_Data) for LCD_Write_Data
    bsp_ov7725.o(i.ImagDisp) refers to stm32f1xx_hal.o(i.HAL_Delay) for HAL_Delay
    bsp_ov7725.o(i.Ov7725_Init) refers to bsp_sccb.o(i.SCCB_WriteByte) for SCCB_WriteByte
    bsp_ov7725.o(i.Ov7725_Init) refers to bsp_sccb.o(i.SCCB_ReadByte) for SCCB_ReadByte
    bsp_ov7725.o(i.Ov7725_Init) refers to bsp_ov7725.o(.data) for .data
    lcd.o(i.LCD_BackLed_Control) refers to stm32f1xx_hal_gpio.o(i.HAL_GPIO_WritePin) for HAL_GPIO_WritePin
    lcd.o(i.LCD_Clear) refers to lcd.o(i.LCD_OpenWindow) for LCD_OpenWindow
    lcd.o(i.LCD_Clear) refers to lcd.o(i.LCD_FillColor) for LCD_FillColor
    lcd.o(i.LCD_DrawChar) refers to lcd.o(i.LCD_OpenWindow) for LCD_OpenWindow
    lcd.o(i.LCD_DrawChar) refers to lcd.o(.constdata) for .constdata
    lcd.o(i.LCD_DrawCircle) refers to fflt_clz.o(x$fpl$fflt) for __aeabi_i2f
    lcd.o(i.LCD_DrawCircle) refers to fdiv.o(x$fpl$fdiv) for __aeabi_fdiv
    lcd.o(i.LCD_DrawCircle) refers to faddsub_clz.o(x$fpl$fadd) for __aeabi_fadd
    lcd.o(i.LCD_DrawCircle) refers to lcd.o(i.LCD_DrawDot) for LCD_DrawDot
    lcd.o(i.LCD_DrawDot) refers to lcd.o(i.LCD_OpenWindow) for LCD_OpenWindow
    lcd.o(i.LCD_DrawDot) refers to lcd.o(i.LCD_FillColor) for LCD_FillColor
    lcd.o(i.LCD_DrawLine) refers to lcd.o(i.LCD_DrawDot) for LCD_DrawDot
    lcd.o(i.LCD_DrawString) refers to lcd.o(i.LCD_DrawChar) for LCD_DrawChar
[...]
    ../clib/memcpset.s                       0x00000000   Number         0  rt_memclr_w.o ABSOLUTE
    ../clib/signal.c                         0x00000000   Number         0  defsig_rtmem_formal.o ABSOLUTE
    ../clib/signal.c                         0x00000000   Number         0  defsig_rtmem_outer.o ABSOLUTE
    ../clib/signal.c                         0x00000000   Number         0  defsig_stak_inner.o ABSOLUTE
    ../clib/signal.c                         0x00000000   Number         0  defsig_exit.o ABSOLUTE
    ../clib/signal.c                         0x00000000   Number         0  defsig_rtmem_inner.o ABSOLUTE
    ../clib/signal.c                         0x00000000   Number         0  __raise.o ABSOLUTE
    ../clib/signal.c                         0x00000000   Number         0  defsig_other.o ABSOLUTE
    ../clib/signal.c                         0x00000000   Number         0  defsig_segv_inner.o ABSOLUTE
    ../clib/signal.c                         0x00000000   Number         0  defsig_cppl_inner.o ABSOLUTE
    ../clib/signal.c                         0x00000000   Number         0  defsig_pvfn_inner.o ABSOLUTE
    ../clib/signal.c                         0x00000000   Number         0  defsig_rtred_inner.o ABSOLUTE
    ../clib/signal.c                         0x00000000   Number         0  defsig_fpe_inner.o ABSOLUTE
    ../clib/signal.c                         0x00000000   Number         0  defsig_abrt_inner.o ABSOLUTE
    ../clib/signal.c                         0x00000000   Number         0  defsig_general.o ABSOLUTE
    ../clib/signal.s                         0x00000000   Number         0  defsig.o ABSOLUTE
    ../clib/stdlib.c                         0x00000000   Number         0  exit.o ABSOLUTE
    ../fplib/faddsub.s                       0x00000000   Number         0  faddsub_clz.o ABSOLUTE
    ../fplib/fdiv.s                          0x00000000   Number         0  fdiv.o ABSOLUTE
    ../fplib/fflt.s                          0x00000000   Number         0  fflt_clz.o ABSOLUTE
    ../fplib/fnaninf.s                       0x00000000   Number         0  fnaninf.o ABSOLUTE
    ../fplib/fpinit.s                        0x00000000   Number         0  fpinit.o ABSOLUTE
    ../fplib/fretinf.s                       0x00000000   Number         0  fretinf.o ABSOLUTE
    ../fplib/usenofp.s                       0x00000000   Number         0  usenofp.o ABSOLUTE
    ..\Drivers\STM32F1xx_HAL_Driver\Src\stm32f1xx_hal.c 0x00000000   Number         0  stm32f1xx_hal.o ABSOLUTE
    ..\Drivers\STM32F1xx_HAL_Driver\Src\stm32f1xx_hal_cortex.c 0x00000000   Number         0  stm32f1xx_hal_cortex.o ABSOLUTE
    ..\Drivers\STM32F1xx_HAL_Driver\Src\stm32f1xx_hal_dma.c 0x00000000   Number         0  stm32f1xx_hal_dma.o ABSOLUTE
    ..\Drivers\STM32F1xx_HAL_Driver\Src\stm32f1xx_hal_flash.c 0x00000000   Number         0  stm32f1xx_hal_flash.o ABSOLUTE
    ..\Drivers\STM32F1xx_HAL_Driver\Src\stm32f1xx_hal_flash_ex.c 0x00000000   Number         0  stm32f1xx_hal_flash_ex.o ABSOLUTE
    ..\Drivers\STM32F1xx_HAL_Driver\Src\stm32f1xx_hal_gpio.c 0x00000000   Number         0  stm32f1xx_hal_gpio.o ABSOLUTE
    ..\Drivers\STM32F1xx_HAL_Driver\Src\stm32f1xx_hal_gpio_ex.c 0x00000000   Number         0  stm32f1xx_hal_gpio_ex.o ABSOLUTE
    ..\Drivers\STM32F1xx_HAL_Driver\Src\stm32f1xx_hal_pwr.c 0x00000000   Number         0  stm32f1xx_hal_pwr.o ABSOLUTE
    ..\Drivers\STM32F1xx_HAL_Driver\Src\stm32f1xx_hal_rcc.c 0x00000000   Number         0  stm32f1xx_hal_rcc.o ABSOLUTE
    ..\Drivers\STM32F1xx_HAL_Driver\Src\stm32f1xx_hal_rcc_ex.c 0x00000000   Number         0  stm32f1xx_hal_rcc_ex.o ABSOLUTE
    ..\Drivers\STM32F1xx_HAL_Driver\Src\stm32f1xx_hal_sd.c 0x00000000   Number         0  stm32f1xx_hal_sd.o ABSOLUTE
    ..\Drivers\STM32F1xx_HAL_Driver\Src\stm32f1xx_hal_sram.c 0x00000000   Number         0  stm32f1xx_hal_sram.o ABSOLUTE
    ..\Drivers\STM32F1xx_HAL_Driver\Src\stm32f1xx_hal_tim.c 0x00000000   Number         0  stm32f1xx_hal_tim.o ABSOLUTE
    ..\Drivers\STM32F1xx_HAL_Driver\Src\stm32f1xx_hal_tim_ex.c 0x00000000   Number         0  stm32f1xx_hal_tim_ex.o ABSOLUTE
    ..\Drivers\STM32F1xx_HAL_Driver\Src\stm32f1xx_ll_fsmc.c 0x00000000   Number         0  stm32f1xx_ll_fsmc.o ABSOLUTE
    ..\Drivers\STM32F1xx_HAL_Driver\Src\stm32f1xx_ll_sdmmc.c 0x00000000   Number         0  stm32f1xx_ll_sdmmc.o ABSOLUTE
    ..\Middlewares\Third_Party\FatFs\src\diskio.c 0x00000000   Number         0  diskio.o ABSOLUTE
    ..\Middlewares\Third_Party\FatFs\src\drivers\sd_diskio.c 0x00000000   Number         0  sd_diskio.o ABSOLUTE
    ..\Middlewares\Third_Party\FatFs\src\ff.c 0x00000000   Number         0  ff.o ABSOLUTE
    ..\Middlewares\Third_Party\FatFs\src\ff_gen_drv.c 0x00000000   Number         0  ff_gen_drv.o ABSOLUTE
    ..\Middlewares\Third_Party\FatFs\src\option\syscall.c 0x00000000   Number         0  syscall.o ABSOLUTE
    ..\Src\bsp_driver_sd.c                   0x00000000   Number         0  bsp_driver_sd.o ABSOLUTE
    ..\Src\bsp_ov7725.c                      0x00000000   Number         0  bsp_ov7725.o ABSOLUTE
    ..\Src\bsp_sccb.c                        0x00000000   Number         0  bsp_sccb.o ABSOLUTE
    ..\Src\fatfs.c                           0x00000000   Number         0  fatfs.o ABSOLUTE
    ..\Src\lcd.c                             0x00000000   Number         0  lcd.o ABSOLUTE
    ..\Src\main.c                            0x00000000   Number         0  main.o ABSOLUTE
    ..\Src\stm32f1xx_hal_msp.c               0x00000000   Number         0  stm32f1xx_hal_msp.o ABSOLUTE
    ..\Src\stm32f1xx_it.c                    0x00000000   Number         0  stm32f1xx_it.o ABSOLUTE
    ..\Src\system_stm32f1xx.c                0x00000000   Number         0  system_stm32f1xx.o ABSOLUTE
    ..\\Src\\bsp_ov7725.c                    0x00000000   Number         0  bsp_ov7725.o ABSOLUTE
    ..\\Src\\bsp_sccb.c                      0x00000000   Number         0  bsp_sccb.o ABSOLUTE
    ..\\Src\\lcd.c                           0x00000000   Number         0  lcd.o ABSOLUTE
    dc.s                                     0x00000000   Number         0  dc.o ABSOLUTE
    startup_stm32f103xe.s                    0x00000000   Number         0  startup_stm32f103xe.o ABSOLUTE
    RESET                                    0x08000000   Section      304  startup_stm32f103xe.o(RESET)
    !!!main                                  0x08000130   Section        8  __main.o(!!!main)
    !!!scatter                               0x08000138   Section       52  __scatter.o(!!!scatter)
    !!handler_copy                           0x0800016c   Section       26  __scatter_copy.o(!!handler_copy)
    !!handler_zi                             0x08000188   Section       28  __scatter_zi.o(!!handler_zi)
    .ARM.Collect$$libinit$$00000000          0x080001a4   Section        2  libinit.o(.ARM.Collect$$libinit$$00000000)
    .ARM.Collect$$libinit$$00000002          0x080001a6   Section        0  libinit2.o(.ARM.Collect$$libinit$$00000002)
    .ARM.Collect$$libinit$$00000004          0x080001a6   Section        0  libinit2.o(.ARM.Collect$$libinit$$00000004)
    .ARM.Collect$$libinit$$0000000A          0x080001a6   Section        0  libinit2.o(.ARM.Collect$$libinit$$0000000A)
    .ARM.Collect$$libinit$$0000000C          0x080001a6   Section        0  libinit2.o(.ARM.Collect$$libinit$$0000000C)
    .ARM.Collect$$libinit$$0000000E          0x080001a6   Section        0  libinit2.o(.ARM.Collect$$libinit$$0000000E)
    .ARM.Collect$$libinit$$00000011          0x080001a6   Section        0  libinit2.o(.ARM.Collect$$libinit$$00000011)
    .ARM.Collect$$libinit$$00000013          0x080001a6   Section        0  libinit2.o(.ARM.Collect$$libinit$$00000013)
    .ARM.Collect$$libinit$$00000015          0x080001a6   Section        0  libinit2.o(.ARM.Collect$$libinit$$00000015)
    .ARM.Collect$$libinit$$00000017          0x080001a6   Section        0  libinit2.o(.ARM.Collect$$libinit$$00000017)
    .ARM.Collect$$libinit$$00000019          0x080001a6   Section        0  libinit2.o(.ARM.Collect$$libinit$$00000019)
    .ARM.Collect$$libinit$$0000001B          0x080001a6   Section        0  libinit2.o(.ARM.Collect$$libinit$$0000001B)
    .ARM.Collect$$libinit$$0000001D          0x080001a6   Section        0  libinit2.o(.ARM.Collect$$libinit$$0000001D)
    .ARM.Collect$$libinit$$0000001F          0x080001a6   Section        0  libinit2.o(.ARM.Collect$$libinit$$0000001F)
    .ARM.Collect$$libinit$$00000021          0x080001a6   Section        0  libinit2.o(.ARM.Collect$$libinit$$00000021)
    .ARM.Collect$$libinit$$00000023          0x080001a6   Section        0  libinit2.o(.ARM.Collect$$libinit$$00000023)
    .ARM.Collect$$libinit$$00000025          0x080001a6   Section        0  libinit2.o(.ARM.Collect$$libinit$$00000025)
    .ARM.Collect$$libinit$$0000002C          0x080001a6   Section        0  libinit2.o(.ARM.Collect$$libinit$$0000002C)
    .ARM.Collect$$libinit$$0000002E          0x080001a6   Section        0  libinit2.o(.ARM.Collect$$libinit$$0000002E)
    .ARM.Collect$$libinit$$00000030          0x080001a6   Section        0  libinit2.o(.ARM.Collect$$libinit$$00000030)
    .ARM.Collect$$libinit$$00000032          0x080001a6   Section        0  libinit2.o(.ARM.Collect$$libinit$$00000032)
    .ARM.Collect$$libinit$$00000033          0x080001a6   Section        2  libinit2.o(.ARM.Collect$$libinit$$00000033)
    .ARM.Collect$$libshutdown$$00000000      0x080001a8   Section        2  libshutdown.o(.ARM.Collect$$libshutdown$$00000000)
    .ARM.Collect$$libshutdown$$00000002      0x080001aa   Section        0  libshutdown2.o(.ARM.Collect$$libshutdown$$00000002)
    .ARM.Collect$$libshutdown$$00000004      0x080001aa   Section        0  libshutdown2.o(.ARM.Collect$$libshutdown$$00000004)
    .ARM.Collect$$libshutdown$$00000007      0x080001aa   Section        0  libshutdown2.o(.ARM.Collect$$libshutdown$$00000007)
    .ARM.Collect$$libshutdown$$0000000A      0x080001aa   Section        0  libshutdown2.o(.ARM.Collect$$libshutdown$$0000000A)
    .ARM.Collect$$libshutdown$$0000000C      0x080001aa   Section        0  libshutdown2.o(.ARM.Collect$$libshutdown$$0000000C)
    .ARM.Collect$$libshutdown$$0000000F      0x080001aa   Section        0  libshutdown2.o(.ARM.Collect$$libshutdown$$0000000F)
    .ARM.Collect$$libshutdown$$00000010      0x080001aa   Section        2  libshutdown2.o(.ARM.Collect$$libshutdown$$00000010)
    .ARM.Collect$$rtentry$$00000000          0x080001ac   Section        0  __rtentry.o(.ARM.Collect$$rtentry$$00000000)
    .ARM.Collect$$rtentry$$00000002          0x080001ac   Section        0  __rtentry2.o(.ARM.Collect$$rtentry$$00000002)
    .ARM.Collect$$rtentry$$00000004          0x080001ac   Section        6  __rtentry4.o(.ARM.Collect$$rtentry$$00000004)
    .ARM.Collect$$rtentry$$00000009          0x080001b2   Section        0  __rtentry2.o(.ARM.Collect$$rtentry$$00000009)
    .ARM.Collect$$rtentry$$0000000A          0x080001b2   Section        4  __rtentry2.o(.ARM.Collect$$rtentry$$0000000A)
    .ARM.Collect$$rtentry$$0000000C          0x080001b6   Section        0  __rtentry2.o(.ARM.Collect$$rtentry$$0000000C)
    .ARM.Collect$$rtentry$$0000000D          0x080001b6   Section        8  __rtentry2.o(.ARM.Collect$$rtentry$$0000000D)
    .ARM.Collect$$rtexit$$00000000           0x080001be   Section        2  rtexit.o(.ARM.Collect$$rtexit$$00000000)
    .ARM.Collect$$rtexit$$00000002           0x080001c0   Section        0  rtexit2.o(.ARM.Collect$$rtexit$$00000002)
    .ARM.Collect$$rtexit$$00000003           0x080001c0   Section        4  rtexit2.o(.ARM.Collect$$rtexit$$00000003)
    .ARM.Collect$$rtexit$$00000004           0x080001c4   Section        6  rtexit2.o(.ARM.Collect$$rtexit$$00000004)
    .text                                    0x080001cc   Section       64  startup_stm32f103xe.o(.text)
    .text                                    0x0800020c   Section       78  rt_memclr_w.o(.text)
    .text                                    0x0800025a   Section        0  heapauxi.o(.text)
    .text                                    0x08000260   Section       74  sys_stackheap_outer.o(.text)
    .text                                    0x080002aa   Section        0  exit.o(.text)
    .text                                    0x080002bc   Section        8  libspace.o(.text)
    .text                                    0x080002c4   Section        0  sys_exit.o(.text)
    .text                                    0x080002d0   Section        2  use_no_semi.o(.text)
    .text                                    0x080002d2   Section        0  indicate_semi.o(.text)
    i.BSP_SD_GetCardInfo                     0x080002d4   Section        0  bsp_driver_sd.o(i.BSP_SD_GetCardInfo)
    i.BSP_SD_GetCardState                    0x080002e0   Section        0  bsp_driver_sd.o(i.BSP_SD_GetCardState)
    i.BSP_SD_Init                            0x080002f8   Section        0  bsp_driver_sd.o(i.BSP_SD_Init)
    i.BSP_SD_ReadBlocks                      0x0800032c   Section        0  bsp_driver_sd.o(i.BSP_SD_ReadBlocks)
    i.BSP_SD_WriteBlocks                     0x0800034c   Section        0  bsp_driver_sd.o(i.BSP_SD_WriteBlocks)
    i.BusFault_Handler                       0x0800036c   Section        0  stm32f1xx_it.o(i.BusFault_Handler)
    i.DebugMon_Handler                       0x0800036e   Section        0  stm32f1xx_it.o(i.DebugMon_Handler)
    i.Delay                                  0x08000370   Section        0  lcd.o(i.Delay)
    i.EXTI3_IRQHandler                       0x08000380   Section        0  stm32f1xx_it.o(i.EXTI3_IRQHandler)
    i.FATFS_LinkDriver                       0x080003d8   Section        0  ff_gen_drv.o(i.FATFS_LinkDriver)
    i.FATFS_LinkDriverEx                     0x080003e0   Section        0  ff_gen_drv.o(i.FATFS_LinkDriverEx)
    i.FSMC_NORSRAM_Extended_Timing_Init      0x08000420   Section        0  stm32f1xx_ll_fsmc.o(i.FSMC_NORSRAM_Extended_Timing_Init)
    i.FSMC_NORSRAM_Init                      0x0800045c   Section        0  stm32f1xx_ll_fsmc.o(i.FSMC_NORSRAM_Init)
    i.FSMC_NORSRAM_Timing_Init               0x080004f4   Section        0  stm32f1xx_ll_fsmc.o(i.FSMC_NORSRAM_Timing_Init)
    i.HAL_Delay                              0x08000538   Section        0  stm32f1xx_hal.o(i.HAL_Delay)
    i.HAL_FSMC_MspInit                       0x0800055c   Section        0  stm32f1xx_hal_msp.o(i.HAL_FSMC_MspInit)
    HAL_FSMC_MspInit                         0x0800055d   Thumb Code    88  stm32f1xx_hal_msp.o(i.HAL_FSMC_MspInit)
    i.HAL_GPIO_EXTI_Callback                 0x080005c4   Section        0  stm32f1xx_hal_gpio.o(i.HAL_GPIO_EXTI_Callback)
    i.HAL_GPIO_EXTI_IRQHandler               0x080005c8   Section        0  stm32f1xx_hal_gpio.o(i.HAL_GPIO_EXTI_IRQHandler)
    i.HAL_GPIO_Init                          0x080005e0   Section        0  stm32f1xx_hal_gpio.o(i.HAL_GPIO_Init)
    i.HAL_GPIO_ReadPin                       0x080007c8   Section        0  stm32f1xx_hal_gpio.o(i.HAL_GPIO_ReadPin)
    i.HAL_GPIO_WritePin                      0x080007d2   Section        0  stm32f1xx_hal_gpio.o(i.HAL_GPIO_WritePin)
    i.HAL_GetTick                            0x080007dc   Section        0  stm32f1xx_hal.o(i.HAL_GetTick)
    i.HAL_IncTick                            0x080007e8   Section        0  stm32f1xx_hal.o(i.HAL_IncTick)
    i.HAL_Init                               0x080007f8   Section        0  stm32f1xx_hal.o(i.HAL_Init)
    i.HAL_InitTick                           0x0800081c   Section        0  stm32f1xx_hal.o(i.HAL_InitTick)
    i.HAL_MspInit                            0x0800085c   Section        0  stm32f1xx_hal_msp.o(i.HAL_MspInit)
    i.HAL_NVIC_EnableIRQ                     0x08000898   Section        0  stm32f1xx_hal_cortex.o(i.HAL_NVIC_EnableIRQ)
    i.HAL_NVIC_SetPriority                   0x080008b0   Section        0  stm32f1xx_hal_cortex.o(i.HAL_NVIC_SetPriority)
    i.HAL_NVIC_SetPriorityGrouping           0x080008f0   Section        0  stm32f1xx_hal_cortex.o(i.HAL_NVIC_SetPriorityGrouping)
    i.HAL_RCC_ClockConfig                    0x08000914   Section        0  stm32f1xx_hal_rcc.o(i.HAL_RCC_ClockConfig)
    i.HAL_RCC_GetSysClockFreq                0x08000a80   Section        0  stm32f1xx_hal_rcc.o(i.HAL_RCC_GetSysClockFreq)
    i.HAL_RCC_OscConfig                      0x08000aec   Section        0  stm32f1xx_hal_rcc.o(i.HAL_RCC_OscConfig)
    i.HAL_SD_ConfigWideBusOperation          0x08000df0   Section        0  stm32f1xx_hal_sd.o(i.HAL_SD_ConfigWideBusOperation)
    i.HAL_SD_GetCardCSD                      0x08000e68   Section        0  stm32f1xx_hal_sd.o(i.HAL_SD_GetCardCSD)
    i.HAL_SD_GetCardInfo                     0x08001042   Section        0  stm32f1xx_hal_sd.o(i.HAL_SD_GetCardInfo)
    i.HAL_SD_GetCardState                    0x08001066   Section        0  stm32f1xx_hal_sd.o(i.HAL_SD_GetCardState)
    i.HAL_SD_Init                            0x08001092   Section        0  stm32f1xx_hal_sd.o(i.HAL_SD_Init)
    i.HAL_SD_InitCard                        0x080010c8   Section        0  stm32f1xx_hal_sd.o(i.HAL_SD_InitCard)
    i.HAL_SD_MspInit                         0x0800111c   Section        0  stm32f1xx_hal_msp.o(i.HAL_SD_MspInit)
    i.HAL_SD_ReadBlocks                      0x080011a0   Section        0  stm32f1xx_hal_sd.o(i.HAL_SD_ReadBlocks)
    i.HAL_SD_WriteBlocks                     0x08001354   Section        0  stm32f1xx_hal_sd.o(i.HAL_SD_WriteBlocks)
    i.HAL_SRAM_Init                          0x080014ee   Section        0  stm32f1xx_hal_sram.o(i.HAL_SRAM_Init)
    i.HAL_SRAM_MspInit                       0x08001544   Section        0  stm32f1xx_hal_msp.o(i.HAL_SRAM_MspInit)
    i.HAL_SYSTICK_Config                     0x08001548   Section        0  stm32f1xx_hal_cortex.o(i.HAL_SYSTICK_Config)
    i.HardFault_Handler                      0x08001570   Section        0  stm32f1xx_it.o(i.HardFault_Handler)
    i.LCD_BackLed_Control                    0x08001574   Section        0  lcd.o(i.LCD_BackLed_Control)
    i.LCD_Cam_Gram                           0x0800158c   Section        0  lcd.o(i.LCD_Cam_Gram)
    i.LCD_Clear                              0x080015c4   Section        0  lcd.o(i.LCD_Clear)
    i.LCD_FillColor                          0x080015e0   Section        0  lcd.o(i.LCD_FillColor)
    i.LCD_INIT                               0x080015fc   Section        0  lcd.o(i.LCD_INIT)
    i.LCD_OpenWindow                         0x08001620   Section        0  lcd.o(i.LCD_OpenWindow)
    i.LCD_REG_Config                         0x08001660   Section        0  lcd.o(i.LCD_REG_Config)
    i.LCD_Rst                                0x080017d8   Section        0  lcd.o(i.LCD_Rst)
    i.LCD_Write_Data                         0x0800180c   Section        0  lcd.o(i.LCD_Write_Data)
    i.MX_FATFS_Init                          0x08001818   Section        0  fatfs.o(i.MX_FATFS_Init)
    i.MX_FSMC_Init                           0x08001834   Section        0  main.o(i.MX_FSMC_Init)
    MX_FSMC_Init                             0x08001835   Thumb Code   100  main.o(i.MX_FSMC_Init)
    i.MX_GPIO_Init                           0x080018a4   Section        0  main.o(i.MX_GPIO_Init)
    MX_GPIO_Init                             0x080018a5   Thumb Code   350  main.o(i.MX_GPIO_Init)
    i.MemManage_Handler                      0x08001a20   Section        0  stm32f1xx_it.o(i.MemManage_Handler)
    i.NMI_Handler                            0x08001a22   Section        0  stm32f1xx_it.o(i.NMI_Handler)
    i.NVIC_SetPriority                       0x08001a24   Section        0  stm32f1xx_hal_cortex.o(i.NVIC_SetPriority)
    NVIC_SetPriority                         0x08001a25   Thumb Code    32  stm32f1xx_hal_cortex.o(i.NVIC_SetPriority)
    i.Ov7725_Init                            0x08001a44   Section        0  bsp_ov7725.o(i.Ov7725_Init)
    i.PendSV_Handler                         0x08001a9c   Section        0  stm32f1xx_it.o(i.PendSV_Handler)
    i.SCCB_ReadByte                          0x08001aa0   Section        0  bsp_sccb.o(i.SCCB_ReadByte)
    i.SCCB_SendByte                          0x08001b6c   Section        0  bsp_sccb.o(i.SCCB_SendByte)
    SCCB_SendByte                            0x08001b6d   Thumb Code    62  bsp_sccb.o(i.SCCB_SendByte)
    i.SCCB_Start                             0x08001bb0   Section        0  bsp_sccb.o(i.SCCB_Start)
    SCCB_Start                               0x08001bb1   Thumb Code    58  bsp_sccb.o(i.SCCB_Start)
    i.SCCB_Stop                              0x08001bf0   Section        0  bsp_sccb.o(i.SCCB_Stop)
    SCCB_Stop                                0x08001bf1   Thumb Code    36  bsp_sccb.o(i.SCCB_Stop)
    i.SCCB_WaitAck                           0x08001c18   Section        0  bsp_sccb.o(i.SCCB_WaitAck)
    SCCB_WaitAck                             0x08001c19   Thumb Code    46  bsp_sccb.o(i.SCCB_WaitAck)
    i.SCCB_WriteByte                         0x08001c4c   Section        0  bsp_sccb.o(i.SCCB_WriteByte)
    i.SCCB_delay                             0x08001c8a   Section        0  bsp_sccb.o(i.SCCB_delay)
    SCCB_delay                               0x08001c8b   Thumb Code    14  bsp_sccb.o(i.SCCB_delay)
    i.SDIO_ConfigData                        0x08001c98   Section        0  stm32f1xx_ll_sdmmc.o(i.SDIO_ConfigData)
    i.SDIO_GetPowerState                     0x08001cbc   Section        0  stm32f1xx_ll_sdmmc.o(i.SDIO_GetPowerState)
    i.SDIO_GetResponse                       0x08001cc4   Section        0  stm32f1xx_ll_sdmmc.o(i.SDIO_GetResponse)
    i.SDIO_Init                              0x08001cd0   Section        0  stm32f1xx_ll_sdmmc.o(i.SDIO_Init)
    i.SDIO_PowerState_ON                     0x08001cf4   Section        0  stm32f1xx_ll_sdmmc.o(i.SDIO_PowerState_ON)
    i.SDIO_ReadFIFO                          0x08001cfc   Section        0  stm32f1xx_ll_sdmmc.o(i.SDIO_ReadFIFO)
    i.SDIO_SendCommand                       0x08001d02   Section        0  stm32f1xx_ll_sdmmc.o(i.SDIO_SendCommand)
    i.SDIO_WriteFIFO                         0x08001d22   Section        0  stm32f1xx_ll_sdmmc.o(i.SDIO_WriteFIFO)
    i.SDMMC_CmdAppCommand                    0x08001d2c   Section        0  stm32f1xx_ll_sdmmc.o(i.SDMMC_CmdAppCommand)
    i.SDMMC_CmdAppOperCommand                0x08001d60   Section        0  stm32f1xx_ll_sdmmc.o(i.SDMMC_CmdAppOperCommand)
    i.SDMMC_CmdBlockLength                   0x08001d94   Section        0  stm32f1xx_ll_sdmmc.o(i.SDMMC_CmdBlockLength)
    i.SDMMC_CmdBusWidth                      0x08001dc6   Section        0  stm32f1xx_ll_sdmmc.o(i.SDMMC_CmdBusWidth)
    i.SDMMC_CmdGoIdleState                   0x08001df8   Section        0  stm32f1xx_ll_sdmmc.o(i.SDMMC_CmdGoIdleState)
    i.SDMMC_CmdOperCond                      0x08001e48   Section        0  stm32f1xx_ll_sdmmc.o(i.SDMMC_CmdOperCond)
    i.SDMMC_CmdReadMultiBlock                0x08001eb0   Section        0  stm32f1xx_ll_sdmmc.o(i.SDMMC_CmdReadMultiBlock)
    i.SDMMC_CmdReadSingleBlock               0x08001ee2   Section        0  stm32f1xx_ll_sdmmc.o(i.SDMMC_CmdReadSingleBlock)
    i.SDMMC_CmdSelDesel                      0x08001f14   Section        0  stm32f1xx_ll_sdmmc.o(i.SDMMC_CmdSelDesel)
    i.SDMMC_CmdSendCID                       0x08001f46   Section        0  stm32f1xx_ll_sdmmc.o(i.SDMMC_CmdSendCID)
    i.SDMMC_CmdSendCSD                       0x08001f72   Section        0  stm32f1xx_ll_sdmmc.o(i.SDMMC_CmdSendCSD)
    i.SDMMC_CmdSendSCR                       0x08001f9e   Section        0  stm32f1xx_ll_sdmmc.o(i.SDMMC_CmdSendSCR)
    i.SDMMC_CmdSendStatus                    0x08001fce   Section        0  stm32f1xx_ll_sdmmc.o(i.SDMMC_CmdSendStatus)
    i.SDMMC_CmdSetRelAdd                     0x08002000   Section        0  stm32f1xx_ll_sdmmc.o(i.SDMMC_CmdSetRelAdd)
    i.SDMMC_CmdStopTransfer                  0x08002030   Section        0  stm32f1xx_ll_sdmmc.o(i.SDMMC_CmdStopTransfer)
    i.SDMMC_CmdWriteMultiBlock               0x08002064   Section        0  stm32f1xx_ll_sdmmc.o(i.SDMMC_CmdWriteMultiBlock)
    i.SDMMC_CmdWriteSingleBlock              0x08002096   Section        0  stm32f1xx_ll_sdmmc.o(i.SDMMC_CmdWriteSingleBlock)
    i.SDMMC_GetCmdResp1                      0x080020c8   Section        0  stm32f1xx_ll_sdmmc.o(i.SDMMC_GetCmdResp1)
    SDMMC_GetCmdResp1                        0x080020c9   Thumb Code   276  stm32f1xx_ll_sdmmc.o(i.SDMMC_GetCmdResp1)
    i.SDMMC_GetCmdResp2                      0x080021e4   Section        0  stm32f1xx_ll_sdmmc.o(i.SDMMC_GetCmdResp2)
    SDMMC_GetCmdResp2                        0x080021e5   Thumb Code    74  stm32f1xx_ll_sdmmc.o(i.SDMMC_GetCmdResp2)
    i.SDMMC_GetCmdResp3                      0x08002234   Section        0  stm32f1xx_ll_sdmmc.o(i.SDMMC_GetCmdResp3)
    SDMMC_GetCmdResp3                        0x08002235   Thumb Code    60  stm32f1xx_ll_sdmmc.o(i.SDMMC_GetCmdResp3)
    i.SDMMC_GetCmdResp6                      0x08002274   Section        0  stm32f1xx_ll_sdmmc.o(i.SDMMC_GetCmdResp6)
    SDMMC_GetCmdResp6                        0x08002275   Thumb Code   128  stm32f1xx_ll_sdmmc.o(i.SDMMC_GetCmdResp6)
    i.SD_FindSCR                             0x080022f8   Section        0  stm32f1xx_hal_sd.o(i.SD_FindSCR)
    SD_FindSCR                               0x080022f9   Thumb Code   212  stm32f1xx_hal_sd.o(i.SD_FindSCR)
    i.SD_InitCard                            0x080023cc   Section        0  stm32f1xx_hal_sd.o(i.SD_InitCard)
    SD_InitCard                              0x080023cd   Thumb Code   230  stm32f1xx_hal_sd.o(i.SD_InitCard)
    i.SD_PowerON                             0x080024b2   Section        0  stm32f1xx_hal_sd.o(i.SD_PowerON)
    SD_PowerON                               0x080024b3   Thumb Code   162  stm32f1xx_hal_sd.o(i.SD_PowerON)
    i.SD_WideBus_Disable                     0x08002554   Section        0  stm32f1xx_hal_sd.o(i.SD_WideBus_Disable)
    SD_WideBus_Disable                       0x08002555   Thumb Code    78  stm32f1xx_hal_sd.o(i.SD_WideBus_Disable)
    i.SD_WideBus_Enable                      0x080025a2   Section        0  stm32f1xx_hal_sd.o(i.SD_WideBus_Enable)
    SD_WideBus_Enable                        0x080025a3   Thumb Code    78  stm32f1xx_hal_sd.o(i.SD_WideBus_Enable)
    i.SD_initialize                          0x080025f0   Section        0  sd_diskio.o(i.SD_initialize)
    i.SD_ioctl                               0x08002610   Section        0  sd_diskio.o(i.SD_ioctl)
    i.SD_read                                0x08002660   Section        0  sd_diskio.o(i.SD_read)
    i.SD_status                              0x0800269c   Section        0  sd_diskio.o(i.SD_status)
    i.SD_write                               0x080026bc   Section        0  sd_diskio.o(i.SD_write)
    i.SVC_Handler                            0x080026f8   Section        0  stm32f1xx_it.o(i.SVC_Handler)
    i.SysTick_Handler                        0x080026fa   Section        0  stm32f1xx_it.o(i.SysTick_Handler)
    i.SystemClock_Config                     0x080026fe   Section        0  main.o(i.SystemClock_Config)
    i.SystemInit                             0x0800274c   Section        0  system_stm32f1xx.o(i.SystemInit)
    i.UsageFault_Handler                     0x08002794   Section        0  stm32f1xx_it.o(i.UsageFault_Handler)
    i.check_fs                               0x08002798   Section        0  ff.o(i.check_fs)
    check_fs                                 0x08002799   Thumb Code    90  ff.o(i.check_fs)
    i.chk_lock                               0x080027f8   Section        0  ff.o(i.chk_lock)
    chk_lock                                 0x080027f9   Thumb Code   100  ff.o(i.chk_lock)
    i.clear_lock                             0x08002860   Section        0  ff.o(i.clear_lock)
    clear_lock                               0x08002861   Thumb Code    32  ff.o(i.clear_lock)
    i.clmt_clust                             0x08002884   Section        0  ff.o(i.clmt_clust)
    clmt_clust                               0x08002885   Thumb Code    46  ff.o(i.clmt_clust)
    i.clust2sect                             0x080028b2   Section        0  ff.o(i.clust2sect)
    i.create_chain                           0x080028ce   Section        0  ff.o(i.create_chain)
    create_chain                             0x080028cf   Thumb Code   164  ff.o(i.create_chain)
    i.create_name                            0x08002974   Section        0  ff.o(i.create_name)
    create_name                              0x08002975   Thumb Code   236  ff.o(i.create_name)
    i.dec_lock                               0x08002a74   Section        0  ff.o(i.dec_lock)
    dec_lock                                 0x08002a75   Thumb Code    54  ff.o(i.dec_lock)
    i.dir_next                               0x08002ab0   Section        0  ff.o(i.dir_next)
    dir_next                                 0x08002ab1   Thumb Code   284  ff.o(i.dir_next)
    i.dir_register                           0x08002bcc   Section        0  ff.o(i.dir_register)
    dir_register                             0x08002bcd   Thumb Code   112  ff.o(i.dir_register)
    i.dir_sdi                                0x08002c3c   Section        0  ff.o(i.dir_sdi)
    dir_sdi                                  0x08002c3d   Thumb Code   154  ff.o(i.dir_sdi)
    i.disk_initialize                        0x08002cd8   Section        0  diskio.o(i.disk_initialize)
    i.disk_ioctl                             0x08002d00   Section        0  diskio.o(i.disk_ioctl)
    i.disk_read                              0x08002d1c   Section        0  diskio.o(i.disk_read)
    i.disk_status                            0x08002d38   Section        0  diskio.o(i.disk_status)
    i.disk_write                             0x08002d50   Section        0  diskio.o(i.disk_write)
    i.f_close                                0x08002d6c   Section        0  ff.o(i.f_close)
    i.f_mount                                0x08002d98   Section        0  ff.o(i.f_mount)
    i.f_open                                 0x08002dfc   Section        0  ff.o(i.f_open)
    i.f_sync                                 0x08002fe4   Section        0  ff.o(i.f_sync)
    i.f_write                                0x08003086   Section        0  ff.o(i.f_write)
    i.find_volume                            0x0800324c   Section        0  ff.o(i.find_volume)
    find_volume                              0x0800324d   Thumb Code   606  ff.o(i.find_volume)
    i.follow_path                            0x080034b8   Section        0  ff.o(i.follow_path)
    follow_path                              0x080034b9   Thumb Code   184  ff.o(i.follow_path)
    i.get_fat                                0x08003570   Section        0  ff.o(i.get_fat)
    i.get_fattime                            0x08003656   Section        0  fatfs.o(i.get_fattime)
    i.get_ldnumber                           0x0800365a   Section        0  ff.o(i.get_ldnumber)
    get_ldnumber                             0x0800365b   Thumb Code    60  ff.o(i.get_ldnumber)
    i.inc_lock                               0x08003698   Section        0  ff.o(i.inc_lock)
    inc_lock                                 0x08003699   Thumb Code   146  ff.o(i.inc_lock)
    i.ld_clust                               0x08003730   Section        0  ff.o(i.ld_clust)
    ld_clust                                 0x08003731   Thumb Code    22  ff.o(i.ld_clust)
    i.main                                   0x08003748   Section        0  main.o(i.main)
    i.mem_cpy                                0x080037f0   Section        0  ff.o(i.mem_cpy)
    mem_cpy                                  0x080037f1   Thumb Code    18  ff.o(i.mem_cpy)
    i.mem_set                                0x08003802   Section        0  ff.o(i.mem_set)
    mem_set                                  0x08003803   Thumb Code    14  ff.o(i.mem_set)
    i.move_window                            0x08003810   Section        0  ff.o(i.move_window)
    move_window                              0x08003811   Thumb Code    56  ff.o(i.move_window)
    i.newbmp                                 0x08003848   Section        0  main.o(i.newbmp)
    i.put_fat                                0x08003968   Section        0  ff.o(i.put_fat)
    i.remove_chain                           0x08003a86   Section        0  ff.o(i.remove_chain)
    remove_chain                             0x08003a87   Thumb Code   102  ff.o(i.remove_chain)
    i.st_clust                               0x08003aec   Section        0  ff.o(i.st_clust)
    st_clust                                 0x08003aed   Thumb Code    16  ff.o(i.st_clust)
    i.sync_fs                                0x08003afc   Section        0  ff.o(i.sync_fs)
    sync_fs                                  0x08003afd   Thumb Code   168  ff.o(i.sync_fs)
    i.sync_window                            0x08003ba4   Section        0  ff.o(i.sync_window)
    sync_window                              0x08003ba5   Thumb Code    82  ff.o(i.sync_window)
    i.validate                               0x08003bf6   Section        0  ff.o(i.validate)
    validate                                 0x08003bf7   Thumb Code    42  ff.o(i.validate)
    .constdata                               0x08003c20   Section       16  system_stm32f1xx.o(.constdata)
    .constdata                               0x08003c30   Section      172  ff.o(.constdata)
    ExCvt                                    0x08003c30   Data         128  ff.o(.constdata)
    vst                                      0x08003cb0   Data          22  ff.o(.constdata)
    cst                                      0x08003cc6   Data          22  ff.o(.constdata)
    .constdata                               0x08003cdc   Section       20  sd_diskio.o(.constdata)
    .data                                    0x20000000   Section      155  bsp_ov7725.o(.data)
    .data                                    0x2000009c   Section        8  main.o(.data)
    .data                                    0x200000a4   Section        5  fatfs.o(.data)
    .data                                    0x200000ac   Section        8  stm32f1xx_hal_msp.o(.data)
    FSMC_Initialized                         0x200000ac   Data           4  stm32f1xx_hal_msp.o(.data)
    FSMC_DeInitialized                       0x200000b0   Data           4  stm32f1xx_hal_msp.o(.data)
    .data                                    0x200000b4   Section       12  stm32f1xx_hal.o(.data)
    .data                                    0x200000c0   Section        4  system_stm32f1xx.o(.data)
    .data                                    0x200000c4   Section        8  ff.o(.data)
    Fsid                                     0x200000c4   Data           2  ff.o(.data)
    FatFs                                    0x200000c8   Data           4  ff.o(.data)
    .data                                    0x200000cc   Section        1  sd_diskio.o(.data)
    Stat                                     0x200000cc   Data           1  sd_diskio.o(.data)
    .bss                                     0x200000d0   Section     8550  main.o(.bss)
    .bss                                     0x20002238   Section       24  ff.o(.bss)
    Files                                    0x20002238   Data          24  ff.o(.bss)
    .bss                                     0x20002250   Section       12  ff_gen_drv.o(.bss)
    .bss                                     0x2000225c   Section       96  libspace.o(.bss)
    HEAP                                     0x200022c0   Section      512  startup_stm32f103xe.o(HEAP)
    Heap_Mem                                 0x200022c0   Data         512  startup_stm32f103xe.o(HEAP)
    STACK                                    0x200024c0   Section     1024  startup_stm32f103xe.o(STACK)
    Stack_Mem                                0x200024c0   Data        1024  startup_stm32f103xe.o(STACK)
    __initial_sp                             0x200028c0   Data           0  startup_stm32f103xe.o(STACK)

    Global Symbols

    Symbol Name                              Value     Ov Type        Size  Object(Section)

    BuildAttributes$$THM_ISAv4$P$D$K$B$S$PE$A:L22UL41UL21$X:L11$S22US41US21$IEEE1$IW$USESV6$~STKCKD$USESV7$~SHL$OSPACE$ROPI$EBA8$UX$STANDARDLIB$REQ8$PRES8$EABIv2 0x00000000   Number         0  anon$$obj.o ABSOLUTE
    __ARM_use_no_argv                        0x00000000   Number         0  main.o ABSOLUTE
    __ARM_exceptions_init                     - Undefined Weak Reference
    __alloca_initialize                       - Undefined Weak Reference
    __arm_preinit_                            - Undefined Weak Reference
    __cpp_initialize__aeabi_                  - Undefined Weak Reference
    __cxa_finalize                            - Undefined Weak Reference
    __rt_locale                               - Undefined Weak Reference
    __sigvec_lookup                           - Undefined Weak Reference
    _atexit_init                              - Undefined Weak Reference
    _call_atexit_fns                          - Undefined Weak Reference
    _clock_init                               - Undefined Weak Reference
    _fp_trap_init                             - Undefined Weak Reference
    _fp_trap_shutdown                         - Undefined Weak Reference
    _get_lc_collate                           - Undefined Weak Reference
    _get_lc_ctype                             - Undefined Weak Reference
    _get_lc_monetary                          - Undefined Weak Reference
    _get_lc_numeric                           - Undefined Weak Reference
    _get_lc_time                              - Undefined Weak Reference
    _getenv_init                              - Undefined Weak Reference
    _handle_redirection                       - Undefined Weak Reference
    _init_alloc                               - Undefined Weak Reference
    _init_user_alloc                          - Undefined Weak Reference
    _initio                                   - Undefined Weak Reference
    _rand_init                                - Undefined Weak Reference
    _signal_finish                            - Undefined Weak Reference
    _signal_init                              - Undefined Weak Reference
    _terminate_alloc                          - Undefined Weak Reference
    _terminate_user_alloc                     - Undefined Weak Reference
    _terminateio                              - Undefined Weak Reference
    __Vectors_Size                           0x00000130   Number         0  startup_stm32f103xe.o ABSOLUTE
    __Vectors                                0x08000000   Data           4  startup_stm32f103xe.o(RESET)
    __Vectors_End                            0x08000130   Data           0  startup_stm32f103xe.o(RESET)
    __main                                   0x08000131   Thumb Code     8  __main.o(!!!main)
    __scatterload                            0x08000139   Thumb Code     0  __scatter.o(!!!scatter)
    __scatterload_rt2                        0x08000139   Thumb Code    44  __scatter.o(!!!scatter)
    __scatterload_rt2_thumb_only             0x08000139   Thumb Code     0  __scatter.o(!!!scatter)
    __scatterload_null                       0x08000147   Thumb Code     0  __scatter.o(!!!scatter)
    __scatterload_copy                       0x0800016d   Thumb Code    26  __scatter_copy.o(!!handler_copy)
    __scatterload_zeroinit                   0x08000189   Thumb Code    28  __scatter_zi.o(!!handler_zi)
    __rt_lib_init                            0x080001a5   Thumb Code     0  libinit.o(.ARM.Collect$$libinit$$00000000)
    __rt_lib_init_alloca_1                   0x080001a7   Thumb Code     0  libinit2.o(.ARM.Collect$$libinit$$0000002E)
    __rt_lib_init_argv_1                     0x080001a7   Thumb Code     0  libinit2.o(.ARM.Collect$$libinit$$0000002C)
    __rt_lib_init_atexit_1                   0x080001a7   Thumb Code     0  libinit2.o(.ARM.Collect$$libinit$$0000001B)
    __rt_lib_init_clock_1                    0x080001a7   Thumb Code     0  libinit2.o(.ARM.Collect$$libinit$$00000021)
    __rt_lib_init_cpp_1                      0x080001a7   Thumb Code     0  libinit2.o(.ARM.Collect$$libinit$$00000032)
    __rt_lib_init_exceptions_1               0x080001a7   Thumb Code     0  libinit2.o(.ARM.Collect$$libinit$$00000030)
    __rt_lib_init_fp_1                       0x080001a7   Thumb Code     0  libinit2.o(.ARM.Collect$$libinit$$00000002)
    __rt_lib_init_fp_trap_1                  0x080001a7   Thumb Code     0  libinit2.o(.ARM.Collect$$libinit$$0000001F)
    __rt_lib_init_getenv_1                   0x080001a7   Thumb Code     0  libinit2.o(.ARM.Collect$$libinit$$00000023)
    __rt_lib_init_heap_1                     0x080001a7   Thumb Code     0  libinit2.o(.ARM.Collect$$libinit$$0000000A)
    __rt_lib_init_lc_collate_1               0x080001a7   Thumb Code     0  libinit2.o(.ARM.Collect$$libinit$$00000011)
    __rt_lib_init_lc_ctype_1                 0x080001a7   Thumb Code     0  libinit2.o(.ARM.Collect$$libinit$$00000013)
    __rt_lib_init_lc_monetary_1              0x080001a7   Thumb Code     0  libinit2.o(.ARM.Collect$$libinit$$00000015)
    __rt_lib_init_lc_numeric_1               0x080001a7   Thumb Code     0  libinit2.o(.ARM.Collect$$libinit$$00000017)
    __rt_lib_init_lc_time_1                  0x080001a7   Thumb Code     0  libinit2.o(.ARM.Collect$$libinit$$00000019)
    __rt_lib_init_preinit_1                  0x080001a7   Thumb Code     0  libinit2.o(.ARM.Collect$$libinit$$00000004)
    __rt_lib_init_rand_1                     0x080001a7   Thumb Code     0  libinit2.o(.ARM.Collect$$libinit$$0000000E)
    __rt_lib_init_return                     0x080001a7   Thumb Code     0  libinit2.o(.ARM.Collect$$libinit$$00000033)
    __rt_lib_init_signal_1                   0x080001a7   Thumb Code     0  libinit2.o(.ARM.Collect$$libinit$$0000001D)
    __rt_lib_init_stdio_1                    0x080001a7   Thumb Code     0  libinit2.o(.ARM.Collect$$libinit$$00000025)
    __rt_lib_init_user_alloc_1               0x080001a7   Thumb Code     0  libinit2.o(.ARM.Collect$$libinit$$0000000C)
    __rt_lib_shutdown                        0x080001a9   Thumb Code     0  libshutdown.o(.ARM.Collect$$libshutdown$$00000000)
    __rt_lib_shutdown_cpp_1                  0x080001ab   Thumb Code     0  libshutdown2.o(.ARM.Collect$$libshutdown$$00000002)
    __rt_lib_shutdown_fp_trap_1              0x080001ab   Thumb Code     0  libshutdown2.o(.ARM.Collect$$libshutdown$$00000007)
    __rt_lib_shutdown_heap_1                 0x080001ab   Thumb Code     0  libshutdown2.o(.ARM.Collect$$libshutdown$$0000000F)
    __rt_lib_shutdown_return                 0x080001ab   Thumb Code     0  libshutdown2.o(.ARM.Collect$$libshutdown$$00000010)
    __rt_lib_shutdown_signal_1               0x080001ab   Thumb Code     0  libshutdown2.o(.ARM.Collect$$libshutdown$$0000000A)
    __rt_lib_shutdown_stdio_1                0x080001ab   Thumb Code     0  libshutdown2.o(.ARM.Collect$$libshutdown$$00000004)
    __rt_lib_shutdown_user_alloc_1           0x080001ab   Thumb Code     0  libshutdown2.o(.ARM.Collect$$libshutdown$$0000000C)
    __rt_entry                               0x080001ad   Thumb Code     0  __rtentry.o(.ARM.Collect$$rtentry$$00000000)
    __rt_entry_presh_1                       0x080001ad   Thumb Code     0  __rtentry2.o(.ARM.Collect$$rtentry$$00000002)
    __rt_entry_sh                            0x080001ad   Thumb Code     0  __rtentry4.o(.ARM.Collect$$rtentry$$00000004)
    __rt_entry_li                            0x080001b3   Thumb Code     0  __rtentry2.o(.ARM.Collect$$rtentry$$0000000A)
    __rt_entry_postsh_1                      0x080001b3   Thumb Code     0  __rtentry2.o(.ARM.Collect$$rtentry$$00000009)
    __rt_entry_main                          0x080001b7   Thumb Code     0  __rtentry2.o(.ARM.Collect$$rtentry$$0000000D)
    __rt_entry_postli_1                      0x080001b7   Thumb Code     0  __rtentry2.o(.ARM.Collect$$rtentry$$0000000C)
    __rt_exit                                0x080001bf   Thumb Code     0  rtexit.o(.ARM.Collect$$rtexit$$00000000)
    __rt_exit_ls                             0x080001c1   Thumb Code     0  rtexit2.o(.ARM.Collect$$rtexit$$00000003)
    __rt_exit_prels_1                        0x080001c1   Thumb Code     0  rtexit2.o(.ARM.Collect$$rtexit$$00000002)
    __rt_exit_exit                           0x080001c5   Thumb Code     0  rtexit2.o(.ARM.Collect$$rtexit$$00000004)
    Reset_Handler                            0x080001cd   Thumb Code     8  startup_stm32f103xe.o(.text)
    ADC1_2_IRQHandler                        0x080001e7   Thumb Code     0  startup_stm32f103xe.o(.text)
    ADC3_IRQHandler                          0x080001e7   Thumb Code     0  startup_stm32f103xe.o(.text)
    CAN1_RX1_IRQHandler                      0x080001e7   Thumb Code     0  startup_stm32f103xe.o(.text)
    CAN1_SCE_IRQHandler                      0x080001e7   Thumb Code     0  startup_stm32f103xe.o(.text)
    DMA1_Channel1_IRQHandler                 0x080001e7   Thumb Code     0  startup_stm32f103xe.o(.text)
    DMA1_Channel2_IRQHandler                 0x080001e7   Thumb Code     0  startup_stm32f103xe.o(.text)
    DMA1_Channel3_IRQHandler                 0x080001e7   Thumb Code     0  startup_stm32f103xe.o(.text)
    DMA1_Channel4_IRQHandler                 0x080001e7   Thumb Code     0  startup_stm32f103xe.o(.text)
    DMA1_Channel5_IRQHandler                 0x080001e7   Thumb Code     0  startup_stm32f103xe.o(.text)
    DMA1_Channel6_IRQHandler                 0x080001e7   Thumb Code     0  startup_stm32f103xe.o(.text)
    DMA1_Channel7_IRQHandler                 0x080001e7   Thumb Code     0  startup_stm32f103xe.o(.text)
    DMA2_Channel1_IRQHandler                 0x080001e7   Thumb Code     0  startup_stm32f103xe.o(.text)
    DMA2_Channel2_IRQHandler                 0x080001e7   Thumb Code     0  startup_stm32f103xe.o(.text)
    DMA2_Channel3_IRQHandler                 0x080001e7   Thumb Code     0  startup_stm32f103xe.o(.text)
    DMA2_Channel4_5_IRQHandler               0x080001e7   Thumb Code     0  startup_stm32f103xe.o(.text)
    EXTI0_IRQHandler                         0x080001e7   Thumb Code     0  startup_stm32f103xe.o(.text)
    EXTI15_10_IRQHandler                     0x080001e7   Thumb Code     0  startup_stm32f103xe.o(.text)
    EXTI1_IRQHandler                         0x080001e7   Thumb Code     0  startup_stm32f103xe.o(.text)
    EXTI2_IRQHandler                         0x080001e7   Thumb Code     0  startup_stm32f103xe.o(.text)
    EXTI4_IRQHandler                         0x080001e7   Thumb Code     0  startup_stm32f103xe.o(.text)
    EXTI9_5_IRQHandler                       0x080001e7   Thumb Code     0  startup_stm32f103xe.o(.text)
    FLASH_IRQHandler                         0x080001e7   Thumb Code     0  startup_stm32f103xe.o(.text)
    FSMC_IRQHandler                          0x080001e7   Thumb Code     0  startup_stm32f103xe.o(.text)
    I2C1_ER_IRQHandler                       0x080001e7   Thumb Code     0  startup_stm32f103xe.o(.text)
    I2C1_EV_IRQHandler                       0x080001e7   Thumb Code     0  startup_stm32f103xe.o(.text)
    I2C2_ER_IRQHandler                       0x080001e7   Thumb Code     0  startup_stm32f103xe.o(.text)
    I2C2_EV_IRQHandler                       0x080001e7   Thumb Code     0  startup_stm32f103xe.o(.text)
    PVD_IRQHandler                           0x080001e7   Thumb Code     0  startup_stm32f103xe.o(.text)
    RCC_IRQHandler                           0x080001e7   Thumb Code     0  startup_stm32f103xe.o(.text)
    RTC_Alarm_IRQHandler                     0x080001e7   Thumb Code     0  startup_stm32f103xe.o(.text)
    RTC_IRQHandler                           0x080001e7   Thumb Code     0  startup_stm32f103xe.o(.text)
    SDIO_IRQHandler                          0x080001e7   Thumb Code     0  startup_stm32f103xe.o(.text)
    SPI1_IRQHandler                          0x080001e7   Thumb Code     0  startup_stm32f103xe.o(.text)
    SPI2_IRQHandler                          0x080001e7   Thumb Code     0  startup_stm32f103xe.o(.text)
    SPI3_IRQHandler                          0x080001e7   Thumb Code     0  startup_stm32f103xe.o(.text)
    TAMPER_IRQHandler                        0x080001e7   Thumb Code     0  startup_stm32f103xe.o(.text)
    TIM1_BRK_IRQHandler                      0x080001e7   Thumb Code     0  startup_stm32f103xe.o(.text)
    TIM1_CC_IRQHandler                       0x080001e7   Thumb Code     0  startup_stm32f103xe.o(.text)
    TIM1_TRG_COM_IRQHandler                  0x080001e7   Thumb Code     0  startup_stm32f103xe.o(.text)
    TIM1_UP_IRQHandler                       0x080001e7   Thumb Code     0  startup_stm32f103xe.o(.text)
    TIM2_IRQHandler                          0x080001e7   Thumb Code     0  startup_stm32f103xe.o(.text)
    TIM3_IRQHandler                          0x080001e7   Thumb Code     0  startup_stm32f103xe.o(.text)
    TIM4_IRQHandler                          0x080001e7   Thumb Code     0  startup_stm32f103xe.o(.text)
    TIM5_IRQHandler                          0x080001e7   Thumb Code     0  startup_stm32f103xe.o(.text)
    TIM6_IRQHandler                          0x080001e7   Thumb Code     0  startup_stm32f103xe.o(.text)
    TIM7_IRQHandler                          0x080001e7   Thumb Code     0  startup_stm32f103xe.o(.text)
    TIM8_BRK_IRQHandler                      0x080001e7   Thumb Code     0  startup_stm32f103xe.o(.text)
    TIM8_CC_IRQHandler                       0x080001e7   Thumb Code     0  startup_stm32f103xe.o(.text)
    TIM8_TRG_COM_IRQHandler                  0x080001e7   Thumb Code     0  startup_stm32f103xe.o(.text)
    TIM8_UP_IRQHandler                       0x080001e7   Thumb Code     0  startup_stm32f103xe.o(.text)
    UART4_IRQHandler                         0x080001e7   Thumb Code     0  startup_stm32f103xe.o(.text)
    UART5_IRQHandler                         0x080001e7   Thumb Code     0  startup_stm32f103xe.o(.text)
    USART1_IRQHandler                        0x080001e7   Thumb Code     0  startup_stm32f103xe.o(.text)
    USART2_IRQHandler                        0x080001e7   Thumb Code     0  startup_stm32f103xe.o(.text)
    USART3_IRQHandler                        0x080001e7   Thumb Code     0  startup_stm32f103xe.o(.text)
    USBWakeUp_IRQHandler                     0x080001e7   Thumb Code     0  startup_stm32f103xe.o(.text)
    USB_HP_CAN1_TX_IRQHandler                0x080001e7   Thumb Code     0  startup_stm32f103xe.o(.text)
    USB_LP_CAN1_RX0_IRQHandler               0x080001e7   Thumb Code     0  startup_stm32f103xe.o(.text)
    WWDG_IRQHandler                          0x080001e7   Thumb Code     0  startup_stm32f103xe.o(.text)
    __user_initial_stackheap                 0x080001e9   Thumb Code     0  startup_stm32f103xe.o(.text)
    __aeabi_memclr4                          0x0800020d   Thumb Code     0  rt_memclr_w.o(.text)
    __aeabi_memclr8                          0x0800020d   Thumb Code     0  rt_memclr_w.o(.text)
    __rt_memclr_w                            0x0800020d   Thumb Code    78  rt_memclr_w.o(.text)
    _memset_w                                0x08000211   Thumb Code     0  rt_memclr_w.o(.text)
    __use_two_region_memory                  0x0800025b   Thumb Code     2  heapauxi.o(.text)
    __rt_heap_escrow$2region                 0x0800025d   Thumb Code     2  heapauxi.o(.text)
    __rt_heap_expand$2region                 0x0800025f   Thumb Code     2  heapauxi.o(.text)
    __user_setup_stackheap                   0x08000261   Thumb Code    74  sys_stackheap_outer.o(.text)
    exit                                     0x080002ab   Thumb Code    18  exit.o(.text)
    __user_libspace                          0x080002bd   Thumb Code     8  libspace.o(.text)
    __user_perproc_libspace                  0x080002bd   Thumb Code     0  libspace.o(.text)
    __user_perthread_libspace                0x080002bd   Thumb Code     0  libspace.o(.text)
    _sys_exit                                0x080002c5   Thumb Code     8  sys_exit.o(.text)
    __I$use$semihosting                      0x080002d1   Thumb Code     0  use_no_semi.o(.text)
    __use_no_semihosting_swi                 0x080002d1   Thumb Code     2  use_no_semi.o(.text)
    __semihosting_library_function           0x080002d3   Thumb Code     0  indicate_semi.o(.text)
    BSP_SD_GetCardInfo                       0x080002d5   Thumb Code     8  bsp_driver_sd.o(i.BSP_SD_GetCardInfo)
    BSP_SD_GetCardState                      0x080002e1   Thumb Code    20  bsp_driver_sd.o(i.BSP_SD_GetCardState)
    BSP_SD_Init                              0x080002f9   Thumb Code    48  bsp_driver_sd.o(i.BSP_SD_Init)
    BSP_SD_ReadBlocks                        0x0800032d   Thumb Code    26  bsp_driver_sd.o(i.BSP_SD_ReadBlocks)
    BSP_SD_WriteBlocks                       0x0800034d   Thumb Code    26  bsp_driver_sd.o(i.BSP_SD_WriteBlocks)
    BusFault_Handler                         0x0800036d   Thumb Code     2  stm32f1xx_it.o(i.BusFault_Handler)
    DebugMon_Handler                         0x0800036f   Thumb Code     2  stm32f1xx_it.o(i.DebugMon_Handler)
    Delay                                    0x08000371   Thumb Code    16  lcd.o(i.Delay)
    EXTI3_IRQHandler                         0x08000381   Thumb Code    72  stm32f1xx_it.o(i.EXTI3_IRQHandler)
    FATFS_LinkDriver                         0x080003d9   Thumb Code     6  ff_gen_drv.o(i.FATFS_LinkDriver)
    FATFS_LinkDriverEx                       0x080003e1   Thumb Code    60  ff_gen_drv.o(i.FATFS_LinkDriverEx)
    FSMC_NORSRAM_Extended_Timing_Init        0x08000421   Thumb Code    56  stm32f1xx_ll_fsmc.o(i.FSMC_NORSRAM_Extended_Timing_Init)
    FSMC_NORSRAM_Init                        0x0800045d   Thumb Code   148  stm32f1xx_ll_fsmc.o(i.FSMC_NORSRAM_Init)
    FSMC_NORSRAM_Timing_Init                 0x080004f5   Thumb Code    64  stm32f1xx_ll_fsmc.o(i.FSMC_NORSRAM_Timing_Init)
    HAL_Delay                                0x08000539   Thumb Code    32  stm32f1xx_hal.o(i.HAL_Delay)
    HAL_GPIO_EXTI_Callback                   0x080005c5   Thumb Code     2  stm32f1xx_hal_gpio.o(i.HAL_GPIO_EXTI_Callback)
    HAL_GPIO_EXTI_IRQHandler                 0x080005c9   Thumb Code    18  stm32f1xx_hal_gpio.o(i.HAL_GPIO_EXTI_IRQHandler)
    HAL_GPIO_Init                            0x080005e1   Thumb Code   446  stm32f1xx_hal_gpio.o(i.HAL_GPIO_Init)
    HAL_GPIO_ReadPin                         0x080007c9   Thumb Code    10  stm32f1xx_hal_gpio.o(i.HAL_GPIO_ReadPin)
    HAL_GPIO_WritePin                        0x080007d3   Thumb Code    10  stm32f1xx_hal_gpio.o(i.HAL_GPIO_WritePin)
    HAL_GetTick                              0x080007dd   Thumb Code     6  stm32f1xx_hal.o(i.HAL_GetTick)
    HAL_IncTick                              0x080007e9   Thumb Code    12  stm32f1xx_hal.o(i.HAL_IncTick)
    HAL_Init                                 0x080007f9   Thumb Code    32  stm32f1xx_hal.o(i.HAL_Init)
    HAL_InitTick                             0x0800081d   Thumb Code    54  stm32f1xx_hal.o(i.HAL_InitTick)
    HAL_MspInit                              0x0800085d   Thumb Code    52  stm32f1xx_hal_msp.o(i.HAL_MspInit)
    HAL_NVIC_EnableIRQ                       0x08000899   Thumb Code    22  stm32f1xx_hal_cortex.o(i.HAL_NVIC_EnableIRQ)
    HAL_NVIC_SetPriority                     0x080008b1   Thumb Code    60  stm32f1xx_hal_cortex.o(i.HAL_NVIC_SetPriority)
    HAL_NVIC_SetPriorityGrouping             0x080008f1   Thumb Code    26  stm32f1xx_hal_cortex.o(i.HAL_NVIC_SetPriorityGrouping)
    HAL_RCC_ClockConfig                      0x08000915   Thumb Code   346  stm32f1xx_hal_rcc.o(i.HAL_RCC_ClockConfig)
    HAL_RCC_GetSysClockFreq                  0x08000a81   Thumb Code    74  stm32f1xx_hal_rcc.o(i.HAL_RCC_GetSysClockFreq)
    HAL_RCC_OscConfig                        0x08000aed   Thumb Code   750  stm32f1xx_hal_rcc.o(i.HAL_RCC_OscConfig)
    HAL_SD_ConfigWideBusOperation            0x08000df1   Thumb Code   120  stm32f1xx_hal_sd.o(i.HAL_SD_ConfigWideBusOperation)
    HAL_SD_GetCardCSD                        0x08000e69   Thumb Code   474  stm32f1xx_hal_sd.o(i.HAL_SD_GetCardCSD)
    HAL_SD_GetCardInfo                       0x08001043   Thumb Code    36  stm32f1xx_hal_sd.o(i.HAL_SD_GetCardInfo)
    HAL_SD_GetCardState                      0x08001067   Thumb Code    44  stm32f1xx_hal_sd.o(i.HAL_SD_GetCardState)
    HAL_SD_Init                              0x08001093   Thumb Code    54  stm32f1xx_hal_sd.o(i.HAL_SD_Init)
    HAL_SD_InitCard                          0x080010c9   Thumb Code    80  stm32f1xx_hal_sd.o(i.HAL_SD_InitCard)
    HAL_SD_MspInit                           0x0800111d   Thumb Code   114  stm32f1xx_hal_msp.o(i.HAL_SD_MspInit)
    HAL_SD_ReadBlocks                        0x080011a1   Thumb Code   434  stm32f1xx_hal_sd.o(i.HAL_SD_ReadBlocks)
    HAL_SD_WriteBlocks                       0x08001355   Thumb Code   410  stm32f1xx_hal_sd.o(i.HAL_SD_WriteBlocks)
    HAL_SRAM_Init                            0x080014ef   Thumb Code    86  stm32f1xx_hal_sram.o(i.HAL_SRAM_Init)
    HAL_SRAM_MspInit                         0x08001545   Thumb Code     4  stm32f1xx_hal_msp.o(i.HAL_SRAM_MspInit)
    HAL_SYSTICK_Config                       0x08001549   Thumb Code    40  stm32f1xx_hal_cortex.o(i.HAL_SYSTICK_Config)
    HardFault_Handler                        0x08001571   Thumb Code     2  stm32f1xx_it.o(i.HardFault_Handler)
    LCD_BackLed_Control                      0x08001575   Thumb Code    20  lcd.o(i.LCD_BackLed_Control)
    LCD_Cam_Gram                             0x0800158d   Thumb Code    52  lcd.o(i.LCD_Cam_Gram)
    LCD_Clear                                0x080015c5   Thumb Code    26  lcd.o(i.LCD_Clear)
    LCD_FillColor                            0x080015e1   Thumb Code    24  lcd.o(i.LCD_FillColor)
    LCD_INIT                                 0x080015fd   Thumb Code    34  lcd.o(i.LCD_INIT)
    LCD_OpenWindow                           0x08001621   Thumb Code    58  lcd.o(i.LCD_OpenWindow)
    LCD_REG_Config                           0x08001661   Thumb Code   368  lcd.o(i.LCD_REG_Config)
    LCD_Rst                                  0x080017d9   Thumb Code    42  lcd.o(i.LCD_Rst)
    LCD_Write_Data                           0x0800180d   Thumb Code     6  lcd.o(i.LCD_Write_Data)
    MX_FATFS_Init                            0x08001819   Thumb Code    18  fatfs.o(i.MX_FATFS_Init)
    MemManage_Handler                        0x08001a21   Thumb Code     2  stm32f1xx_it.o(i.MemManage_Handler)
    NMI_Handler                              0x08001a23   Thumb Code     2  stm32f1xx_it.o(i.NMI_Handler)
    Ov7725_Init                              0x08001a45   Thumb Code    84  bsp_ov7725.o(i.Ov7725_Init)
    PendSV_Handler                           0x08001a9d   Thumb Code     2  stm32f1xx_it.o(i.PendSV_Handler)
    SCCB_ReadByte                            0x08001aa1   Thumb Code   200  bsp_sccb.o(i.SCCB_ReadByte)
    SCCB_WriteByte                           0x08001c4d   Thumb Code    62  bsp_sccb.o(i.SCCB_WriteByte)
    SDIO_ConfigData                          0x08001c99   Thumb Code    36  stm32f1xx_ll_sdmmc.o(i.SDIO_ConfigData)
    SDIO_GetPowerState                       0x08001cbd   Thumb Code     8  stm32f1xx_ll_sdmmc.o(i.SDIO_GetPowerState)
    SDIO_GetResponse                         0x08001cc5   Thumb Code    12  stm32f1xx_ll_sdmmc.o(i.SDIO_GetResponse)
    SDIO_Init                                0x08001cd1   Thumb Code    36  stm32f1xx_ll_sdmmc.o(i.SDIO_Init)
    SDIO_PowerState_ON                       0x08001cf5   Thumb Code     8  stm32f1xx_ll_sdmmc.o(i.SDIO_PowerState_ON)
    SDIO_ReadFIFO                            0x08001cfd   Thumb Code     6  stm32f1xx_ll_sdmmc.o(i.SDIO_ReadFIFO)
    SDIO_SendCommand                         0x08001d03   Thumb Code    32  stm32f1xx_ll_sdmmc.o(i.SDIO_SendCommand)
    SDIO_WriteFIFO                           0x08001d23   Thumb Code    10  stm32f1xx_ll_sdmmc.o(i.SDIO_WriteFIFO)
    SDMMC_CmdAppCommand                      0x08001d2d   Thumb Code    50  stm32f1xx_ll_sdmmc.o(i.SDMMC_CmdAppCommand)
    SDMMC_CmdAppOperCommand                  0x08001d61   Thumb Code    48  stm32f1xx_ll_sdmmc.o(i.SDMMC_CmdAppOperCommand)
    SDMMC_CmdBlockLength                     0x08001d95   Thumb Code    50  stm32f1xx_ll_sdmmc.o(i.SDMMC_CmdBlockLength)
    SDMMC_CmdBusWidth                        0x08001dc7   Thumb Code    50  stm32f1xx_ll_sdmmc.o(i.SDMMC_CmdBusWidth)
    SDMMC_CmdGoIdleState                     0x08001df9   Thumb Code    76  stm32f1xx_ll_sdmmc.o(i.SDMMC_CmdGoIdleState)
    SDMMC_CmdOperCond                        0x08001e49   Thumb Code    98  stm32f1xx_ll_sdmmc.o(i.SDMMC_CmdOperCond)
    SDMMC_CmdReadMultiBlock                  0x08001eb1   Thumb Code    50  stm32f1xx_ll_sdmmc.o(i.SDMMC_CmdReadMultiBlock)
    SDMMC_CmdReadSingleBlock                 0x08001ee3   Thumb Code    50  stm32f1xx_ll_sdmmc.o(i.SDMMC_CmdReadSingleBlock)
    SDMMC_CmdSelDesel                        0x08001f15   Thumb Code    50  stm32f1xx_ll_sdmmc.o(i.SDMMC_CmdSelDesel)
    SDMMC_CmdSendCID                         0x08001f47   Thumb Code    44  stm32f1xx_ll_sdmmc.o(i.SDMMC_CmdSendCID)
    SDMMC_CmdSendCSD                         0x08001f73   Thumb Code    44  stm32f1xx_ll_sdmmc.o(i.SDMMC_CmdSendCSD)
    SDMMC_CmdSendSCR                         0x08001f9f   Thumb Code    48  stm32f1xx_ll_sdmmc.o(i.SDMMC_CmdSendSCR)
    SDMMC_CmdSendStatus                      0x08001fcf   Thumb Code    50  stm32f1xx_ll_sdmmc.o(i.SDMMC_CmdSendStatus)
    SDMMC_CmdSetRelAdd                       0x08002001   Thumb Code    48  stm32f1xx_ll_sdmmc.o(i.SDMMC_CmdSetRelAdd)
    SDMMC_CmdStopTransfer                    0x08002031   Thumb Code    46  stm32f1xx_ll_sdmmc.o(i.SDMMC_CmdStopTransfer)
    SDMMC_CmdWriteMultiBlock                 0x08002065   Thumb Code    50  stm32f1xx_ll_sdmmc.o(i.SDMMC_CmdWriteMultiBlock)
    SDMMC_CmdWriteSingleBlock                0x08002097   Thumb Code    50  stm32f1xx_ll_sdmmc.o(i.SDMMC_CmdWriteSingleBlock)
    SD_initialize                            0x080025f1   Thumb Code    26  sd_diskio.o(i.SD_initialize)
    SD_ioctl                                 0x08002611   Thumb Code    74  sd_diskio.o(i.SD_ioctl)
    SD_read                                  0x08002661   Thumb Code    52  sd_diskio.o(i.SD_read)
    SD_status                                0x0800269d   Thumb Code    26  sd_diskio.o(i.SD_status)
    SD_write                                 0x080026bd   Thumb Code    52  sd_diskio.o(i.SD_write)
    SVC_Handler                              0x080026f9   Thumb Code     2  stm32f1xx_it.o(i.SVC_Handler)
    SysTick_Handler                          0x080026fb   Thumb Code     4  stm32f1xx_it.o(i.SysTick_Handler)
    SystemClock_Config                       0x080026ff   Thumb Code    78  main.o(i.SystemClock_Config)
    SystemInit                               0x0800274d   Thumb Code    56  system_stm32f1xx.o(i.SystemInit)
    UsageFault_Handler                       0x08002795   Thumb Code     2  stm32f1xx_it.o(i.UsageFault_Handler)
    clust2sect                               0x080028b3   Thumb Code    28  ff.o(i.clust2sect)
    disk_initialize                          0x08002cd9   Thumb Code    36  diskio.o(i.disk_initialize)
    disk_ioctl                               0x08002d01   Thumb Code    24  diskio.o(i.disk_ioctl)
    disk_read                                0x08002d1d   Thumb Code    24  diskio.o(i.disk_read)
    disk_status                              0x08002d39   Thumb Code    18  diskio.o(i.disk_status)
    disk_write                               0x08002d51   Thumb Code    24  diskio.o(i.disk_write)
    f_close                                  0x08002d6d   Thumb Code    42  ff.o(i.f_close)
    f_mount                                  0x08002d99   Thumb Code    94  ff.o(i.f_mount)
    f_open                                   0x08002dfd   Thumb Code   484  ff.o(i.f_open)
    f_sync                                   0x08002fe5   Thumb Code   162  ff.o(i.f_sync)
    f_write                                  0x08003087   Thumb Code   454  ff.o(i.f_write)
    get_fat                                  0x08003571   Thumb Code   230  ff.o(i.get_fat)
    get_fattime                              0x08003657   Thumb Code     4  fatfs.o(i.get_fattime)
    main                                     0x08003749   Thumb Code   134  main.o(i.main)
    newbmp                                   0x08003849   Thumb Code   252  main.o(i.newbmp)
    put_fat                                  0x08003969   Thumb Code   286  ff.o(i.put_fat)
    AHBPrescTable                            0x08003c20   Data          16  system_stm32f1xx.o(.constdata)
    SD_Driver                                0x08003cdc   Data          20  sd_diskio.o(.constdata)
    Region$$Table$$Base                      0x08003cf0   Number         0  anon$$obj.o(Region$$Table)
    Region$$Table$$Limit                     0x08003d10   Number         0  anon$$obj.o(Region$$Table)
    OV7725_REG_NUM                           0x20000000   Data           1  bsp_ov7725.o(.data)
    Sensor_Config                            0x20000001   Data         154  bsp_ov7725.o(.data)
    Ov7725_vsync                             0x2000009c   Data           1  main.o(.data)
    numberofbytes                            0x200000a0   Data           4  main.o(.data)
    retSD                                    0x200000a4   Data           1  fatfs.o(.data)
    SDPath                                   0x200000a5   Data           4  fatfs.o(.data)
    uwTickFreq                               0x200000b4   Data           1  stm32f1xx_hal.o(.data)
    uwTickPrio                               0x200000b8   Data           4  stm32f1xx_hal.o(.data)
    uwTick                                   0x200000bc   Data           4  stm32f1xx_hal.o(.data)
    SystemCoreClock                          0x200000c0   Data           4  system_stm32f1xx.o(.data)
    hsd                                      0x200000d0   Data         132  main.o(.bss)
    hsram1                                   0x20000154   Data          68  main.o(.bss)
    myFATFS                                  0x20000198   Data        4144  main.o(.bss)
    myFILE                                   0x200011c8   Data        4140  main.o(.bss)
    bmp                                      0x200021f4   Data          66  main.o(.bss)
    disk                                     0x20002250   Data          12  ff_gen_drv.o(.bss)
    __libspace_start                         0x2000225c   Data          96  libspace.o(.bss)
    __temporary_stack_top$libspace           0x200022bc   Data           0  libspace.o(.bss)



==============================================================================

Memory Map of the image

  Image Entry point : 0x08000131

  Load Region LR_IROM1 (Base: 0x08000000, Size: 0x00003de0, Max: 0x00080000, ABSOLUTE)

    Execution Region ER_IROM1 (Base: 0x08000000, Size: 0x00003d10, Max: 0x00080000, ABSOLUTE)

    Base Addr    Size         Type   Attr      Idx    E Section Name        Object

    0x08000000   0x00000130   Data   RO            3    RESET               startup_stm32f103xe.o
    0x08000130   0x00000008   Code   RO         2997  * !!!main             c_w.l(__main.o)
    0x08000138   0x00000034   Code   RO         3175    !!!scatter          c_w.l(__scatter.o)
    0x0800016c   0x0000001a   Code   RO         3177    !!handler_copy      c_w.l(__scatter_copy.o)
    0x08000186   0x00000002   PAD
    0x08000188   0x0000001c   Code   RO         3179    !!handler_zi        c_w.l(__scatter_zi.o)
    0x080001a4   0x00000002   Code   RO         3045    .ARM.Collect$$libinit$$00000000  c_w.l(libinit.o)
    0x080001a6   0x00000000   Code   RO         3052    .ARM.Collect$$libinit$$00000002  c_w.l(libinit2.o)
    0x080001a6   0x00000000   Code   RO         3054    .ARM.Collect$$libinit$$00000004  c_w.l(libinit2.o)
    0x080001a6   0x00000000   Code   RO         3057    .ARM.Collect$$libinit$$0000000A  c_w.l(libinit2.o)
    0x080001a6   0x00000000   Code   RO         3059    .ARM.Collect$$libinit$$0000000C  c_w.l(libinit2.o)
    0x080001a6   0x00000000   Code   RO         3061    .ARM.Collect$$libinit$$0000000E  c_w.l(libinit2.o)
    0x080001a6   0x00000000   Code   RO         3064    .ARM.Collect$$libinit$$00000011  c_w.l(libinit2.o)
    0x080001a6   0x00000000   Code   RO         3066    .ARM.Collect$$libinit$$00000013  c_w.l(libinit2.o)
    0x080001a6   0x00000000   Code   RO         3068    .ARM.Collect$$libinit$$00000015  c_w.l(libinit2.o)
    0x080001a6   0x00000000   Code   RO         3070    .ARM.Collect$$libinit$$00000017  c_w.l(libinit2.o)
    0x080001a6   0x00000000   Code   RO         3072    .ARM.Collect$$libinit$$00000019  c_w.l(libinit2.o)
    0x080001a6   0x00000000   Code   RO         3074    .ARM.Collect$$libinit$$0000001B  c_w.l(libinit2.o)
    0x080001a6   0x00000000   Code   RO         3076    .ARM.Collect$$libinit$$0000001D  c_w.l(libinit2.o)
    0x080001a6   0x00000000   Code   RO         3078    .ARM.Collect$$libinit$$0000001F  c_w.l(libinit2.o)
    0x080001a6   0x00000000   Code   RO         3080    .ARM.Collect$$libinit$$00000021  c_w.l(libinit2.o)
    0x080001a6   0x00000000   Code   RO         3082    .ARM.Collect$$libinit$$00000023  c_w.l(libinit2.o)
    0x080001a6   0x00000000   Code   RO         3084    .ARM.Collect$$libinit$$00000025  c_w.l(libinit2.o)
    0x080001a6   0x00000000   Code   RO         3088    .ARM.Collect$$libinit$$0000002C  c_w.l(libinit2.o)
    0x080001a6   0x00000000   Code   RO         3090    .ARM.Collect$$libinit$$0000002E  c_w.l(libinit2.o)
    0x080001a6   0x00000000   Code   RO         3092    .ARM.Collect$$libinit$$00000030  c_w.l(libinit2.o)
    0x080001a6   0x00000000   Code   RO         3094    .ARM.Collect$$libinit$$00000032  c_w.l(libinit2.o)
    0x080001a6   0x00000002   Code   RO         3095    .ARM.Collect$$libinit$$00000033  c_w.l(libinit2.o)
    0x080001a8   0x00000002   Code   RO         3115    .ARM.Collect$$libshutdown$$00000000  c_w.l(libshutdown.o)
    0x080001aa   0x00000000   Code   RO         3128    .ARM.Collect$$libshutdown$$00000002  c_w.l(libshutdown2.o)
    0x080001aa   0x00000000   Code   RO         3130    .ARM.Collect$$libshutdown$$00000004  c_w.l(libshutdown2.o)
    0x080001aa   0x00000000   Code   RO         3133    .ARM.Collect$$libshutdown$$00000007  c_w.l(libshutdown2.o)
    0x080001aa   0x00000000   Code   RO         3136    .ARM.Collect$$libshutdown$$0000000A  c_w.l(libshutdown2.o)
    0x080001aa   0x00000000   Code   RO         3138    .ARM.Collect$$libshutdown$$0000000C  c_w.l(libshutdown2.o)
    0x080001aa   0x00000000   Code   RO         3141    .ARM.Collect$$libshutdown$$0000000F  c_w.l(libshutdown2.o)
    0x080001aa   0x00000002   Code   RO         3142    .ARM.Collect$$libshutdown$$00000010  c_w.l(libshutdown2.o)
    0x080001ac   0x00000000   Code   RO         3015    .ARM.Collect$$rtentry$$00000000  c_w.l(__rtentry.o)
    0x080001ac   0x00000000   Code   RO         3022    .ARM.Collect$$rtentry$$00000002  c_w.l(__rtentry2.o)
    0x080001ac   0x00000006   Code   RO         3034    .ARM.Collect$$rtentry$$00000004  c_w.l(__rtentry4.o)
    0x080001b2   0x00000000   Code   RO         3024    .ARM.Collect$$rtentry$$00000009  c_w.l(__rtentry2.o)
    0x080001b2   0x00000004   Code   RO         3025    .ARM.Collect$$rtentry$$0000000A  c_w.l(__rtentry2.o)
    0x080001b6   0x00000000   Code   RO         3027    .ARM.Collect$$rtentry$$0000000C  c_w.l(__rtentry2.o)
    0x080001b6   0x00000008   Code   RO         3028    .ARM.Collect$$rtentry$$0000000D  c_w.l(__rtentry2.o)
    0x080001be   0x00000002   Code   RO         3049    .ARM.Collect$$rtexit$$00000000  c_w.l(rtexit.o)
    0x080001c0   0x00000000   Code   RO         3097    .ARM.Collect$$rtexit$$00000002  c_w.l(rtexit2.o)
    0x080001c0   0x00000004   Code   RO         3098    .ARM.Collect$$rtexit$$00000003  c_w.l(rtexit2.o)
    0x080001c4   0x00000006   Code   RO         3099    .ARM.Collect$$rtexit$$00000004  c_w.l(rtexit2.o)
    0x080001ca   0x00000002   PAD
    0x080001cc   0x00000040   Code   RO            4    .text               startup_stm32f103xe.o
    0x0800020c   0x0000004e   Code   RO         2993    .text               c_w.l(rt_memclr_w.o)
    0x0800025a   0x00000006   Code   RO         2995    .text               c_w.l(heapauxi.o)
    0x08000260   0x0000004a   Code   RO         3036    .text               c_w.l(sys_stackheap_outer.o)
    0x080002aa   0x00000012   Code   RO         3038    .text               c_w.l(exit.o)
    0x080002bc   0x00000008   Code   RO         3046    .text               c_w.l(libspace.o)
    0x080002c4   0x0000000c   Code   RO         3107    .text               c_w.l(sys_exit.o)
    0x080002d0   0x00000002   Code   RO         3118    .text               c_w.l(use_no_semi.o)
    0x080002d2   0x00000000   Code   RO         3120    .text               c_w.l(indicate_semi.o)
    0x080002d2   0x00000002   PAD
    0x080002d4   0x0000000c   Code   RO          417    i.BSP_SD_GetCardInfo  bsp_driver_sd.o
    0x080002e0   0x00000018   Code   RO          418    i.BSP_SD_GetCardState  bsp_driver_sd.o
    0x080002f8   0x00000034   Code   RO          421    i.BSP_SD_Init       bsp_driver_sd.o
    0x0800032c   0x00000020   Code   RO          423    i.BSP_SD_ReadBlocks  bsp_driver_sd.o
    0x0800034c   0x00000020   Code   RO          426    i.BSP_SD_WriteBlocks  bsp_driver_sd.o
    0x0800036c   0x00000002   Code   RO          593    i.BusFault_Handler  stm32f1xx_it.o
    0x0800036e   0x00000002   Code   RO          594    i.DebugMon_Handler  stm32f1xx_it.o
    0x08000370   0x00000010   Code   RO          194    i.Delay             lcd.o
    0x08000380   0x00000058   Code   RO          595    i.EXTI3_IRQHandler  stm32f1xx_it.o
    0x080003d8   0x00000006   Code   RO         2852    i.FATFS_LinkDriver  ff_gen_drv.o
    0x080003de   0x00000002   PAD
    0x080003e0   0x00000040   Code   RO         2853    i.FATFS_LinkDriverEx  ff_gen_drv.o
    0x08000420   0x0000003c   Code   RO         1665    i.FSMC_NORSRAM_Extended_Timing_Init  stm32f1xx_ll_fsmc.o
    0x0800045c   0x00000098   Code   RO         1666    i.FSMC_NORSRAM_Init  stm32f1xx_ll_fsmc.o
    0x080004f4   0x00000044   Code   RO         1667    i.FSMC_NORSRAM_Timing_Init  stm32f1xx_ll_fsmc.o
    0x08000538   0x00000024   Code   RO          773    i.HAL_Delay         stm32f1xx_hal.o
    0x0800055c   0x00000068   Code   RO          675    i.HAL_FSMC_MspInit  stm32f1xx_hal_msp.o
    0x080005c4   0x00000002   Code   RO         1067    i.HAL_GPIO_EXTI_Callback  stm32f1xx_hal_gpio.o
    0x080005c6   0x00000002   PAD
    0x080005c8   0x00000018   Code   RO         1068    i.HAL_GPIO_EXTI_IRQHandler  stm32f1xx_hal_gpio.o
    0x080005e0   0x000001e8   Code   RO         1069    i.HAL_GPIO_Init     stm32f1xx_hal_gpio.o
    0x080007c8   0x0000000a   Code   RO         1071    i.HAL_GPIO_ReadPin  stm32f1xx_hal_gpio.o
    0x080007d2   0x0000000a   Code   RO         1073    i.HAL_GPIO_WritePin  stm32f1xx_hal_gpio.o
    0x080007dc   0x0000000c   Code   RO          777    i.HAL_GetTick       stm32f1xx_hal.o
    0x080007e8   0x00000010   Code   RO          781    i.HAL_IncTick       stm32f1xx_hal.o
    0x080007f8   0x00000024   Code   RO          782    i.HAL_Init          stm32f1xx_hal.o
    0x0800081c   0x00000040   Code   RO          783    i.HAL_InitTick      stm32f1xx_hal.o
    0x0800085c   0x0000003c   Code   RO          676    i.HAL_MspInit       stm32f1xx_hal_msp.o
    0x08000898   0x00000016   Code   RO         1229    i.HAL_NVIC_EnableIRQ  stm32f1xx_hal_cortex.o
    0x080008ae   0x00000002   PAD
    0x080008b0   0x00000040   Code   RO         1235    i.HAL_NVIC_SetPriority  stm32f1xx_hal_cortex.o
    0x080008f0   0x00000024   Code   RO         1236    i.HAL_NVIC_SetPriorityGrouping  stm32f1xx_hal_cortex.o
    0x08000914   0x0000016c   Code   RO          929    i.HAL_RCC_ClockConfig  stm32f1xx_hal_rcc.o
    0x08000a80   0x0000006c   Code   RO          938    i.HAL_RCC_GetSysClockFreq  stm32f1xx_hal_rcc.o
    0x08000aec   0x00000304   Code   RO          941    i.HAL_RCC_OscConfig  stm32f1xx_hal_rcc.o
    0x08000df0   0x00000078   Code   RO         2170    i.HAL_SD_ConfigWideBusOperation  stm32f1xx_hal_sd.o
    0x08000e68   0x000001da   Code   RO         2175    i.HAL_SD_GetCardCSD  stm32f1xx_hal_sd.o
    0x08001042   0x00000024   Code   RO         2176    i.HAL_SD_GetCardInfo  stm32f1xx_hal_sd.o
    0x08001066   0x0000002c   Code   RO         2177    i.HAL_SD_GetCardState  stm32f1xx_hal_sd.o
    0x08001092   0x00000036   Code   RO         2182    i.HAL_SD_Init       stm32f1xx_hal_sd.o
    0x080010c8   0x00000054   Code   RO         2183    i.HAL_SD_InitCard   stm32f1xx_hal_sd.o
    0x0800111c   0x00000084   Code   RO          678    i.HAL_SD_MspInit    stm32f1xx_hal_msp.o
    0x080011a0   0x000001b2   Code   RO         2186    i.HAL_SD_ReadBlocks  stm32f1xx_hal_sd.o
    0x08001352   0x00000002   PAD
    0x08001354   0x0000019a   Code   RO         2191    i.HAL_SD_WriteBlocks  stm32f1xx_hal_sd.o
    0x080014ee   0x00000056   Code   RO         1787    i.HAL_SRAM_Init     stm32f1xx_hal_sram.o
    0x08001544   0x00000004   Code   RO          680    i.HAL_SRAM_MspInit  stm32f1xx_hal_msp.o
    0x08001548   0x00000028   Code   RO         1240    i.HAL_SYSTICK_Config  stm32f1xx_hal_cortex.o
    0x08001570   0x00000002   Code   RO          596    i.HardFault_Handler  stm32f1xx_it.o
    0x08001572   0x00000002   PAD
    0x08001574   0x00000018   Code   RO          195    i.LCD_BackLed_Control  lcd.o
    0x0800158c   0x00000038   Code   RO          196    i.LCD_Cam_Gram      lcd.o
    0x080015c4   0x0000001a   Code   RO          197    i.LCD_Clear         lcd.o
    0x080015de   0x00000002   PAD
    0x080015e0   0x0000001c   Code   RO          203    i.LCD_FillColor     lcd.o
    0x080015fc   0x00000022   Code   RO          205    i.LCD_INIT          lcd.o
    0x0800161e   0x00000002   PAD
    0x08001620   0x00000040   Code   RO          206    i.LCD_OpenWindow    lcd.o
    0x08001660   0x00000178   Code   RO          207    i.LCD_REG_Config    lcd.o
    0x080017d8   0x00000034   Code   RO          210    i.LCD_Rst           lcd.o
    0x0800180c   0x0000000c   Code   RO          212    i.LCD_Write_Data    lcd.o
    0x08001818   0x0000001c   Code   RO          555    i.MX_FATFS_Init     fatfs.o
    0x08001834   0x00000070   Code   RO          325    i.MX_FSMC_Init      main.o
    0x080018a4   0x0000017c   Code   RO          326    i.MX_GPIO_Init      main.o
    0x08001a20   0x00000002   Code   RO          597    i.MemManage_Handler  stm32f1xx_it.o
    0x08001a22   0x00000002   Code   RO          598    i.NMI_Handler       stm32f1xx_it.o
    0x08001a24   0x00000020   Code   RO         1242    i.NVIC_SetPriority  stm32f1xx_hal_cortex.o
    0x08001a44   0x00000058   Code   RO          155    i.Ov7725_Init       bsp_ov7725.o
    0x08001a9c   0x00000002   Code   RO          599    i.PendSV_Handler    stm32f1xx_it.o
    0x08001a9e   0x00000002   PAD
    0x08001aa0   0x000000cc   Code   RO           13    i.SCCB_ReadByte     bsp_sccb.o
    0x08001b6c   0x00000044   Code   RO           14    i.SCCB_SendByte     bsp_sccb.o
    0x08001bb0   0x00000040   Code   RO           15    i.SCCB_Start        bsp_sccb.o
    0x08001bf0   0x00000028   Code   RO           16    i.SCCB_Stop         bsp_sccb.o
    0x08001c18   0x00000034   Code   RO           17    i.SCCB_WaitAck      bsp_sccb.o
    0x08001c4c   0x0000003e   Code   RO           18    i.SCCB_WriteByte    bsp_sccb.o
    0x08001c8a   0x0000000e   Code   RO           19    i.SCCB_delay        bsp_sccb.o
    0x08001c98   0x00000024   Code   RO         1903    i.SDIO_ConfigData   stm32f1xx_ll_sdmmc.o
    0x08001cbc   0x00000008   Code   RO         1907    i.SDIO_GetPowerState  stm32f1xx_ll_sdmmc.o
    0x08001cc4   0x0000000c   Code   RO         1908    i.SDIO_GetResponse  stm32f1xx_ll_sdmmc.o
    0x08001cd0   0x00000024   Code   RO         1909    i.SDIO_Init         stm32f1xx_ll_sdmmc.o
    0x08001cf4   0x00000008   Code   RO         1911    i.SDIO_PowerState_ON  stm32f1xx_ll_sdmmc.o
    0x08001cfc   0x00000006   Code   RO         1912    i.SDIO_ReadFIFO     stm32f1xx_ll_sdmmc.o
    0x08001d02   0x00000020   Code   RO         1913    i.SDIO_SendCommand  stm32f1xx_ll_sdmmc.o
    0x08001d22   0x0000000a   Code   RO         1915    i.SDIO_WriteFIFO    stm32f1xx_ll_sdmmc.o
    0x08001d2c   0x00000032   Code   RO         1916    i.SDMMC_CmdAppCommand  stm32f1xx_ll_sdmmc.o
    0x08001d5e   0x00000002   PAD
    0x08001d60   0x00000034   Code   RO         1917    i.SDMMC_CmdAppOperCommand  stm32f1xx_ll_sdmmc.o
    0x08001d94   0x00000032   Code   RO         1918    i.SDMMC_CmdBlockLength  stm32f1xx_ll_sdmmc.o
    0x08001dc6   0x00000032   Code   RO         1919    i.SDMMC_CmdBusWidth  stm32f1xx_ll_sdmmc.o
    0x08001df8   0x00000050   Code   RO         1923    i.SDMMC_CmdGoIdleState  stm32f1xx_ll_sdmmc.o
    0x08001e48   0x00000068   Code   RO         1925    i.SDMMC_CmdOperCond  stm32f1xx_ll_sdmmc.o
    0x08001eb0   0x00000032   Code   RO         1926    i.SDMMC_CmdReadMultiBlock  stm32f1xx_ll_sdmmc.o
    0x08001ee2   0x00000032   Code   RO         1927    i.SDMMC_CmdReadSingleBlock  stm32f1xx_ll_sdmmc.o
    0x08001f14   0x00000032   Code   RO         1930    i.SDMMC_CmdSelDesel  stm32f1xx_ll_sdmmc.o
    0x08001f46   0x0000002c   Code   RO         1931    i.SDMMC_CmdSendCID  stm32f1xx_ll_sdmmc.o
    0x08001f72   0x0000002c   Code   RO         1932    i.SDMMC_CmdSendCSD  stm32f1xx_ll_sdmmc.o
    0x08001f9e   0x00000030   Code   RO         1933    i.SDMMC_CmdSendSCR  stm32f1xx_ll_sdmmc.o
    0x08001fce   0x00000032   Code   RO         1934    i.SDMMC_CmdSendStatus  stm32f1xx_ll_sdmmc.o
    0x08002000   0x00000030   Code   RO         1935    i.SDMMC_CmdSetRelAdd  stm32f1xx_ll_sdmmc.o
    0x08002030   0x00000034   Code   RO         1937    i.SDMMC_CmdStopTransfer  stm32f1xx_ll_sdmmc.o
    0x08002064   0x00000032   Code   RO         1939    i.SDMMC_CmdWriteMultiBlock  stm32f1xx_ll_sdmmc.o
    0x08002096   0x00000032   Code   RO         1940    i.SDMMC_CmdWriteSingleBlock  stm32f1xx_ll_sdmmc.o
    0x080020c8   0x0000011c   Code   RO         1941    i.SDMMC_GetCmdResp1  stm32f1xx_ll_sdmmc.o
    0x080021e4   0x00000050   Code   RO         1942    i.SDMMC_GetCmdResp2  stm32f1xx_ll_sdmmc.o
    0x08002234   0x00000040   Code   RO         1943    i.SDMMC_GetCmdResp3  stm32f1xx_ll_sdmmc.o
    0x08002274   0x00000084   Code   RO         1944    i.SDMMC_GetCmdResp6  stm32f1xx_ll_sdmmc.o
    0x080022f8   0x000000d4   Code   RO         2199    i.SD_FindSCR        stm32f1xx_hal_sd.o
    0x080023cc   0x000000e6   Code   RO         2200    i.SD_InitCard       stm32f1xx_hal_sd.o
    0x080024b2   0x000000a2   Code   RO         2201    i.SD_PowerON        stm32f1xx_hal_sd.o
    0x08002554   0x0000004e   Code   RO         2203    i.SD_WideBus_Disable  stm32f1xx_hal_sd.o
    0x080025a2   0x0000004e   Code   RO         2204    i.SD_WideBus_Enable  stm32f1xx_hal_sd.o
    0x080025f0   0x00000020   Code   RO         2933    i.SD_initialize     sd_diskio.o
    0x08002610   0x00000050   Code   RO         2934    i.SD_ioctl          sd_diskio.o
    0x08002660   0x0000003c   Code   RO         2935    i.SD_read           sd_diskio.o
    0x0800269c   0x00000020   Code   RO         2936    i.SD_status         sd_diskio.o
    0x080026bc   0x0000003c   Code   RO         2937    i.SD_write          sd_diskio.o
    0x080026f8   0x00000002   Code   RO          600    i.SVC_Handler       stm32f1xx_it.o
    0x080026fa   0x00000004   Code   RO          601    i.SysTick_Handler   stm32f1xx_it.o
    0x080026fe   0x0000004e   Code   RO          327    i.SystemClock_Config  main.o
    0x0800274c   0x00000048   Code   RO         2439    i.SystemInit        system_stm32f1xx.o
    0x08002794   0x00000002   Code   RO          602    i.UsageFault_Handler  stm32f1xx_it.o
    0x08002796   0x00000002   PAD
    0x08002798   0x00000060   Code   RO         2531    i.check_fs          ff.o
    0x080027f8   0x00000068   Code   RO         2532    i.chk_lock          ff.o
    0x08002860   0x00000024   Code   RO         2533    i.clear_lock        ff.o
    0x08002884   0x0000002e   Code   RO         2534    i.clmt_clust        ff.o
    0x080028b2   0x0000001c   Code   RO         2535    i.clust2sect        ff.o
    0x080028ce   0x000000a4   Code   RO         2536    i.create_chain      ff.o
    0x08002972   0x00000002   PAD
    0x08002974   0x00000100   Code   RO         2537    i.create_name       ff.o
    0x08002a74   0x0000003c   Code   RO         2538    i.dec_lock          ff.o
    0x08002ab0   0x0000011c   Code   RO         2539    i.dir_next          ff.o
    0x08002bcc   0x00000070   Code   RO         2541    i.dir_register      ff.o
    0x08002c3c   0x0000009a   Code   RO         2543    i.dir_sdi           ff.o
    0x08002cd6   0x00000002   PAD
    0x08002cd8   0x00000028   Code   RO         2476    i.disk_initialize   diskio.o
    0x08002d00   0x0000001c   Code   RO         2477    i.disk_ioctl        diskio.o
    0x08002d1c   0x0000001c   Code   RO         2478    i.disk_read         diskio.o
    0x08002d38   0x00000018   Code   RO         2479    i.disk_status       diskio.o
    0x08002d50   0x0000001c   Code   RO         2480    i.disk_write        diskio.o
    0x08002d6c   0x0000002a   Code   RO         2545    i.f_close           ff.o
    0x08002d96   0x00000002   PAD
    0x08002d98   0x00000064   Code   RO         2552    i.f_mount           ff.o
    0x08002dfc   0x000001e8   Code   RO         2553    i.f_open            ff.o
    0x08002fe4   0x000000a2   Code   RO         2562    i.f_sync            ff.o
    0x08003086   0x000001c6   Code   RO         2566    i.f_write           ff.o
    0x0800324c   0x0000026c   Code   RO         2567    i.find_volume       ff.o
    0x080034b8   0x000000b8   Code   RO         2568    i.follow_path       ff.o
    0x08003570   0x000000e6   Code   RO         2569    i.get_fat           ff.o
    0x08003656   0x00000004   Code   RO          556    i.get_fattime       fatfs.o
    0x0800365a   0x0000003c   Code   RO         2571    i.get_ldnumber      ff.o
    0x08003696   0x00000002   PAD
    0x08003698   0x00000098   Code   RO         2572    i.inc_lock          ff.o
    0x08003730   0x00000016   Code   RO         2573    i.ld_clust          ff.o
    0x08003746   0x00000002   PAD
    0x08003748   0x000000a8   Code   RO          328    i.main              main.o
    0x080037f0   0x00000012   Code   RO         2574    i.mem_cpy           ff.o
    0x08003802   0x0000000e   Code   RO         2575    i.mem_set           ff.o
    0x08003810   0x00000038   Code   RO         2576    i.move_window       ff.o
    0x08003848   0x00000120   Code   RO          329    i.newbmp            main.o
    0x08003968   0x0000011e   Code   RO         2577    i.put_fat           ff.o
    0x08003a86   0x00000066   Code   RO         2579    i.remove_chain      ff.o
    0x08003aec   0x00000010   Code   RO         2580    i.st_clust          ff.o
    0x08003afc   0x000000a8   Code   RO         2581    i.sync_fs           ff.o
    0x08003ba4   0x00000052   Code   RO         2582    i.sync_window       ff.o
    0x08003bf6   0x0000002a   Code   RO         2583    i.validate          ff.o
    0x08003c20   0x00000010   Data   RO         2440    .constdata          system_stm32f1xx.o
    0x08003c30   0x000000ac   Data   RO         2585    .constdata          ff.o
    0x08003cdc   0x00000014   Data   RO         2938    .constdata          sd_diskio.o
    0x08003cf0   0x00000020   Data   RO         3173    Region$$Table       anon$$obj.o


    Execution Region RW_IRAM1 (Base: 0x20000000, Size: 0x000028c0, Max: 0x00010000, ABSOLUTE)

    Base Addr    Size         Type   Attr      Idx    E Section Name        Object

    0x20000000   0x0000009b   Data   RW          156    .data               bsp_ov7725.o
    0x2000009b   0x00000001   PAD
    0x2000009c   0x00000008   Data   RW          331    .data               main.o
    0x200000a4   0x00000005   Data   RW          559    .data               fatfs.o
    0x200000a9   0x00000003   PAD
    0x200000ac   0x00000008   Data   RW          681    .data               stm32f1xx_hal_msp.o
    0x200000b4   0x0000000c   Data   RW          789    .data               stm32f1xx_hal.o
    0x200000c0   0x00000004   Data   RW         2442    .data               system_stm32f1xx.o
    0x200000c4   0x00000008   Data   RW         2586    .data               ff.o
    0x200000cc   0x00000001   Data   RW         2939    .data               sd_diskio.o
    0x200000cd   0x00000003   PAD
    0x200000d0   0x00002166   Zero   RW          330    .bss                main.o
    0x20002236   0x00000002   PAD
    0x20002238   0x00000018   Zero   RW         2584    .bss                ff.o
    0x20002250   0x0000000c   Zero   RW         2856    .bss                ff_gen_drv.o
    0x2000225c   0x00000060   Zero   RW         3047    .bss                c_w.l(libspace.o)
    0x200022bc   0x00000004   PAD
    0x200022c0   0x00000200   Zero   RW            2    HEAP                startup_stm32f103xe.o
    0x200024c0   0x00000400   Zero   RW            1    STACK               startup_stm32f103xe.o


==============================================================================

Image component sizes


      Code (inc. data)   RO Data    RW Data    ZI Data      Debug   Object Name

       152         24          0          0          0       3158   bsp_driver_sd.o
        88          4          0        155          0       1212   bsp_ov7725.o
       504         26          0          0          0     479141   bsp_sccb.o
       148         22          0          0          0       3369   diskio.o
        32         10          0          5          0       1288   fatfs.o
      4638         70        172          8         24      30622   ff.o
        70          4          0          0         12       1475   ff_gen_drv.o
       688         42          0          0          0       8755   lcd.o
      1026        112          0          8       8550       9316   main.o
       264         34         20          1          0       4120   sd_diskio.o
        64         26        304          0       1536        776   startup_stm32f103xe.o
       164         28          0         12          0       6229   stm32f1xx_hal.o
       194         14          0          0          0      25547   stm32f1xx_hal_cortex.o
       534         48          0          0          0       4415   stm32f1xx_hal_gpio.o
       300         42          0          8          0       2658   stm32f1xx_hal_msp.o
      1244         74          0          0          0       3958   stm32f1xx_hal_rcc.o
      2416          4          0          0          0      12208   stm32f1xx_hal_sd.o
        86          0          0          0          0       1124   stm32f1xx_hal_sram.o
       108         16          0          0          0       3977   stm32f1xx_it.o
       280         12          0          0          0       2419   stm32f1xx_ll_fsmc.o
      1630         42          0          0          0      20723   stm32f1xx_ll_sdmmc.o
        72         16         16          4          0       1055   system_stm32f1xx.o

    ----------------------------------------------------------------------
     14732        670        544        208      10124     627545   Object Totals
         0          0         32          0          0          0   (incl. Generated)
        30          0          0          7          2          0   (incl. Padding)

    ----------------------------------------------------------------------

      Code (inc. data)   RO Data    RW Data    ZI Data      Debug   Library Member Name

         8          0          0          0          0         68   __main.o
         0          0          0          0          0          0   __rtentry.o
        12          0          0          0          0          0   __rtentry2.o
         6          0          0          0          0          0   __rtentry4.o
        52          8          0          0          0          0   __scatter.o
        26          0          0          0          0          0   __scatter_copy.o
        28          0          0          0          0          0   __scatter_zi.o
        18          0          0          0          0         80   exit.o
         6          0          0          0          0        152   heapauxi.o
         0          0          0          0          0          0   indicate_semi.o
         2          0          0          0          0          0   libinit.o
         2          0          0          0          0          0   libinit2.o
         2          0          0          0          0          0   libshutdown.o
         2          0          0          0          0          0   libshutdown2.o
         8          4          0          0         96         68   libspace.o
        78          0          0          0          0         80   rt_memclr_w.o
         2          0          0          0          0          0   rtexit.o
        10          0          0          0          0          0   rtexit2.o
        12          4          0          0          0         68   sys_exit.o
        74          0          0          0          0         80   sys_stackheap_outer.o
         2          0          0          0          0         68   use_no_semi.o

    ----------------------------------------------------------------------
       356         16          0          0        100        664   Library Totals
         6          0          0          0          4          0   (incl. Padding)

    ----------------------------------------------------------------------

      Code (inc. data)   RO Data    RW Data    ZI Data      Debug   Library Name

       350         16          0          0         96        664   c_w.l

    ----------------------------------------------------------------------
       356         16          0          0        100        664   Library Totals

    ----------------------------------------------------------------------

==============================================================================


      Code (inc. data)   RO Data    RW Data    ZI Data      Debug   

     15088        686        544        208      10224     620457   Grand Totals
     15088        686        544        208      10224     620457   ELF Image Totals
     15088        686        544        208          0          0   ROM Totals

==============================================================================

    Total RO  Size (Code + RO Data)                15632 (  15.27kB)
    Total RW  Size (RW Data + ZI Data)             10432 (  10.19kB)
    Total ROM Size (Code + RO Data + RW Data)      15840 (  15.47kB)

==============================================================================

