Component: ARM Compiler 5.06 update 4 (build 422) Tool: armlink [4d35d2]

==============================================================================

Section Cross References

    startup_stm32f103xe.o(STACK) refers (Special) to heapauxi.o(.text) for __use_two_region_memory
    startup_stm32f103xe.o(HEAP) refers (Special) to heapauxi.o(.text) for __use_two_region_memory
    startup_stm32f103xe.o(RESET) refers (Special) to heapauxi.o(.text) for __use_two_region_memory
    startup_stm32f103xe.o(RESET) refers to startup_stm32f103xe.o(STACK) for __initial_sp
    startup_stm32f103xe.o(RESET) refers to startup_stm32f103xe.o(.text) for Reset_Handler
    startup_stm32f103xe.o(RESET) refers to stm32f1xx_it.o(i.NMI_Handler) for NMI_Handler
    startup_stm32f103xe.o(RESET) refers to stm32f1xx_it.o(i.HardFault_Handler) for HardFault_Handler
    startup_stm32f103xe.o(RESET) refers to stm32f1xx_it.o(i.MemManage_Handler) for MemManage_Handler
    startup_stm32f103xe.o(RESET) refers to stm32f1xx_it.o(i.BusFault_Handler) for BusFault_Handler
    startup_stm32f103xe.o(RESET) refers to stm32f1xx_it.o(i.UsageFault_Handler) for UsageFault_Handler
    startup_stm32f103xe.o(RESET) refers to stm32f1xx_it.o(i.SVC_Handler) for SVC_Handler
    startup_stm32f103xe.o(RESET) refers to stm32f1xx_it.o(i.DebugMon_Handler) for DebugMon_Handler
    startup_stm32f103xe.o(RESET) refers to stm32f1xx_it.o(i.PendSV_Handler) for PendSV_Handler
    startup_stm32f103xe.o(RESET) refers to stm32f1xx_it.o(i.SysTick_Handler) for SysTick_Handler
    startup_stm32f103xe.o(RESET) refers to stm32f1xx_it.o(i.EXTI3_IRQHandler) for EXTI3_IRQHandler
    startup_stm32f103xe.o(RESET) refers to stm32f1xx_it.o(i.EXTI4_IRQHandler) for EXTI4_IRQHandler
    startup_stm32f103xe.o(.text) refers (Special) to heapauxi.o(.text) for __use_two_region_memory
    startup_stm32f103xe.o(.text) refers to system_stm32f1xx.o(i.SystemInit) for SystemInit
    startup_stm32f103xe.o(.text) refers to __main.o(!!!main) for __main
    startup_stm32f103xe.o(.text) refers to startup_stm32f103xe.o(HEAP) for Heap_Mem
    startup_stm32f103xe.o(.text) refers to startup_stm32f103xe.o(STACK) for Stack_Mem
    xpt2046.o(i.XPT2046_Calculate_CalibrationFactor) refers to dflt_clz.o(x$fpl$dflt) for __aeabi_i2d
    xpt2046.o(i.XPT2046_Calculate_CalibrationFactor) refers to deqf.o(x$fpl$deqf) for __aeabi_cdcmpeq
    xpt2046.o(i.XPT2046_Get_TouchedPoint) refers to xpt2046.o(i.XPT2046_ReadAdc_Smooth_XY) for XPT2046_ReadAdc_Smooth_XY
    xpt2046.o(i.XPT2046_Get_TouchedPoint) refers to dflt_clz.o(x$fpl$dfltu) for __aeabi_ui2d
    xpt2046.o(i.XPT2046_Get_TouchedPoint) refers to dmul.o(x$fpl$dmul) for __aeabi_dmul
    xpt2046.o(i.XPT2046_Get_TouchedPoint) refers to daddsub_clz.o(x$fpl$dadd) for __aeabi_dadd
    xpt2046.o(i.XPT2046_Get_TouchedPoint) refers to dfixu.o(x$fpl$dfixu) for __aeabi_d2uiz
    xpt2046.o(i.XPT2046_ReadAdc) refers to xpt2046.o(i.XPT2046_WriteCMD) for XPT2046_WriteCMD
    xpt2046.o(i.XPT2046_ReadAdc) refers to stm32f1xx_hal_gpio.o(i.HAL_GPIO_WritePin) for HAL_GPIO_WritePin
    xpt2046.o(i.XPT2046_ReadAdc) refers to stm32f1xx_hal_gpio.o(i.HAL_GPIO_ReadPin) for HAL_GPIO_ReadPin
    xpt2046.o(i.XPT2046_ReadAdc_Smooth_XY) refers to rt_memclr_w.o(.text) for __aeabi_memclr4
    xpt2046.o(i.XPT2046_ReadAdc_Smooth_XY) refers to xpt2046.o(i.XPT2046_ReadAdc) for XPT2046_ReadAdc
    xpt2046.o(i.XPT2046_ReadAdc_Smooth_XY) refers to xpt2046.o(i.XPT2046_DelayUS) for XPT2046_DelayUS
    xpt2046.o(i.XPT2046_ReadAdc_Smooth_XY) refers to stm32f1xx_hal_gpio.o(i.HAL_GPIO_ReadPin) for HAL_GPIO_ReadPin
    xpt2046.o(i.XPT2046_ReadAdc_Smooth_XY) refers to xpt2046.o(.data) for .data
    xpt2046.o(i.XPT2046_Touch_Calibrate) refers to _printf_percent.o(.ARM.Collect$$_printf_percent$$00000000) for _printf_percent
    xpt2046.o(i.XPT2046_Touch_Calibrate) refers to _printf_d.o(.ARM.Collect$$_printf_percent$$00000009) for _printf_d
    xpt2046.o(i.XPT2046_Touch_Calibrate) refers to _printf_dec.o(.text) for _printf_int_dec
    xpt2046.o(i.XPT2046_Touch_Calibrate) refers to lcd_own.o(i.LCD_GramScan) for LCD_GramScan
    xpt2046.o(i.XPT2046_Touch_Calibrate) refers to lcd_own.o(i.LCD_Clear) for LCD_Clear
    xpt2046.o(i.XPT2046_Touch_Calibrate) refers to lcd_own.o(i.LCD_DrawString_Color) for LCD_DrawString_Color
    xpt2046.o(i.XPT2046_Touch_Calibrate) refers to noretval__2sprintf.o(.text) for __2sprintf
    xpt2046.o(i.XPT2046_Touch_Calibrate) refers to xpt2046.o(i.XPT2046_DelayUS) for XPT2046_DelayUS
    xpt2046.o(i.XPT2046_Touch_Calibrate) refers to lcd_own.o(i.LCD_DrawCross) for LCD_DrawCross
    xpt2046.o(i.XPT2046_Touch_Calibrate) refers to xpt2046.o(i.XPT2046_ReadAdc_Smooth_XY) for XPT2046_ReadAdc_Smooth_XY
    xpt2046.o(i.XPT2046_Touch_Calibrate) refers to xpt2046.o(i.XPT2046_Calculate_CalibrationFactor) for XPT2046_Calculate_CalibrationFactor
    xpt2046.o(i.XPT2046_Touch_Calibrate) refers to deqf.o(x$fpl$deqf) for __aeabi_cdcmpeq
[...]
    i.SDIO_ReadFIFO                          0x08002d44   Section        0  stm32f1xx_ll_sdmmc.o(i.SDIO_ReadFIFO)
    i.SDIO_SendCommand                       0x08002d4a   Section        0  stm32f1xx_ll_sdmmc.o(i.SDIO_SendCommand)
    i.SDIO_WriteFIFO                         0x08002d6a   Section        0  stm32f1xx_ll_sdmmc.o(i.SDIO_WriteFIFO)
    i.SDMMC_CmdAppCommand                    0x08002d74   Section        0  stm32f1xx_ll_sdmmc.o(i.SDMMC_CmdAppCommand)
    i.SDMMC_CmdAppOperCommand                0x08002da8   Section        0  stm32f1xx_ll_sdmmc.o(i.SDMMC_CmdAppOperCommand)
    i.SDMMC_CmdBlockLength                   0x08002ddc   Section        0  stm32f1xx_ll_sdmmc.o(i.SDMMC_CmdBlockLength)
    i.SDMMC_CmdBusWidth                      0x08002e0e   Section        0  stm32f1xx_ll_sdmmc.o(i.SDMMC_CmdBusWidth)
    i.SDMMC_CmdGoIdleState                   0x08002e40   Section        0  stm32f1xx_ll_sdmmc.o(i.SDMMC_CmdGoIdleState)
    i.SDMMC_CmdOperCond                      0x08002e90   Section        0  stm32f1xx_ll_sdmmc.o(i.SDMMC_CmdOperCond)
    i.SDMMC_CmdReadMultiBlock                0x08002ef8   Section        0  stm32f1xx_ll_sdmmc.o(i.SDMMC_CmdReadMultiBlock)
    i.SDMMC_CmdReadSingleBlock               0x08002f2a   Section        0  stm32f1xx_ll_sdmmc.o(i.SDMMC_CmdReadSingleBlock)
    i.SDMMC_CmdSelDesel                      0x08002f5c   Section        0  stm32f1xx_ll_sdmmc.o(i.SDMMC_CmdSelDesel)
    i.SDMMC_CmdSendCID                       0x08002f8e   Section        0  stm32f1xx_ll_sdmmc.o(i.SDMMC_CmdSendCID)
    i.SDMMC_CmdSendCSD                       0x08002fba   Section        0  stm32f1xx_ll_sdmmc.o(i.SDMMC_CmdSendCSD)
    i.SDMMC_CmdSendSCR                       0x08002fe6   Section        0  stm32f1xx_ll_sdmmc.o(i.SDMMC_CmdSendSCR)
    i.SDMMC_CmdSendStatus                    0x08003016   Section        0  stm32f1xx_ll_sdmmc.o(i.SDMMC_CmdSendStatus)
    i.SDMMC_CmdSetRelAdd                     0x08003048   Section        0  stm32f1xx_ll_sdmmc.o(i.SDMMC_CmdSetRelAdd)
    i.SDMMC_CmdStopTransfer                  0x08003078   Section        0  stm32f1xx_ll_sdmmc.o(i.SDMMC_CmdStopTransfer)
    i.SDMMC_CmdWriteMultiBlock               0x080030ac   Section        0  stm32f1xx_ll_sdmmc.o(i.SDMMC_CmdWriteMultiBlock)
    i.SDMMC_CmdWriteSingleBlock              0x080030de   Section        0  stm32f1xx_ll_sdmmc.o(i.SDMMC_CmdWriteSingleBlock)
    i.SDMMC_GetCmdResp1                      0x08003110   Section        0  stm32f1xx_ll_sdmmc.o(i.SDMMC_GetCmdResp1)
    SDMMC_GetCmdResp1                        0x08003111   Thumb Code   276  stm32f1xx_ll_sdmmc.o(i.SDMMC_GetCmdResp1)
    i.SDMMC_GetCmdResp2                      0x0800322c   Section        0  stm32f1xx_ll_sdmmc.o(i.SDMMC_GetCmdResp2)
    SDMMC_GetCmdResp2                        0x0800322d   Thumb Code    74  stm32f1xx_ll_sdmmc.o(i.SDMMC_GetCmdResp2)
    i.SDMMC_GetCmdResp3                      0x0800327c   Section        0  stm32f1xx_ll_sdmmc.o(i.SDMMC_GetCmdResp3)
    SDMMC_GetCmdResp3                        0x0800327d   Thumb Code    60  stm32f1xx_ll_sdmmc.o(i.SDMMC_GetCmdResp3)
    i.SDMMC_GetCmdResp6                      0x080032bc   Section        0  stm32f1xx_ll_sdmmc.o(i.SDMMC_GetCmdResp6)
    SDMMC_GetCmdResp6                        0x080032bd   Thumb Code   128  stm32f1xx_ll_sdmmc.o(i.SDMMC_GetCmdResp6)
    i.SD_FindSCR                             0x08003340   Section        0  stm32f1xx_hal_sd.o(i.SD_FindSCR)
    SD_FindSCR                               0x08003341   Thumb Code   212  stm32f1xx_hal_sd.o(i.SD_FindSCR)
    i.SD_InitCard                            0x08003414   Section        0  stm32f1xx_hal_sd.o(i.SD_InitCard)
    SD_InitCard                              0x08003415   Thumb Code   230  stm32f1xx_hal_sd.o(i.SD_InitCard)
    i.SD_PowerON                             0x080034fa   Section        0  stm32f1xx_hal_sd.o(i.SD_PowerON)
    SD_PowerON                               0x080034fb   Thumb Code   162  stm32f1xx_hal_sd.o(i.SD_PowerON)
    i.SD_WideBus_Disable                     0x0800359c   Section        0  stm32f1xx_hal_sd.o(i.SD_WideBus_Disable)
    SD_WideBus_Disable                       0x0800359d   Thumb Code    78  stm32f1xx_hal_sd.o(i.SD_WideBus_Disable)
    i.SD_WideBus_Enable                      0x080035ea   Section        0  stm32f1xx_hal_sd.o(i.SD_WideBus_Enable)
    SD_WideBus_Enable                        0x080035eb   Thumb Code    78  stm32f1xx_hal_sd.o(i.SD_WideBus_Enable)
    i.SD_initialize                          0x08003638   Section        0  sd_diskio.o(i.SD_initialize)
    i.SD_ioctl                               0x08003658   Section        0  sd_diskio.o(i.SD_ioctl)
    i.SD_read                                0x080036a8   Section        0  sd_diskio.o(i.SD_read)
    i.SD_status                              0x080036e4   Section        0  sd_diskio.o(i.SD_status)
    i.SD_write                               0x08003704   Section        0  sd_diskio.o(i.SD_write)
    i.SVC_Handler                            0x08003740   Section        0  stm32f1xx_it.o(i.SVC_Handler)
    i.SysTick_Handler                        0x08003742   Section        0  stm32f1xx_it.o(i.SysTick_Handler)
    i.SystemClock_Config                     0x08003746   Section        0  main.o(i.SystemClock_Config)
    i.SystemInit                             0x080037a8   Section        0  system_stm32f1xx.o(i.SystemInit)
    i.UsageFault_Handler                     0x080037f0   Section        0  stm32f1xx_it.o(i.UsageFault_Handler)
    i.XPT2046_Calculate_CalibrationFactor    0x080037f2   Section        0  xpt2046.o(i.XPT2046_Calculate_CalibrationFactor)
    XPT2046_Calculate_CalibrationFactor      0x080037f3   Thumb Code   330  xpt2046.o(i.XPT2046_Calculate_CalibrationFactor)
    i.XPT2046_DelayUS                        0x0800393c   Section        0  xpt2046.o(i.XPT2046_DelayUS)
    XPT2046_DelayUS                          0x0800393d   Thumb Code    24  xpt2046.o(i.XPT2046_DelayUS)
    i.XPT2046_Get_TouchedPoint               0x08003954   Section        0  xpt2046.o(i.XPT2046_Get_TouchedPoint)
    i.XPT2046_ReadAdc                        0x080039ec   Section        0  xpt2046.o(i.XPT2046_ReadAdc)
    XPT2046_ReadAdc                          0x080039ed   Thumb Code    82  xpt2046.o(i.XPT2046_ReadAdc)
    i.XPT2046_ReadAdc_Smooth_XY              0x08003a44   Section        0  xpt2046.o(i.XPT2046_ReadAdc_Smooth_XY)
    XPT2046_ReadAdc_Smooth_XY                0x08003a45   Thumb Code   306  xpt2046.o(i.XPT2046_ReadAdc_Smooth_XY)
    i.XPT2046_Touch_Calibrate                0x08003b80   Section        0  xpt2046.o(i.XPT2046_Touch_Calibrate)
    i.XPT2046_WriteCMD                       0x08003e6c   Section        0  xpt2046.o(i.XPT2046_WriteCMD)
    XPT2046_WriteCMD                         0x08003e6d   Thumb Code    96  xpt2046.o(i.XPT2046_WriteCMD)
    i.check_fs                               0x08003ed0   Section        0  ff.o(i.check_fs)
    check_fs                                 0x08003ed1   Thumb Code    90  ff.o(i.check_fs)
    i.check_homepage                         0x08003f30   Section        0  own_define_functions.o(i.check_homepage)
    i.chk_lock                               0x08004038   Section        0  ff.o(i.chk_lock)
    chk_lock                                 0x08004039   Thumb Code   100  ff.o(i.chk_lock)
    i.clear_lock                             0x080040a0   Section        0  ff.o(i.clear_lock)
    clear_lock                               0x080040a1   Thumb Code    32  ff.o(i.clear_lock)
    i.clmt_clust                             0x080040c4   Section        0  ff.o(i.clmt_clust)
    clmt_clust                               0x080040c5   Thumb Code    46  ff.o(i.clmt_clust)
    i.clust2sect                             0x080040f2   Section        0  ff.o(i.clust2sect)
    i.create_chain                           0x0800410e   Section        0  ff.o(i.create_chain)
    create_chain                             0x0800410f   Thumb Code   164  ff.o(i.create_chain)
    i.create_name                            0x080041b4   Section        0  ff.o(i.create_name)
    create_name                              0x080041b5   Thumb Code   236  ff.o(i.create_name)
    i.dec_lock                               0x080042b4   Section        0  ff.o(i.dec_lock)
    dec_lock                                 0x080042b5   Thumb Code    54  ff.o(i.dec_lock)
    i.dir_next                               0x080042f0   Section        0  ff.o(i.dir_next)
    dir_next                                 0x080042f1   Thumb Code   284  ff.o(i.dir_next)
    i.dir_register                           0x0800440c   Section        0  ff.o(i.dir_register)
    dir_register                             0x0800440d   Thumb Code   112  ff.o(i.dir_register)
    i.dir_sdi                                0x0800447c   Section        0  ff.o(i.dir_sdi)
    dir_sdi                                  0x0800447d   Thumb Code   154  ff.o(i.dir_sdi)
    i.disk_initialize                        0x08004518   Section        0  diskio.o(i.disk_initialize)
    i.disk_ioctl                             0x08004540   Section        0  diskio.o(i.disk_ioctl)
    i.disk_read                              0x0800455c   Section        0  diskio.o(i.disk_read)
    i.disk_status                            0x08004578   Section        0  diskio.o(i.disk_status)
    i.disk_write                             0x08004590   Section        0  diskio.o(i.disk_write)
    i.enterPassword                          0x080045ac   Section        0  own_define_functions.o(i.enterPassword)
    i.f_close                                0x08004694   Section        0  ff.o(i.f_close)
    i.f_mount                                0x080046c0   Section        0  ff.o(i.f_mount)
    i.f_open                                 0x08004724   Section        0  ff.o(i.f_open)
    i.f_read                                 0x0800490c   Section        0  ff.o(i.f_read)
    i.f_sync                                 0x08004a9a   Section        0  ff.o(i.f_sync)
    i.f_write                                0x08004b3c   Section        0  ff.o(i.f_write)
    i.find_volume                            0x08004d04   Section        0  ff.o(i.find_volume)
    find_volume                              0x08004d05   Thumb Code   606  ff.o(i.find_volume)
    i.follow_path                            0x08004f70   Section        0  ff.o(i.follow_path)
    follow_path                              0x08004f71   Thumb Code   184  ff.o(i.follow_path)
    i.get_fat                                0x08005028   Section        0  ff.o(i.get_fat)
    i.get_fattime                            0x0800510e   Section        0  fatfs.o(i.get_fattime)
    i.get_ldnumber                           0x08005112   Section        0  ff.o(i.get_ldnumber)
    get_ldnumber                             0x08005113   Thumb Code    60  ff.o(i.get_ldnumber)
    i.inc_lock                               0x08005150   Section        0  ff.o(i.inc_lock)
    inc_lock                                 0x08005151   Thumb Code   146  ff.o(i.inc_lock)
    i.ld_clust                               0x080051e8   Section        0  ff.o(i.ld_clust)
    ld_clust                                 0x080051e9   Thumb Code    22  ff.o(i.ld_clust)
    i.main                                   0x08005200   Section        0  main.o(i.main)
    i.mem_cpy                                0x080053e8   Section        0  ff.o(i.mem_cpy)
    mem_cpy                                  0x080053e9   Thumb Code    18  ff.o(i.mem_cpy)
    i.mem_set                                0x080053fa   Section        0  ff.o(i.mem_set)
    mem_set                                  0x080053fb   Thumb Code    14  ff.o(i.mem_set)
    i.move_window                            0x08005408   Section        0  ff.o(i.move_window)
    move_window                              0x08005409   Thumb Code    56  ff.o(i.move_window)
    i.newbmp                                 0x08005440   Section        0  own_define_functions.o(i.newbmp)
    i.put_fat                                0x08005574   Section        0  ff.o(i.put_fat)
    i.read_keypad                            0x08005694   Section        0  own_define_functions.o(i.read_keypad)
    i.readbmp                                0x080058cc   Section        0  own_define_functions.o(i.readbmp)
    i.remove_chain                           0x08005b0c   Section        0  ff.o(i.remove_chain)
    remove_chain                             0x08005b0d   Thumb Code   102  ff.o(i.remove_chain)
    i.st_clust                               0x08005b72   Section        0  ff.o(i.st_clust)
    st_clust                                 0x08005b73   Thumb Code    16  ff.o(i.st_clust)
    i.sync_fs                                0x08005b82   Section        0  ff.o(i.sync_fs)
    sync_fs                                  0x08005b83   Thumb Code   168  ff.o(i.sync_fs)
    i.sync_window                            0x08005c2a   Section        0  ff.o(i.sync_window)
    sync_window                              0x08005c2b   Thumb Code    82  ff.o(i.sync_window)
    i.validate                               0x08005c7c   Section        0  ff.o(i.validate)
    validate                                 0x08005c7d   Thumb Code    42  ff.o(i.validate)
    i.verifyPassword                         0x08005ca8   Section        0  own_define_functions.o(i.verifyPassword)
    x$fpl$dadd                               0x08005e40   Section      336  daddsub_clz.o(x$fpl$dadd)
    _dadd1                                   0x08005e51   Thumb Code     0  daddsub_clz.o(x$fpl$dadd)
    x$fpl$dcmpinf                            0x08005f90   Section       24  dcmpi.o(x$fpl$dcmpinf)
    x$fpl$ddiv                               0x08005fa8   Section      688  ddiv.o(x$fpl$ddiv)
    ddiv_entry                               0x08005faf   Thumb Code     0  ddiv.o(x$fpl$ddiv)
    x$fpl$deqf                               0x08006258   Section      120  deqf.o(x$fpl$deqf)
    x$fpl$dfixu                              0x080062d0   Section       90  dfixu.o(x$fpl$dfixu)
    x$fpl$dflt                               0x0800632a   Section       46  dflt_clz.o(x$fpl$dflt)
    x$fpl$dfltu                              0x08006358   Section       38  dflt_clz.o(x$fpl$dfltu)
    x$fpl$dmul                               0x08006380   Section      340  dmul.o(x$fpl$dmul)
    x$fpl$dnaninf                            0x080064d4   Section      156  dnaninf.o(x$fpl$dnaninf)
    x$fpl$dretinf                            0x08006570   Section       12  dretinf.o(x$fpl$dretinf)
    x$fpl$dsub                               0x0800657c   Section      468  daddsub_clz.o(x$fpl$dsub)
    _dsub1                                   0x0800658d   Thumb Code     0  daddsub_clz.o(x$fpl$dsub)
    .constdata                               0x08006750   Section     1520  lcd_own.o(.constdata)
    x$fpl$usenofp                            0x08006750   Section        0  usenofp.o(x$fpl$usenofp)
    .constdata                               0x08006d40   Section       16  system_stm32f1xx.o(.constdata)
    .constdata                               0x08006d50   Section        8  system_stm32f1xx.o(.constdata)
    .constdata                               0x08006d58   Section      172  ff.o(.constdata)
    ExCvt                                    0x08006d58   Data         128  ff.o(.constdata)
    vst                                      0x08006dd8   Data          22  ff.o(.constdata)
    cst                                      0x08006dee   Data          22  ff.o(.constdata)
    .constdata                               0x08006e04   Section       20  sd_diskio.o(.constdata)
    .conststring                             0x08006e18   Section      239  own_define_functions.o(.conststring)
    .data                                    0x20000000   Section       56  xpt2046.o(.data)
    .data                                    0x20000038   Section      155  bsp_ov7725.o(.data)
    .data                                    0x200000d4   Section        4  own_define_functions.o(.data)
    .data                                    0x200000d8   Section       92  own_define_functions.o(.data)
    .data                                    0x20000134   Section        4  own_define_functions.o(.data)
    .data                                    0x20000138   Section        5  fatfs.o(.data)
    .data                                    0x20000140   Section        8  stm32f1xx_hal_msp.o(.data)
    FSMC_Initialized                         0x20000140   Data           4  stm32f1xx_hal_msp.o(.data)
    FSMC_DeInitialized                       0x20000144   Data           4  stm32f1xx_hal_msp.o(.data)
    .data                                    0x20000148   Section       12  stm32f1xx_hal.o(.data)
    .data                                    0x20000154   Section        4  system_stm32f1xx.o(.data)
    .data                                    0x20000158   Section        8  ff.o(.data)
    Fsid                                     0x20000158   Data           2  ff.o(.data)
    FatFs                                    0x2000015c   Data           4  ff.o(.data)
    .data                                    0x20000160   Section        1  sd_diskio.o(.data)
    Stat                                     0x20000160   Data           1  sd_diskio.o(.data)
    .bss                                     0x20000164   Section     8350  own_define_functions.o(.bss)
    .bss                                     0x20002204   Section      296  main.o(.bss)
    .bss                                     0x2000232c   Section       24  ff.o(.bss)
    Files                                    0x2000232c   Data          24  ff.o(.bss)
    .bss                                     0x20002344   Section       12  ff_gen_drv.o(.bss)
    .bss                                     0x20002350   Section       96  libspace.o(.bss)
    HEAP                                     0x200023b0   Section      512  startup_stm32f103xe.o(HEAP)
    Heap_Mem                                 0x200023b0   Data         512  startup_stm32f103xe.o(HEAP)
    STACK                                    0x200025b0   Section     1024  startup_stm32f103xe.o(STACK)
    Stack_Mem                                0x200025b0   Data        1024  startup_stm32f103xe.o(STACK)
    __initial_sp                             0x200029b0   Data           0  startup_stm32f103xe.o(STACK)

    Global Symbols

    Symbol Name                              Value     Ov Type        Size  Object(Section)

    BuildAttributes$$THM_ISAv4$P$D$K$B$S$PE$A:L22UL41UL21$X:L11$S22US41US21$IEEE1$IW$USESV6$~STKCKD$USESV7$~SHL$OSPACE$ROPI$EBA8$UX$STANDARDLIB$REQ8$PRES8$EABIv2 0x00000000   Number         0  anon$$obj.o ABSOLUTE
    __ARM_use_no_argv                        0x00000000   Number         0  main.o ABSOLUTE
    __ARM_exceptions_init                     - Undefined Weak Reference
    __alloca_initialize                       - Undefined Weak Reference
    __arm_preinit_                            - Undefined Weak Reference
    __cpp_initialize__aeabi_                  - Undefined Weak Reference
    __cxa_finalize                            - Undefined Weak Reference
    __rt_locale                               - Undefined Weak Reference
    __sigvec_lookup                           - Undefined Weak Reference
    _atexit_init                              - Undefined Weak Reference
    _call_atexit_fns                          - Undefined Weak Reference
    _clock_init                               - Undefined Weak Reference
    _fp_trap_init                             - Undefined Weak Reference
    _fp_trap_shutdown                         - Undefined Weak Reference
    _get_lc_collate                           - Undefined Weak Reference
    _get_lc_ctype                             - Undefined Weak Reference
    _get_lc_monetary                          - Undefined Weak Reference
    _get_lc_numeric                           - Undefined Weak Reference
    _get_lc_time                              - Undefined Weak Reference
    _getenv_init                              - Undefined Weak Reference
    _handle_redirection                       - Undefined Weak Reference
    _init_alloc                               - Undefined Weak Reference
    _init_user_alloc                          - Undefined Weak Reference
    _initio                                   - Undefined Weak Reference
    _printf_post_padding                      - Undefined Weak Reference
    _printf_pre_padding                       - Undefined Weak Reference
    _printf_truncate_signed                   - Undefined Weak Reference
    _printf_truncate_unsigned                 - Undefined Weak Reference
    _rand_init                                - Undefined Weak Reference
    _signal_finish                            - Undefined Weak Reference
    _signal_init                              - Undefined Weak Reference
    _terminate_alloc                          - Undefined Weak Reference
    _terminate_user_alloc                     - Undefined Weak Reference
    _terminateio                              - Undefined Weak Reference
    __Vectors_Size                           0x00000130   Number         0  startup_stm32f103xe.o ABSOLUTE
    __Vectors                                0x08000000   Data           4  startup_stm32f103xe.o(RESET)
    __Vectors_End                            0x08000130   Data           0  startup_stm32f103xe.o(RESET)
    __main                                   0x08000131   Thumb Code     8  __main.o(!!!main)
    __scatterload                            0x08000139   Thumb Code     0  __scatter.o(!!!scatter)
    __scatterload_rt2                        0x08000139   Thumb Code    44  __scatter.o(!!!scatter)
    __scatterload_rt2_thumb_only             0x08000139   Thumb Code     0  __scatter.o(!!!scatter)
    __scatterload_null                       0x08000147   Thumb Code     0  __scatter.o(!!!scatter)
    __decompress                             0x0800016d   Thumb Code    90  __dczerorl2.o(!!dczerorl2)
    __decompress1                            0x0800016d   Thumb Code     0  __dczerorl2.o(!!dczerorl2)
    __scatterload_zeroinit                   0x080001c9   Thumb Code    28  __scatter_zi.o(!!handler_zi)
    _printf_d                                0x080001e5   Thumb Code     0  _printf_d.o(.ARM.Collect$$_printf_percent$$00000009)
    _printf_percent                          0x080001e5   Thumb Code     0  _printf_percent.o(.ARM.Collect$$_printf_percent$$00000000)
    _printf_u                                0x080001eb   Thumb Code     0  _printf_u.o(.ARM.Collect$$_printf_percent$$0000000A)
    _printf_percent_end                      0x080001f1   Thumb Code     0  _printf_percent_end.o(.ARM.Collect$$_printf_percent$$00000017)
    __rt_lib_init                            0x080001f5   Thumb Code     0  libinit.o(.ARM.Collect$$libinit$$00000000)
    __rt_lib_init_alloca_1                   0x080001f7   Thumb Code     0  libinit2.o(.ARM.Collect$$libinit$$0000002E)
    __rt_lib_init_argv_1                     0x080001f7   Thumb Code     0  libinit2.o(.ARM.Collect$$libinit$$0000002C)
    __rt_lib_init_atexit_1                   0x080001f7   Thumb Code     0  libinit2.o(.ARM.Collect$$libinit$$0000001B)
    __rt_lib_init_clock_1                    0x080001f7   Thumb Code     0  libinit2.o(.ARM.Collect$$libinit$$00000021)
    __rt_lib_init_cpp_1                      0x080001f7   Thumb Code     0  libinit2.o(.ARM.Collect$$libinit$$00000032)
    __rt_lib_init_exceptions_1               0x080001f7   Thumb Code     0  libinit2.o(.ARM.Collect$$libinit$$00000030)
    __rt_lib_init_fp_1                       0x080001f7   Thumb Code     0  libinit2.o(.ARM.Collect$$libinit$$00000002)
    __rt_lib_init_fp_trap_1                  0x080001f7   Thumb Code     0  libinit2.o(.ARM.Collect$$libinit$$0000001F)
    __rt_lib_init_getenv_1                   0x080001f7   Thumb Code     0  libinit2.o(.ARM.Collect$$libinit$$00000023)
    __rt_lib_init_heap_1                     0x080001f7   Thumb Code     0  libinit2.o(.ARM.Collect$$libinit$$0000000A)
    __rt_lib_init_lc_collate_1               0x080001f7   Thumb Code     0  libinit2.o(.ARM.Collect$$libinit$$00000011)
    __rt_lib_init_lc_ctype_1                 0x080001f7   Thumb Code     0  libinit2.o(.ARM.Collect$$libinit$$00000013)
    __rt_lib_init_lc_monetary_1              0x080001f7   Thumb Code     0  libinit2.o(.ARM.Collect$$libinit$$00000015)
    __rt_lib_init_lc_numeric_1               0x080001f7   Thumb Code     0  libinit2.o(.ARM.Collect$$libinit$$00000017)
    __rt_lib_init_lc_time_1                  0x080001f7   Thumb Code     0  libinit2.o(.ARM.Collect$$libinit$$00000019)
    __rt_lib_init_preinit_1                  0x080001f7   Thumb Code     0  libinit2.o(.ARM.Collect$$libinit$$00000004)
    __rt_lib_init_rand_1                     0x080001f7   Thumb Code     0  libinit2.o(.ARM.Collect$$libinit$$0000000E)
    __rt_lib_init_return                     0x080001f7   Thumb Code     0  libinit2.o(.ARM.Collect$$libinit$$00000033)
    __rt_lib_init_signal_1                   0x080001f7   Thumb Code     0  libinit2.o(.ARM.Collect$$libinit$$0000001D)
    __rt_lib_init_stdio_1                    0x080001f7   Thumb Code     0  libinit2.o(.ARM.Collect$$libinit$$00000025)
    __rt_lib_init_user_alloc_1               0x080001f7   Thumb Code     0  libinit2.o(.ARM.Collect$$libinit$$0000000C)
    __rt_lib_shutdown                        0x080001f9   Thumb Code     0  libshutdown.o(.ARM.Collect$$libshutdown$$00000000)
    __rt_lib_shutdown_cpp_1                  0x080001fb   Thumb Code     0  libshutdown2.o(.ARM.Collect$$libshutdown$$00000002)
    __rt_lib_shutdown_fp_trap_1              0x080001fb   Thumb Code     0  libshutdown2.o(.ARM.Collect$$libshutdown$$00000007)
    __rt_lib_shutdown_heap_1                 0x080001fb   Thumb Code     0  libshutdown2.o(.ARM.Collect$$libshutdown$$0000000F)
    __rt_lib_shutdown_return                 0x080001fb   Thumb Code     0  libshutdown2.o(.ARM.Collect$$libshutdown$$00000010)
    __rt_lib_shutdown_signal_1               0x080001fb   Thumb Code     0  libshutdown2.o(.ARM.Collect$$libshutdown$$0000000A)
    __rt_lib_shutdown_stdio_1                0x080001fb   Thumb Code     0  libshutdown2.o(.ARM.Collect$$libshutdown$$00000004)
    __rt_lib_shutdown_user_alloc_1           0x080001fb   Thumb Code     0  libshutdown2.o(.ARM.Collect$$libshutdown$$0000000C)
    __rt_entry                               0x080001fd   Thumb Code     0  __rtentry.o(.ARM.Collect$$rtentry$$00000000)
    __rt_entry_presh_1                       0x080001fd   Thumb Code     0  __rtentry2.o(.ARM.Collect$$rtentry$$00000002)
    __rt_entry_sh                            0x080001fd   Thumb Code     0  __rtentry4.o(.ARM.Collect$$rtentry$$00000004)
    __rt_entry_li                            0x08000203   Thumb Code     0  __rtentry2.o(.ARM.Collect$$rtentry$$0000000A)
    __rt_entry_postsh_1                      0x08000203   Thumb Code     0  __rtentry2.o(.ARM.Collect$$rtentry$$00000009)
    __rt_entry_main                          0x08000207   Thumb Code     0  __rtentry2.o(.ARM.Collect$$rtentry$$0000000D)
    __rt_entry_postli_1                      0x08000207   Thumb Code     0  __rtentry2.o(.ARM.Collect$$rtentry$$0000000C)
    __rt_exit                                0x0800020f   Thumb Code     0  rtexit.o(.ARM.Collect$$rtexit$$00000000)
    __rt_exit_ls                             0x08000211   Thumb Code     0  rtexit2.o(.ARM.Collect$$rtexit$$00000003)
    __rt_exit_prels_1                        0x08000211   Thumb Code     0  rtexit2.o(.ARM.Collect$$rtexit$$00000002)
    __rt_exit_exit                           0x08000215   Thumb Code     0  rtexit2.o(.ARM.Collect$$rtexit$$00000004)
    Reset_Handler                            0x0800021d   Thumb Code     8  startup_stm32f103xe.o(.text)
    ADC1_2_IRQHandler                        0x08000237   Thumb Code     0  startup_stm32f103xe.o(.text)
    ADC3_IRQHandler                          0x08000237   Thumb Code     0  startup_stm32f103xe.o(.text)
    CAN1_RX1_IRQHandler                      0x08000237   Thumb Code     0  startup_stm32f103xe.o(.text)
    CAN1_SCE_IRQHandler                      0x08000237   Thumb Code     0  startup_stm32f103xe.o(.text)
    DMA1_Channel1_IRQHandler                 0x08000237   Thumb Code     0  startup_stm32f103xe.o(.text)
    DMA1_Channel2_IRQHandler                 0x08000237   Thumb Code     0  startup_stm32f103xe.o(.text)
    DMA1_Channel3_IRQHandler                 0x08000237   Thumb Code     0  startup_stm32f103xe.o(.text)
    DMA1_Channel4_IRQHandler                 0x08000237   Thumb Code     0  startup_stm32f103xe.o(.text)
    DMA1_Channel5_IRQHandler                 0x08000237   Thumb Code     0  startup_stm32f103xe.o(.text)
    DMA1_Channel6_IRQHandler                 0x08000237   Thumb Code     0  startup_stm32f103xe.o(.text)
    DMA1_Channel7_IRQHandler                 0x08000237   Thumb Code     0  startup_stm32f103xe.o(.text)
    DMA2_Channel1_IRQHandler                 0x08000237   Thumb Code     0  startup_stm32f103xe.o(.text)
    DMA2_Channel2_IRQHandler                 0x08000237   Thumb Code     0  startup_stm32f103xe.o(.text)
    DMA2_Channel3_IRQHandler                 0x08000237   Thumb Code     0  startup_stm32f103xe.o(.text)
    DMA2_Channel4_5_IRQHandler               0x08000237   Thumb Code     0  startup_stm32f103xe.o(.text)
    EXTI0_IRQHandler                         0x08000237   Thumb Code     0  startup_stm32f103xe.o(.text)
    EXTI15_10_IRQHandler                     0x08000237   Thumb Code     0  startup_stm32f103xe.o(.text)
    EXTI1_IRQHandler                         0x08000237   Thumb Code     0  startup_stm32f103xe.o(.text)
    EXTI2_IRQHandler                         0x08000237   Thumb Code     0  startup_stm32f103xe.o(.text)
    EXTI9_5_IRQHandler                       0x08000237   Thumb Code     0  startup_stm32f103xe.o(.text)
    FLASH_IRQHandler                         0x08000237   Thumb Code     0  startup_stm32f103xe.o(.text)
    FSMC_IRQHandler                          0x08000237   Thumb Code     0  startup_stm32f103xe.o(.text)
    I2C1_ER_IRQHandler                       0x08000237   Thumb Code     0  startup_stm32f103xe.o(.text)
    I2C1_EV_IRQHandler                       0x08000237   Thumb Code     0  startup_stm32f103xe.o(.text)
    I2C2_ER_IRQHandler                       0x08000237   Thumb Code     0  startup_stm32f103xe.o(.text)
    I2C2_EV_IRQHandler                       0x08000237   Thumb Code     0  startup_stm32f103xe.o(.text)
    PVD_IRQHandler                           0x08000237   Thumb Code     0  startup_stm32f103xe.o(.text)
    RCC_IRQHandler                           0x08000237   Thumb Code     0  startup_stm32f103xe.o(.text)
    RTC_Alarm_IRQHandler                     0x08000237   Thumb Code     0  startup_stm32f103xe.o(.text)
    RTC_IRQHandler                           0x08000237   Thumb Code     0  startup_stm32f103xe.o(.text)
    SDIO_IRQHandler                          0x08000237   Thumb Code     0  startup_stm32f103xe.o(.text)
    SPI1_IRQHandler                          0x08000237   Thumb Code     0  startup_stm32f103xe.o(.text)
    SPI2_IRQHandler                          0x08000237   Thumb Code     0  startup_stm32f103xe.o(.text)
    SPI3_IRQHandler                          0x08000237   Thumb Code     0  startup_stm32f103xe.o(.text)
    TAMPER_IRQHandler                        0x08000237   Thumb Code     0  startup_stm32f103xe.o(.text)
    TIM1_BRK_IRQHandler                      0x08000237   Thumb Code     0  startup_stm32f103xe.o(.text)
    TIM1_CC_IRQHandler                       0x08000237   Thumb Code     0  startup_stm32f103xe.o(.text)
    TIM1_TRG_COM_IRQHandler                  0x08000237   Thumb Code     0  startup_stm32f103xe.o(.text)
    TIM1_UP_IRQHandler                       0x08000237   Thumb Code     0  startup_stm32f103xe.o(.text)
    TIM2_IRQHandler                          0x08000237   Thumb Code     0  startup_stm32f103xe.o(.text)
    TIM3_IRQHandler                          0x08000237   Thumb Code     0  startup_stm32f103xe.o(.text)
    TIM4_IRQHandler                          0x08000237   Thumb Code     0  startup_stm32f103xe.o(.text)
    TIM5_IRQHandler                          0x08000237   Thumb Code     0  startup_stm32f103xe.o(.text)
    TIM6_IRQHandler                          0x08000237   Thumb Code     0  startup_stm32f103xe.o(.text)
    TIM7_IRQHandler                          0x08000237   Thumb Code     0  startup_stm32f103xe.o(.text)
    TIM8_BRK_IRQHandler                      0x08000237   Thumb Code     0  startup_stm32f103xe.o(.text)
    TIM8_CC_IRQHandler                       0x08000237   Thumb Code     0  startup_stm32f103xe.o(.text)
    TIM8_TRG_COM_IRQHandler                  0x08000237   Thumb Code     0  startup_stm32f103xe.o(.text)
    TIM8_UP_IRQHandler                       0x08000237   Thumb Code     0  startup_stm32f103xe.o(.text)
    UART4_IRQHandler                         0x08000237   Thumb Code     0  startup_stm32f103xe.o(.text)
    UART5_IRQHandler                         0x08000237   Thumb Code     0  startup_stm32f103xe.o(.text)
    USART1_IRQHandler                        0x08000237   Thumb Code     0  startup_stm32f103xe.o(.text)
    USART2_IRQHandler                        0x08000237   Thumb Code     0  startup_stm32f103xe.o(.text)
    USART3_IRQHandler                        0x08000237   Thumb Code     0  startup_stm32f103xe.o(.text)
    USBWakeUp_IRQHandler                     0x08000237   Thumb Code     0  startup_stm32f103xe.o(.text)
    USB_HP_CAN1_TX_IRQHandler                0x08000237   Thumb Code     0  startup_stm32f103xe.o(.text)
    USB_LP_CAN1_RX0_IRQHandler               0x08000237   Thumb Code     0  startup_stm32f103xe.o(.text)
    WWDG_IRQHandler                          0x08000237   Thumb Code     0  startup_stm32f103xe.o(.text)
    __user_initial_stackheap                 0x08000239   Thumb Code     0  startup_stm32f103xe.o(.text)
    __2sprintf                               0x0800025d   Thumb Code    34  noretval__2sprintf.o(.text)
    __printf                                 0x08000285   Thumb Code   104  __printf.o(.text)
    _printf_int_dec                          0x080002ed   Thumb Code   104  _printf_dec.o(.text)
    strlen                                   0x08000365   Thumb Code    62  strlen.o(.text)
    strncmp                                  0x080003a3   Thumb Code   150  strncmp.o(.text)
    __aeabi_memclr4                          0x08000439   Thumb Code     0  rt_memclr_w.o(.text)
    __aeabi_memclr8                          0x08000439   Thumb Code     0  rt_memclr_w.o(.text)
    __rt_memclr_w                            0x08000439   Thumb Code    78  rt_memclr_w.o(.text)
    _memset_w                                0x0800043d   Thumb Code     0  rt_memclr_w.o(.text)
    __use_two_region_memory                  0x08000487   Thumb Code     2  heapauxi.o(.text)
    __rt_heap_escrow$2region                 0x08000489   Thumb Code     2  heapauxi.o(.text)
    __rt_heap_expand$2region                 0x0800048b   Thumb Code     2  heapauxi.o(.text)
    _printf_int_common                       0x0800048d   Thumb Code   178  _printf_intcommon.o(.text)
    _printf_char_common                      0x0800054b   Thumb Code    32  _printf_char_common.o(.text)
    _sputc                                   0x08000571   Thumb Code    10  _sputc.o(.text)
    __user_setup_stackheap                   0x0800057b   Thumb Code    74  sys_stackheap_outer.o(.text)
    exit                                     0x080005c5   Thumb Code    18  exit.o(.text)
    __user_libspace                          0x080005d9   Thumb Code     8  libspace.o(.text)
    __user_perproc_libspace                  0x080005d9   Thumb Code     0  libspace.o(.text)
    __user_perthread_libspace                0x080005d9   Thumb Code     0  libspace.o(.text)
    _sys_exit                                0x080005e1   Thumb Code     8  sys_exit.o(.text)
    __I$use$semihosting                      0x080005ed   Thumb Code     0  use_no_semi.o(.text)
    __use_no_semihosting_swi                 0x080005ed   Thumb Code     2  use_no_semi.o(.text)
    __semihosting_library_function           0x080005ef   Thumb Code     0  indicate_semi.o(.text)
    ADC_ConversionStop_Disable               0x080005f1   Thumb Code    76  stm32f1xx_hal_adc.o(i.ADC_ConversionStop_Disable)
    ADC_Enable                               0x0800063d   Thumb Code   104  stm32f1xx_hal_adc.o(i.ADC_Enable)
    BSP_SD_GetCardInfo                       0x080006ad   Thumb Code     8  bsp_driver_sd.o(i.BSP_SD_GetCardInfo)
    BSP_SD_GetCardState                      0x080006b9   Thumb Code    20  bsp_driver_sd.o(i.BSP_SD_GetCardState)
    BSP_SD_Init                              0x080006d1   Thumb Code    48  bsp_driver_sd.o(i.BSP_SD_Init)
    BSP_SD_ReadBlocks                        0x08000705   Thumb Code    26  bsp_driver_sd.o(i.BSP_SD_ReadBlocks)
    BSP_SD_WriteBlocks                       0x08000725   Thumb Code    26  bsp_driver_sd.o(i.BSP_SD_WriteBlocks)
    BusFault_Handler                         0x08000745   Thumb Code     2  stm32f1xx_it.o(i.BusFault_Handler)
    CO_detect                                0x08000749   Thumb Code   140  own_define_functions.o(i.CO_detect)
    DebugMon_Handler                         0x08000819   Thumb Code     2  stm32f1xx_it.o(i.DebugMon_Handler)
    Delay                                    0x0800081b   Thumb Code    16  lcd_own.o(i.Delay)
    EXTI3_IRQHandler                         0x0800082d   Thumb Code    74  stm32f1xx_it.o(i.EXTI3_IRQHandler)
    EXTI4_IRQHandler                         0x08000889   Thumb Code    36  stm32f1xx_it.o(i.EXTI4_IRQHandler)
    FATFS_LinkDriver                         0x080008b5   Thumb Code     6  ff_gen_drv.o(i.FATFS_LinkDriver)
    FATFS_LinkDriverEx                       0x080008bd   Thumb Code    60  ff_gen_drv.o(i.FATFS_LinkDriverEx)
    FSMC_NORSRAM_Extended_Timing_Init        0x080008fd   Thumb Code    56  stm32f1xx_ll_fsmc.o(i.FSMC_NORSRAM_Extended_Timing_Init)
    FSMC_NORSRAM_Init                        0x08000939   Thumb Code   148  stm32f1xx_ll_fsmc.o(i.FSMC_NORSRAM_Init)
    FSMC_NORSRAM_Timing_Init                 0x080009d1   Thumb Code    64  stm32f1xx_ll_fsmc.o(i.FSMC_NORSRAM_Timing_Init)
    HAL_ADCEx_Calibration_Start              0x08000a15   Thumb Code   194  stm32f1xx_hal_adc_ex.o(i.HAL_ADCEx_Calibration_Start)
    HAL_ADC_ConfigChannel                    0x08000add   Thumb Code   240  stm32f1xx_hal_adc.o(i.HAL_ADC_ConfigChannel)
    HAL_ADC_GetValue                         0x08000bd9   Thumb Code     6  stm32f1xx_hal_adc.o(i.HAL_ADC_GetValue)
    HAL_ADC_Init                             0x08000be1   Thumb Code   272  stm32f1xx_hal_adc.o(i.HAL_ADC_Init)
    HAL_ADC_MspInit                          0x08000d01   Thumb Code   126  stm32f1xx_hal_msp.o(i.HAL_ADC_MspInit)
    HAL_ADC_PollForConversion                0x08000d95   Thumb Code   290  stm32f1xx_hal_adc.o(i.HAL_ADC_PollForConversion)
    HAL_ADC_Start                            0x08000ec5   Thumb Code   184  stm32f1xx_hal_adc.o(i.HAL_ADC_Start)
    HAL_Delay                                0x08000f85   Thumb Code    32  stm32f1xx_hal.o(i.HAL_Delay)
    HAL_GPIO_EXTI_Callback                   0x08001011   Thumb Code     2  stm32f1xx_hal_gpio.o(i.HAL_GPIO_EXTI_Callback)
    HAL_GPIO_EXTI_IRQHandler                 0x08001015   Thumb Code    18  stm32f1xx_hal_gpio.o(i.HAL_GPIO_EXTI_IRQHandler)
    HAL_GPIO_Init                            0x0800102d   Thumb Code   446  stm32f1xx_hal_gpio.o(i.HAL_GPIO_Init)
    HAL_GPIO_ReadPin                         0x08001215   Thumb Code    10  stm32f1xx_hal_gpio.o(i.HAL_GPIO_ReadPin)
    HAL_GPIO_WritePin                        0x0800121f   Thumb Code    10  stm32f1xx_hal_gpio.o(i.HAL_GPIO_WritePin)
    HAL_GetTick                              0x08001229   Thumb Code     6  stm32f1xx_hal.o(i.HAL_GetTick)
    HAL_IncTick                              0x08001235   Thumb Code    12  stm32f1xx_hal.o(i.HAL_IncTick)
    HAL_Init                                 0x08001245   Thumb Code    32  stm32f1xx_hal.o(i.HAL_Init)
    HAL_InitTick                             0x08001269   Thumb Code    54  stm32f1xx_hal.o(i.HAL_InitTick)
    HAL_MspInit                              0x080012a9   Thumb Code    52  stm32f1xx_hal_msp.o(i.HAL_MspInit)
    HAL_NVIC_EnableIRQ                       0x080012e5   Thumb Code    22  stm32f1xx_hal_cortex.o(i.HAL_NVIC_EnableIRQ)
    HAL_NVIC_SetPriority                     0x080012fd   Thumb Code    60  stm32f1xx_hal_cortex.o(i.HAL_NVIC_SetPriority)
    HAL_NVIC_SetPriorityGrouping             0x0800133d   Thumb Code    26  stm32f1xx_hal_cortex.o(i.HAL_NVIC_SetPriorityGrouping)
    HAL_RCCEx_GetPeriphCLKFreq               0x08001361   Thumb Code   180  stm32f1xx_hal_rcc_ex.o(i.HAL_RCCEx_GetPeriphCLKFreq)
    HAL_RCCEx_PeriphCLKConfig                0x08001435   Thumb Code   224  stm32f1xx_hal_rcc_ex.o(i.HAL_RCCEx_PeriphCLKConfig)
    HAL_RCC_ClockConfig                      0x08001521   Thumb Code   346  stm32f1xx_hal_rcc.o(i.HAL_RCC_ClockConfig)
    HAL_RCC_GetPCLK2Freq                     0x0800168d   Thumb Code    20  stm32f1xx_hal_rcc.o(i.HAL_RCC_GetPCLK2Freq)
    HAL_RCC_GetSysClockFreq                  0x080016ad   Thumb Code    74  stm32f1xx_hal_rcc.o(i.HAL_RCC_GetSysClockFreq)
    HAL_RCC_OscConfig                        0x08001719   Thumb Code   750  stm32f1xx_hal_rcc.o(i.HAL_RCC_OscConfig)
    HAL_SD_ConfigWideBusOperation            0x08001a1d   Thumb Code   120  stm32f1xx_hal_sd.o(i.HAL_SD_ConfigWideBusOperation)
    HAL_SD_GetCardCSD                        0x08001a95   Thumb Code   474  stm32f1xx_hal_sd.o(i.HAL_SD_GetCardCSD)
    HAL_SD_GetCardInfo                       0x08001c6f   Thumb Code    36  stm32f1xx_hal_sd.o(i.HAL_SD_GetCardInfo)
    HAL_SD_GetCardState                      0x08001c93   Thumb Code    44  stm32f1xx_hal_sd.o(i.HAL_SD_GetCardState)
    HAL_SD_Init                              0x08001cbf   Thumb Code    54  stm32f1xx_hal_sd.o(i.HAL_SD_Init)
    HAL_SD_InitCard                          0x08001cf5   Thumb Code    80  stm32f1xx_hal_sd.o(i.HAL_SD_InitCard)
    HAL_SD_MspInit                           0x08001d49   Thumb Code   114  stm32f1xx_hal_msp.o(i.HAL_SD_MspInit)
    HAL_SD_ReadBlocks                        0x08001dcd   Thumb Code   434  stm32f1xx_hal_sd.o(i.HAL_SD_ReadBlocks)
    HAL_SD_WriteBlocks                       0x08001f81   Thumb Code   410  stm32f1xx_hal_sd.o(i.HAL_SD_WriteBlocks)
    HAL_SRAM_Init                            0x0800211b   Thumb Code    86  stm32f1xx_hal_sram.o(i.HAL_SRAM_Init)
    HAL_SRAM_MspInit                         0x08002171   Thumb Code     4  stm32f1xx_hal_msp.o(i.HAL_SRAM_MspInit)
    HAL_SYSTICK_Config                       0x08002175   Thumb Code    40  stm32f1xx_hal_cortex.o(i.HAL_SYSTICK_Config)
    HardFault_Handler                        0x0800219d   Thumb Code     2  stm32f1xx_it.o(i.HardFault_Handler)
    LCD_BackLed_Control                      0x080021a1   Thumb Code    20  lcd_own.o(i.LCD_BackLed_Control)
    LCD_Cam_Gram                             0x080021b9   Thumb Code    52  lcd_own.o(i.LCD_Cam_Gram)
    LCD_Clear                                0x080021f1   Thumb Code    26  lcd_own.o(i.LCD_Clear)
    LCD_DrawChar                             0x0800220d   Thumb Code    70  lcd_own.o(i.LCD_DrawChar)
    LCD_DrawChar_Color                       0x0800225d   Thumb Code    68  lcd_own.o(i.LCD_DrawChar_Color)
    LCD_DrawCross                            0x080022a9   Thumb Code    42  lcd_own.o(i.LCD_DrawCross)
    LCD_DrawString                           0x080022d5   Thumb Code    64  lcd_own.o(i.LCD_DrawString)
    LCD_DrawString_Color                     0x08002315   Thumb Code    80  lcd_own.o(i.LCD_DrawString_Color)
    LCD_FillColor                            0x08002365   Thumb Code    24  lcd_own.o(i.LCD_FillColor)
    LCD_GramScan                             0x08002381   Thumb Code   132  lcd_own.o(i.LCD_GramScan)
    LCD_INIT                                 0x08002409   Thumb Code    38  lcd_own.o(i.LCD_INIT)
    LCD_OpenWindow                           0x08002431   Thumb Code    58  lcd_own.o(i.LCD_OpenWindow)
    LCD_REG_Config                           0x08002471   Thumb Code   368  lcd_own.o(i.LCD_REG_Config)
    LCD_Rst                                  0x080025e9   Thumb Code    42  lcd_own.o(i.LCD_Rst)
    LCD_Write_Data                           0x0800261d   Thumb Code     6  lcd_own.o(i.LCD_Write_Data)
    LCD_homepage                             0x08002629   Thumb Code   180  lcd_own.o(i.LCD_homepage)
    MX_FATFS_Init                            0x080027f5   Thumb Code    18  fatfs.o(i.MX_FATFS_Init)
    MemManage_Handler                        0x08002a69   Thumb Code     2  stm32f1xx_it.o(i.MemManage_Handler)
    NMI_Handler                              0x08002a6b   Thumb Code     2  stm32f1xx_it.o(i.NMI_Handler)
    Ov7725_Init                              0x08002a8d   Thumb Code    84  bsp_ov7725.o(i.Ov7725_Init)
    PendSV_Handler                           0x08002ae5   Thumb Code     2  stm32f1xx_it.o(i.PendSV_Handler)
    SCCB_ReadByte                            0x08002ae9   Thumb Code   200  bsp_sccb.o(i.SCCB_ReadByte)
    SCCB_WriteByte                           0x08002c95   Thumb Code    62  bsp_sccb.o(i.SCCB_WriteByte)
    SDIO_ConfigData                          0x08002ce1   Thumb Code    36  stm32f1xx_ll_sdmmc.o(i.SDIO_ConfigData)
    SDIO_GetPowerState                       0x08002d05   Thumb Code     8  stm32f1xx_ll_sdmmc.o(i.SDIO_GetPowerState)
    SDIO_GetResponse                         0x08002d0d   Thumb Code    12  stm32f1xx_ll_sdmmc.o(i.SDIO_GetResponse)
    SDIO_Init                                0x08002d19   Thumb Code    36  stm32f1xx_ll_sdmmc.o(i.SDIO_Init)
    SDIO_PowerState_ON                       0x08002d3d   Thumb Code     8  stm32f1xx_ll_sdmmc.o(i.SDIO_PowerState_ON)
    SDIO_ReadFIFO                            0x08002d45   Thumb Code     6  stm32f1xx_ll_sdmmc.o(i.SDIO_ReadFIFO)
    SDIO_SendCommand                         0x08002d4b   Thumb Code    32  stm32f1xx_ll_sdmmc.o(i.SDIO_SendCommand)
    SDIO_WriteFIFO                           0x08002d6b   Thumb Code    10  stm32f1xx_ll_sdmmc.o(i.SDIO_WriteFIFO)
    SDMMC_CmdAppCommand                      0x08002d75   Thumb Code    50  stm32f1xx_ll_sdmmc.o(i.SDMMC_CmdAppCommand)
    SDMMC_CmdAppOperCommand                  0x08002da9   Thumb Code    48  stm32f1xx_ll_sdmmc.o(i.SDMMC_CmdAppOperCommand)
    SDMMC_CmdBlockLength                     0x08002ddd   Thumb Code    50  stm32f1xx_ll_sdmmc.o(i.SDMMC_CmdBlockLength)
    SDMMC_CmdBusWidth                        0x08002e0f   Thumb Code    50  stm32f1xx_ll_sdmmc.o(i.SDMMC_CmdBusWidth)
    SDMMC_CmdGoIdleState                     0x08002e41   Thumb Code    76  stm32f1xx_ll_sdmmc.o(i.SDMMC_CmdGoIdleState)
    SDMMC_CmdOperCond                        0x08002e91   Thumb Code    98  stm32f1xx_ll_sdmmc.o(i.SDMMC_CmdOperCond)
    SDMMC_CmdReadMultiBlock                  0x08002ef9   Thumb Code    50  stm32f1xx_ll_sdmmc.o(i.SDMMC_CmdReadMultiBlock)
    SDMMC_CmdReadSingleBlock                 0x08002f2b   Thumb Code    50  stm32f1xx_ll_sdmmc.o(i.SDMMC_CmdReadSingleBlock)
    SDMMC_CmdSelDesel                        0x08002f5d   Thumb Code    50  stm32f1xx_ll_sdmmc.o(i.SDMMC_CmdSelDesel)
    SDMMC_CmdSendCID                         0x08002f8f   Thumb Code    44  stm32f1xx_ll_sdmmc.o(i.SDMMC_CmdSendCID)
    SDMMC_CmdSendCSD                         0x08002fbb   Thumb Code    44  stm32f1xx_ll_sdmmc.o(i.SDMMC_CmdSendCSD)
    SDMMC_CmdSendSCR                         0x08002fe7   Thumb Code    48  stm32f1xx_ll_sdmmc.o(i.SDMMC_CmdSendSCR)
    SDMMC_CmdSendStatus                      0x08003017   Thumb Code    50  stm32f1xx_ll_sdmmc.o(i.SDMMC_CmdSendStatus)
    SDMMC_CmdSetRelAdd                       0x08003049   Thumb Code    48  stm32f1xx_ll_sdmmc.o(i.SDMMC_CmdSetRelAdd)
    SDMMC_CmdStopTransfer                    0x08003079   Thumb Code    46  stm32f1xx_ll_sdmmc.o(i.SDMMC_CmdStopTransfer)
    SDMMC_CmdWriteMultiBlock                 0x080030ad   Thumb Code    50  stm32f1xx_ll_sdmmc.o(i.SDMMC_CmdWriteMultiBlock)
    SDMMC_CmdWriteSingleBlock                0x080030df   Thumb Code    50  stm32f1xx_ll_sdmmc.o(i.SDMMC_CmdWriteSingleBlock)
    SD_initialize                            0x08003639   Thumb Code    26  sd_diskio.o(i.SD_initialize)
    SD_ioctl                                 0x08003659   Thumb Code    74  sd_diskio.o(i.SD_ioctl)
    SD_read                                  0x080036a9   Thumb Code    52  sd_diskio.o(i.SD_read)
    SD_status                                0x080036e5   Thumb Code    26  sd_diskio.o(i.SD_status)
    SD_write                                 0x08003705   Thumb Code    52  sd_diskio.o(i.SD_write)
    SVC_Handler                              0x08003741   Thumb Code     2  stm32f1xx_it.o(i.SVC_Handler)
    SysTick_Handler                          0x08003743   Thumb Code     4  stm32f1xx_it.o(i.SysTick_Handler)
    SystemClock_Config                       0x08003747   Thumb Code    98  main.o(i.SystemClock_Config)
    SystemInit                               0x080037a9   Thumb Code    56  system_stm32f1xx.o(i.SystemInit)
    UsageFault_Handler                       0x080037f1   Thumb Code     2  stm32f1xx_it.o(i.UsageFault_Handler)
    XPT2046_Get_TouchedPoint                 0x08003955   Thumb Code   150  xpt2046.o(i.XPT2046_Get_TouchedPoint)
    XPT2046_Touch_Calibrate                  0x08003b81   Thumb Code   660  xpt2046.o(i.XPT2046_Touch_Calibrate)
    check_homepage                           0x08003f31   Thumb Code   166  own_define_functions.o(i.check_homepage)
    clust2sect                               0x080040f3   Thumb Code    28  ff.o(i.clust2sect)
    disk_initialize                          0x08004519   Thumb Code    36  diskio.o(i.disk_initialize)
    disk_ioctl                               0x08004541   Thumb Code    24  diskio.o(i.disk_ioctl)
    disk_read                                0x0800455d   Thumb Code    24  diskio.o(i.disk_read)
    disk_status                              0x08004579   Thumb Code    18  diskio.o(i.disk_status)
    disk_write                               0x08004591   Thumb Code    24  diskio.o(i.disk_write)
    enterPassword                            0x080045ad   Thumb Code   160  own_define_functions.o(i.enterPassword)
    f_close                                  0x08004695   Thumb Code    42  ff.o(i.f_close)
    f_mount                                  0x080046c1   Thumb Code    94  ff.o(i.f_mount)
    f_open                                   0x08004725   Thumb Code   484  ff.o(i.f_open)
    f_read                                   0x0800490d   Thumb Code   398  ff.o(i.f_read)
    f_sync                                   0x08004a9b   Thumb Code   162  ff.o(i.f_sync)
    f_write                                  0x08004b3d   Thumb Code   454  ff.o(i.f_write)
    get_fat                                  0x08005029   Thumb Code   230  ff.o(i.get_fat)
    get_fattime                              0x0800510f   Thumb Code     4  fatfs.o(i.get_fattime)
    main                                     0x08005201   Thumb Code   360  main.o(i.main)
    newbmp                                   0x08005441   Thumb Code   270  own_define_functions.o(i.newbmp)
    put_fat                                  0x08005575   Thumb Code   286  ff.o(i.put_fat)
    read_keypad                              0x08005695   Thumb Code   556  own_define_functions.o(i.read_keypad)
    readbmp                                  0x080058cd   Thumb Code   406  own_define_functions.o(i.readbmp)
    verifyPassword                           0x08005ca9   Thumb Code   264  own_define_functions.o(i.verifyPassword)
    __aeabi_dadd                             0x08005e41   Thumb Code     0  daddsub_clz.o(x$fpl$dadd)
    _dadd                                    0x08005e41   Thumb Code   332  daddsub_clz.o(x$fpl$dadd)
    __fpl_dcmp_Inf                           0x08005f91   Thumb Code    24  dcmpi.o(x$fpl$dcmpinf)
    __aeabi_ddiv                             0x08005fa9   Thumb Code     0  ddiv.o(x$fpl$ddiv)
    _ddiv                                    0x08005fa9   Thumb Code   552  ddiv.o(x$fpl$ddiv)
    __aeabi_cdcmpeq                          0x08006259   Thumb Code     0  deqf.o(x$fpl$deqf)
    _dcmpeq                                  0x08006259   Thumb Code   120  deqf.o(x$fpl$deqf)
    __aeabi_d2uiz                            0x080062d1   Thumb Code     0  dfixu.o(x$fpl$dfixu)
    _dfixu                                   0x080062d1   Thumb Code    90  dfixu.o(x$fpl$dfixu)
    __aeabi_i2d                              0x0800632b   Thumb Code     0  dflt_clz.o(x$fpl$dflt)
    _dflt                                    0x0800632b   Thumb Code    46  dflt_clz.o(x$fpl$dflt)
    __aeabi_ui2d                             0x08006359   Thumb Code     0  dflt_clz.o(x$fpl$dfltu)
    _dfltu                                   0x08006359   Thumb Code    38  dflt_clz.o(x$fpl$dfltu)
    __aeabi_dmul                             0x08006381   Thumb Code     0  dmul.o(x$fpl$dmul)
    _dmul                                    0x08006381   Thumb Code   332  dmul.o(x$fpl$dmul)
    __fpl_dnaninf                            0x080064d5   Thumb Code   156  dnaninf.o(x$fpl$dnaninf)
    __fpl_dretinf                            0x08006571   Thumb Code    12  dretinf.o(x$fpl$dretinf)
    __aeabi_dsub                             0x0800657d   Thumb Code     0  daddsub_clz.o(x$fpl$dsub)
    _dsub                                    0x0800657d   Thumb Code   464  daddsub_clz.o(x$fpl$dsub)
    __I$use$fp                               0x08006750   Number         0  usenofp.o(x$fpl$usenofp)
    ucAscii_1608                             0x08006750   Data        1520  lcd_own.o(.constdata)
    AHBPrescTable                            0x08006d40   Data          16  system_stm32f1xx.o(.constdata)
    APBPrescTable                            0x08006d50   Data           8  system_stm32f1xx.o(.constdata)
    SD_Driver                                0x08006e04   Data          20  sd_diskio.o(.constdata)
    Region$$Table$$Base                      0x08006f08   Number         0  anon$$obj.o(Region$$Table)
    Region$$Table$$Limit                     0x08006f28   Number         0  anon$$obj.o(Region$$Table)
    ucXPT2046_TouchFlag                      0x20000000   Data           1  xpt2046.o(.data)
    strXPT2046_TouchPara                     0x20000008   Data          48  xpt2046.o(.data)
    OV7725_REG_NUM                           0x20000038   Data           1  bsp_ov7725.o(.data)
    Sensor_Config                            0x20000039   Data         154  bsp_ov7725.o(.data)
    door_status                              0x200000d4   Data           4  own_define_functions.o(.data)
    key_read                                 0x200000d8   Data           1  own_define_functions.o(.data)
    Ov7725_vsync                             0x200000d9   Data           1  own_define_functions.o(.data)
    photoNum                                 0x200000dc   Data           4  own_define_functions.o(.data)
    password                                 0x200000e0   Data           4  own_define_functions.o(.data)
    numberofbytes                            0x200000e4   Data           4  own_define_functions.o(.data)
    readPhotoPath                            0x200000e8   Data          76  own_define_functions.o(.data)
    password_enter                           0x20000134   Data           4  own_define_functions.o(.data)
    retSD                                    0x20000138   Data           1  fatfs.o(.data)
    SDPath                                   0x20000139   Data           4  fatfs.o(.data)
    uwTickFreq                               0x20000148   Data           1  stm32f1xx_hal.o(.data)
    uwTickPrio                               0x2000014c   Data           4  stm32f1xx_hal.o(.data)
    uwTick                                   0x20000150   Data           4  stm32f1xx_hal.o(.data)
    SystemCoreClock                          0x20000154   Data           4  system_stm32f1xx.o(.data)
    photoFATFS                               0x20000164   Data        4144  own_define_functions.o(.bss)
    photoFILE                                0x20001194   Data        4140  own_define_functions.o(.bss)
    bmp                                      0x200021c0   Data          66  own_define_functions.o(.bss)
    hadc1                                    0x20002204   Data          48  main.o(.bss)
    hadc2                                    0x20002234   Data          48  main.o(.bss)
    hsd                                      0x20002264   Data         132  main.o(.bss)
    hsram1                                   0x200022e8   Data          68  main.o(.bss)
    disk                                     0x20002344   Data          12  ff_gen_drv.o(.bss)
    __libspace_start                         0x20002350   Data          96  libspace.o(.bss)
    __temporary_stack_top$libspace           0x200023b0   Data           0  libspace.o(.bss)



==============================================================================

Memory Map of the image

  Image Entry point : 0x08000131

  Load Region LR_IROM1 (Base: 0x08000000, Size: 0x0000708c, Max: 0x00080000, ABSOLUTE, COMPRESSED[0x00007044])

    Execution Region ER_IROM1 (Base: 0x08000000, Size: 0x00006f28, Max: 0x00080000, ABSOLUTE)

    Base Addr    Size         Type   Attr      Idx    E Section Name        Object

    0x08000000   0x00000130   Data   RO            3    RESET               startup_stm32f103xe.o
    0x08000130   0x00000008   Code   RO         3510  * !!!main             c_w.l(__main.o)
    0x08000138   0x00000034   Code   RO         3709    !!!scatter          c_w.l(__scatter.o)
    0x0800016c   0x0000005a   Code   RO         3707    !!dczerorl2         c_w.l(__dczerorl2.o)
    0x080001c6   0x00000002   PAD
    0x080001c8   0x0000001c   Code   RO         3711    !!handler_zi        c_w.l(__scatter_zi.o)
    0x080001e4   0x00000000   Code   RO         3501    .ARM.Collect$$_printf_percent$$00000000  c_w.l(_printf_percent.o)
    0x080001e4   0x00000006   Code   RO         3499    .ARM.Collect$$_printf_percent$$00000009  c_w.l(_printf_d.o)
    0x080001ea   0x00000006   Code   RO         3500    .ARM.Collect$$_printf_percent$$0000000A  c_w.l(_printf_u.o)
    0x080001f0   0x00000004   Code   RO         3543    .ARM.Collect$$_printf_percent$$00000017  c_w.l(_printf_percent_end.o)
    0x080001f4   0x00000002   Code   RO         3577    .ARM.Collect$$libinit$$00000000  c_w.l(libinit.o)
    0x080001f6   0x00000000   Code   RO         3584    .ARM.Collect$$libinit$$00000002  c_w.l(libinit2.o)
    0x080001f6   0x00000000   Code   RO         3586    .ARM.Collect$$libinit$$00000004  c_w.l(libinit2.o)
    0x080001f6   0x00000000   Code   RO         3589    .ARM.Collect$$libinit$$0000000A  c_w.l(libinit2.o)
    0x080001f6   0x00000000   Code   RO         3591    .ARM.Collect$$libinit$$0000000C  c_w.l(libinit2.o)
    0x080001f6   0x00000000   Code   RO         3593    .ARM.Collect$$libinit$$0000000E  c_w.l(libinit2.o)
    0x080001f6   0x00000000   Code   RO         3596    .ARM.Collect$$libinit$$00000011  c_w.l(libinit2.o)
    0x080001f6   0x00000000   Code   RO         3598    .ARM.Collect$$libinit$$00000013  c_w.l(libinit2.o)
    0x080001f6   0x00000000   Code   RO         3600    .ARM.Collect$$libinit$$00000015  c_w.l(libinit2.o)
    0x080001f6   0x00000000   Code   RO         3602    .ARM.Collect$$libinit$$00000017  c_w.l(libinit2.o)
    0x080001f6   0x00000000   Code   RO         3604    .ARM.Collect$$libinit$$00000019  c_w.l(libinit2.o)
    0x080001f6   0x00000000   Code   RO         3606    .ARM.Collect$$libinit$$0000001B  c_w.l(libinit2.o)
    0x080001f6   0x00000000   Code   RO         3608    .ARM.Collect$$libinit$$0000001D  c_w.l(libinit2.o)
    0x080001f6   0x00000000   Code   RO         3610    .ARM.Collect$$libinit$$0000001F  c_w.l(libinit2.o)
    0x080001f6   0x00000000   Code   RO         3612    .ARM.Collect$$libinit$$00000021  c_w.l(libinit2.o)
    0x080001f6   0x00000000   Code   RO         3614    .ARM.Collect$$libinit$$00000023  c_w.l(libinit2.o)
    0x080001f6   0x00000000   Code   RO         3616    .ARM.Collect$$libinit$$00000025  c_w.l(libinit2.o)
    0x080001f6   0x00000000   Code   RO         3620    .ARM.Collect$$libinit$$0000002C  c_w.l(libinit2.o)
    0x080001f6   0x00000000   Code   RO         3622    .ARM.Collect$$libinit$$0000002E  c_w.l(libinit2.o)
    0x080001f6   0x00000000   Code   RO         3624    .ARM.Collect$$libinit$$00000030  c_w.l(libinit2.o)
    0x080001f6   0x00000000   Code   RO         3626    .ARM.Collect$$libinit$$00000032  c_w.l(libinit2.o)
    0x080001f6   0x00000002   Code   RO         3627    .ARM.Collect$$libinit$$00000033  c_w.l(libinit2.o)
    0x080001f8   0x00000002   Code   RO         3647    .ARM.Collect$$libshutdown$$00000000  c_w.l(libshutdown.o)
    0x080001fa   0x00000000   Code   RO         3660    .ARM.Collect$$libshutdown$$00000002  c_w.l(libshutdown2.o)
    0x080001fa   0x00000000   Code   RO         3662    .ARM.Collect$$libshutdown$$00000004  c_w.l(libshutdown2.o)
    0x080001fa   0x00000000   Code   RO         3665    .ARM.Collect$$libshutdown$$00000007  c_w.l(libshutdown2.o)
    0x080001fa   0x00000000   Code   RO         3668    .ARM.Collect$$libshutdown$$0000000A  c_w.l(libshutdown2.o)
    0x080001fa   0x00000000   Code   RO         3670    .ARM.Collect$$libshutdown$$0000000C  c_w.l(libshutdown2.o)
    0x080001fa   0x00000000   Code   RO         3673    .ARM.Collect$$libshutdown$$0000000F  c_w.l(libshutdown2.o)
    0x080001fa   0x00000002   Code   RO         3674    .ARM.Collect$$libshutdown$$00000010  c_w.l(libshutdown2.o)
    0x080001fc   0x00000000   Code   RO         3536    .ARM.Collect$$rtentry$$00000000  c_w.l(__rtentry.o)
    0x080001fc   0x00000000   Code   RO         3552    .ARM.Collect$$rtentry$$00000002  c_w.l(__rtentry2.o)
    0x080001fc   0x00000006   Code   RO         3564    .ARM.Collect$$rtentry$$00000004  c_w.l(__rtentry4.o)
    0x08000202   0x00000000   Code   RO         3554    .ARM.Collect$$rtentry$$00000009  c_w.l(__rtentry2.o)
    0x08000202   0x00000004   Code   RO         3555    .ARM.Collect$$rtentry$$0000000A  c_w.l(__rtentry2.o)
    0x08000206   0x00000000   Code   RO         3557    .ARM.Collect$$rtentry$$0000000C  c_w.l(__rtentry2.o)
    0x08000206   0x00000008   Code   RO         3558    .ARM.Collect$$rtentry$$0000000D  c_w.l(__rtentry2.o)
    0x0800020e   0x00000002   Code   RO         3581    .ARM.Collect$$rtexit$$00000000  c_w.l(rtexit.o)
    0x08000210   0x00000000   Code   RO         3629    .ARM.Collect$$rtexit$$00000002  c_w.l(rtexit2.o)
    0x08000210   0x00000004   Code   RO         3630    .ARM.Collect$$rtexit$$00000003  c_w.l(rtexit2.o)
    0x08000214   0x00000006   Code   RO         3631    .ARM.Collect$$rtexit$$00000004  c_w.l(rtexit2.o)
    0x0800021a   0x00000002   PAD
    0x0800021c   0x00000040   Code   RO            4    .text               startup_stm32f103xe.o
    0x0800025c   0x00000028   Code   RO         3473    .text               c_w.l(noretval__2sprintf.o)
    0x08000284   0x00000068   Code   RO         3475    .text               c_w.l(__printf.o)
    0x080002ec   0x00000078   Code   RO         3477    .text               c_w.l(_printf_dec.o)
    0x08000364   0x0000003e   Code   RO         3502    .text               c_w.l(strlen.o)
    0x080003a2   0x00000096   Code   RO         3504    .text               c_w.l(strncmp.o)
    0x08000438   0x0000004e   Code   RO         3506    .text               c_w.l(rt_memclr_w.o)
    0x08000486   0x00000006   Code   RO         3508    .text               c_w.l(heapauxi.o)
    0x0800048c   0x000000b2   Code   RO         3537    .text               c_w.l(_printf_intcommon.o)
    0x0800053e   0x00000002   PAD
    0x08000540   0x00000030   Code   RO         3539    .text               c_w.l(_printf_char_common.o)
    0x08000570   0x0000000a   Code   RO         3541    .text               c_w.l(_sputc.o)
    0x0800057a   0x0000004a   Code   RO         3568    .text               c_w.l(sys_stackheap_outer.o)
    0x080005c4   0x00000012   Code   RO         3570    .text               c_w.l(exit.o)
    0x080005d6   0x00000002   PAD
    0x080005d8   0x00000008   Code   RO         3578    .text               c_w.l(libspace.o)
    0x080005e0   0x0000000c   Code   RO         3639    .text               c_w.l(sys_exit.o)
    0x080005ec   0x00000002   Code   RO         3650    .text               c_w.l(use_no_semi.o)
    0x080005ee   0x00000000   Code   RO         3652    .text               c_w.l(indicate_semi.o)
    0x080005ee   0x00000002   PAD
    0x080005f0   0x0000004c   Code   RO          968    i.ADC_ConversionStop_Disable  stm32f1xx_hal_adc.o
    0x0800063c   0x00000070   Code   RO          972    i.ADC_Enable        stm32f1xx_hal_adc.o
    0x080006ac   0x0000000c   Code   RO          602    i.BSP_SD_GetCardInfo  bsp_driver_sd.o
    0x080006b8   0x00000018   Code   RO          603    i.BSP_SD_GetCardState  bsp_driver_sd.o
    0x080006d0   0x00000034   Code   RO          606    i.BSP_SD_Init       bsp_driver_sd.o
    0x08000704   0x00000020   Code   RO          608    i.BSP_SD_ReadBlocks  bsp_driver_sd.o
    0x08000724   0x00000020   Code   RO          611    i.BSP_SD_WriteBlocks  bsp_driver_sd.o
    0x08000744   0x00000002   Code   RO          778    i.BusFault_Handler  stm32f1xx_it.o
    0x08000746   0x00000002   PAD
    0x08000748   0x000000d0   Code   RO          418    i.CO_detect         own_define_functions.o
    0x08000818   0x00000002   Code   RO          779    i.DebugMon_Handler  stm32f1xx_it.o
    0x0800081a   0x00000010   Code   RO          169    i.Delay             lcd_own.o
    0x0800082a   0x00000002   PAD
    0x0800082c   0x0000005c   Code   RO          780    i.EXTI3_IRQHandler  stm32f1xx_it.o
    0x08000888   0x0000002c   Code   RO          781    i.EXTI4_IRQHandler  stm32f1xx_it.o
    0x080008b4   0x00000006   Code   RO         3330    i.FATFS_LinkDriver  ff_gen_drv.o
    0x080008ba   0x00000002   PAD
    0x080008bc   0x00000040   Code   RO         3331    i.FATFS_LinkDriverEx  ff_gen_drv.o
    0x080008fc   0x0000003c   Code   RO         2143    i.FSMC_NORSRAM_Extended_Timing_Init  stm32f1xx_ll_fsmc.o
    0x08000938   0x00000098   Code   RO         2144    i.FSMC_NORSRAM_Init  stm32f1xx_ll_fsmc.o
    0x080009d0   0x00000044   Code   RO         2145    i.FSMC_NORSRAM_Timing_Init  stm32f1xx_ll_fsmc.o
    0x08000a14   0x000000c8   Code   RO         1148    i.HAL_ADCEx_Calibration_Start  stm32f1xx_hal_adc_ex.o
    0x08000adc   0x000000fc   Code   RO          974    i.HAL_ADC_ConfigChannel  stm32f1xx_hal_adc.o
    0x08000bd8   0x00000006   Code   RO          981    i.HAL_ADC_GetValue  stm32f1xx_hal_adc.o
    0x08000bde   0x00000002   PAD
    0x08000be0   0x00000120   Code   RO          983    i.HAL_ADC_Init      stm32f1xx_hal_adc.o
    0x08000d00   0x00000094   Code   RO          866    i.HAL_ADC_MspInit   stm32f1xx_hal_msp.o
    0x08000d94   0x00000130   Code   RO          987    i.HAL_ADC_PollForConversion  stm32f1xx_hal_adc.o
    0x08000ec4   0x000000c0   Code   RO          989    i.HAL_ADC_Start     stm32f1xx_hal_adc.o
    0x08000f84   0x00000024   Code   RO         1251    i.HAL_Delay         stm32f1xx_hal.o
    0x08000fa8   0x00000068   Code   RO          867    i.HAL_FSMC_MspInit  stm32f1xx_hal_msp.o
    0x08001010   0x00000002   Code   RO         1545    i.HAL_GPIO_EXTI_Callback  stm32f1xx_hal_gpio.o
    0x08001012   0x00000002   PAD
    0x08001014   0x00000018   Code   RO         1546    i.HAL_GPIO_EXTI_IRQHandler  stm32f1xx_hal_gpio.o
    0x0800102c   0x000001e8   Code   RO         1547    i.HAL_GPIO_Init     stm32f1xx_hal_gpio.o
    0x08001214   0x0000000a   Code   RO         1549    i.HAL_GPIO_ReadPin  stm32f1xx_hal_gpio.o
    0x0800121e   0x0000000a   Code   RO         1551    i.HAL_GPIO_WritePin  stm32f1xx_hal_gpio.o
    0x08001228   0x0000000c   Code   RO         1255    i.HAL_GetTick       stm32f1xx_hal.o
    0x08001234   0x00000010   Code   RO         1259    i.HAL_IncTick       stm32f1xx_hal.o
    0x08001244   0x00000024   Code   RO         1260    i.HAL_Init          stm32f1xx_hal.o
    0x08001268   0x00000040   Code   RO         1261    i.HAL_InitTick      stm32f1xx_hal.o
    0x080012a8   0x0000003c   Code   RO          868    i.HAL_MspInit       stm32f1xx_hal_msp.o
    0x080012e4   0x00000016   Code   RO         1707    i.HAL_NVIC_EnableIRQ  stm32f1xx_hal_cortex.o
    0x080012fa   0x00000002   PAD
    0x080012fc   0x00000040   Code   RO         1713    i.HAL_NVIC_SetPriority  stm32f1xx_hal_cortex.o
    0x0800133c   0x00000024   Code   RO         1714    i.HAL_NVIC_SetPriorityGrouping  stm32f1xx_hal_cortex.o
    0x08001360   0x000000d4   Code   RO         1509    i.HAL_RCCEx_GetPeriphCLKFreq  stm32f1xx_hal_rcc_ex.o
    0x08001434   0x000000ec   Code   RO         1510    i.HAL_RCCEx_PeriphCLKConfig  stm32f1xx_hal_rcc_ex.o
    0x08001520   0x0000016c   Code   RO         1407    i.HAL_RCC_ClockConfig  stm32f1xx_hal_rcc.o
    0x0800168c   0x00000020   Code   RO         1415    i.HAL_RCC_GetPCLK2Freq  stm32f1xx_hal_rcc.o
    0x080016ac   0x0000006c   Code   RO         1416    i.HAL_RCC_GetSysClockFreq  stm32f1xx_hal_rcc.o
    0x08001718   0x00000304   Code   RO         1419    i.HAL_RCC_OscConfig  stm32f1xx_hal_rcc.o
    0x08001a1c   0x00000078   Code   RO         2648    i.HAL_SD_ConfigWideBusOperation  stm32f1xx_hal_sd.o
    0x08001a94   0x000001da   Code   RO         2653    i.HAL_SD_GetCardCSD  stm32f1xx_hal_sd.o
    0x08001c6e   0x00000024   Code   RO         2654    i.HAL_SD_GetCardInfo  stm32f1xx_hal_sd.o
    0x08001c92   0x0000002c   Code   RO         2655    i.HAL_SD_GetCardState  stm32f1xx_hal_sd.o
    0x08001cbe   0x00000036   Code   RO         2660    i.HAL_SD_Init       stm32f1xx_hal_sd.o
    0x08001cf4   0x00000054   Code   RO         2661    i.HAL_SD_InitCard   stm32f1xx_hal_sd.o
    0x08001d48   0x00000084   Code   RO          870    i.HAL_SD_MspInit    stm32f1xx_hal_msp.o
    0x08001dcc   0x000001b2   Code   RO         2664    i.HAL_SD_ReadBlocks  stm32f1xx_hal_sd.o
    0x08001f7e   0x00000002   PAD
    0x08001f80   0x0000019a   Code   RO         2669    i.HAL_SD_WriteBlocks  stm32f1xx_hal_sd.o
    0x0800211a   0x00000056   Code   RO         2265    i.HAL_SRAM_Init     stm32f1xx_hal_sram.o
    0x08002170   0x00000004   Code   RO          872    i.HAL_SRAM_MspInit  stm32f1xx_hal_msp.o
    0x08002174   0x00000028   Code   RO         1718    i.HAL_SYSTICK_Config  stm32f1xx_hal_cortex.o
    0x0800219c   0x00000002   Code   RO          782    i.HardFault_Handler  stm32f1xx_it.o
    0x0800219e   0x00000002   PAD
    0x080021a0   0x00000018   Code   RO          170    i.LCD_BackLed_Control  lcd_own.o
    0x080021b8   0x00000038   Code   RO          171    i.LCD_Cam_Gram      lcd_own.o
    0x080021f0   0x0000001a   Code   RO          172    i.LCD_Clear         lcd_own.o
    0x0800220a   0x00000002   PAD
    0x0800220c   0x00000050   Code   RO          173    i.LCD_DrawChar      lcd_own.o
    0x0800225c   0x0000004c   Code   RO          174    i.LCD_DrawChar_Color  lcd_own.o
    0x080022a8   0x0000002a   Code   RO          175    i.LCD_DrawCross     lcd_own.o
    0x080022d2   0x00000002   PAD
    0x080022d4   0x00000040   Code   RO          178    i.LCD_DrawString    lcd_own.o
    0x08002314   0x00000050   Code   RO          179    i.LCD_DrawString_Color  lcd_own.o
    0x08002364   0x0000001c   Code   RO          180    i.LCD_FillColor     lcd_own.o
    0x08002380   0x00000088   Code   RO          182    i.LCD_GramScan      lcd_own.o
    0x08002408   0x00000026   Code   RO          183    i.LCD_INIT          lcd_own.o
    0x0800242e   0x00000002   PAD
    0x08002430   0x00000040   Code   RO          184    i.LCD_OpenWindow    lcd_own.o
    0x08002470   0x00000178   Code   RO          185    i.LCD_REG_Config    lcd_own.o
    0x080025e8   0x00000034   Code   RO          188    i.LCD_Rst           lcd_own.o
    0x0800261c   0x0000000c   Code   RO          190    i.LCD_Write_Data    lcd_own.o
    0x08002628   0x00000144   Code   RO          191    i.LCD_homepage      lcd_own.o
    0x0800276c   0x00000044   Code   RO          530    i.MX_ADC1_Init      main.o
    0x080027b0   0x00000044   Code   RO          531    i.MX_ADC2_Init      main.o
    0x080027f4   0x0000001c   Code   RO          740    i.MX_FATFS_Init     fatfs.o
    0x08002810   0x00000070   Code   RO          532    i.MX_FSMC_Init      main.o
    0x08002880   0x000001e8   Code   RO          533    i.MX_GPIO_Init      main.o
    0x08002a68   0x00000002   Code   RO          783    i.MemManage_Handler  stm32f1xx_it.o
    0x08002a6a   0x00000002   Code   RO          784    i.NMI_Handler       stm32f1xx_it.o
    0x08002a6c   0x00000020   Code   RO         1720    i.NVIC_SetPriority  stm32f1xx_hal_cortex.o
    0x08002a8c   0x00000058   Code   RO          324    i.Ov7725_Init       bsp_ov7725.o
    0x08002ae4   0x00000002   Code   RO          785    i.PendSV_Handler    stm32f1xx_it.o
    0x08002ae6   0x00000002   PAD
    0x08002ae8   0x000000cc   Code   RO          363    i.SCCB_ReadByte     bsp_sccb.o
    0x08002bb4   0x00000044   Code   RO          364    i.SCCB_SendByte     bsp_sccb.o
    0x08002bf8   0x00000040   Code   RO          365    i.SCCB_Start        bsp_sccb.o
    0x08002c38   0x00000028   Code   RO          366    i.SCCB_Stop         bsp_sccb.o
    0x08002c60   0x00000034   Code   RO          367    i.SCCB_WaitAck      bsp_sccb.o
    0x08002c94   0x0000003e   Code   RO          368    i.SCCB_WriteByte    bsp_sccb.o
    0x08002cd2   0x0000000e   Code   RO          369    i.SCCB_delay        bsp_sccb.o
    0x08002ce0   0x00000024   Code   RO         2381    i.SDIO_ConfigData   stm32f1xx_ll_sdmmc.o
    0x08002d04   0x00000008   Code   RO         2385    i.SDIO_GetPowerState  stm32f1xx_ll_sdmmc.o
    0x08002d0c   0x0000000c   Code   RO         2386    i.SDIO_GetResponse  stm32f1xx_ll_sdmmc.o
    0x08002d18   0x00000024   Code   RO         2387    i.SDIO_Init         stm32f1xx_ll_sdmmc.o
    0x08002d3c   0x00000008   Code   RO         2389    i.SDIO_PowerState_ON  stm32f1xx_ll_sdmmc.o
    0x08002d44   0x00000006   Code   RO         2390    i.SDIO_ReadFIFO     stm32f1xx_ll_sdmmc.o
    0x08002d4a   0x00000020   Code   RO         2391    i.SDIO_SendCommand  stm32f1xx_ll_sdmmc.o
    0x08002d6a   0x0000000a   Code   RO         2393    i.SDIO_WriteFIFO    stm32f1xx_ll_sdmmc.o
    0x08002d74   0x00000032   Code   RO         2394    i.SDMMC_CmdAppCommand  stm32f1xx_ll_sdmmc.o
    0x08002da6   0x00000002   PAD
    0x08002da8   0x00000034   Code   RO         2395    i.SDMMC_CmdAppOperCommand  stm32f1xx_ll_sdmmc.o
    0x08002ddc   0x00000032   Code   RO         2396    i.SDMMC_CmdBlockLength  stm32f1xx_ll_sdmmc.o
    0x08002e0e   0x00000032   Code   RO         2397    i.SDMMC_CmdBusWidth  stm32f1xx_ll_sdmmc.o
    0x08002e40   0x00000050   Code   RO         2401    i.SDMMC_CmdGoIdleState  stm32f1xx_ll_sdmmc.o
    0x08002e90   0x00000068   Code   RO         2403    i.SDMMC_CmdOperCond  stm32f1xx_ll_sdmmc.o
    0x08002ef8   0x00000032   Code   RO         2404    i.SDMMC_CmdReadMultiBlock  stm32f1xx_ll_sdmmc.o
    0x08002f2a   0x00000032   Code   RO         2405    i.SDMMC_CmdReadSingleBlock  stm32f1xx_ll_sdmmc.o
    0x08002f5c   0x00000032   Code   RO         2408    i.SDMMC_CmdSelDesel  stm32f1xx_ll_sdmmc.o
    0x08002f8e   0x0000002c   Code   RO         2409    i.SDMMC_CmdSendCID  stm32f1xx_ll_sdmmc.o
    0x08002fba   0x0000002c   Code   RO         2410    i.SDMMC_CmdSendCSD  stm32f1xx_ll_sdmmc.o
    0x08002fe6   0x00000030   Code   RO         2411    i.SDMMC_CmdSendSCR  stm32f1xx_ll_sdmmc.o
    0x08003016   0x00000032   Code   RO         2412    i.SDMMC_CmdSendStatus  stm32f1xx_ll_sdmmc.o
    0x08003048   0x00000030   Code   RO         2413    i.SDMMC_CmdSetRelAdd  stm32f1xx_ll_sdmmc.o
    0x08003078   0x00000034   Code   RO         2415    i.SDMMC_CmdStopTransfer  stm32f1xx_ll_sdmmc.o
    0x080030ac   0x00000032   Code   RO         2417    i.SDMMC_CmdWriteMultiBlock  stm32f1xx_ll_sdmmc.o
    0x080030de   0x00000032   Code   RO         2418    i.SDMMC_CmdWriteSingleBlock  stm32f1xx_ll_sdmmc.o
    0x08003110   0x0000011c   Code   RO         2419    i.SDMMC_GetCmdResp1  stm32f1xx_ll_sdmmc.o
    0x0800322c   0x00000050   Code   RO         2420    i.SDMMC_GetCmdResp2  stm32f1xx_ll_sdmmc.o
    0x0800327c   0x00000040   Code   RO         2421    i.SDMMC_GetCmdResp3  stm32f1xx_ll_sdmmc.o
    0x080032bc   0x00000084   Code   RO         2422    i.SDMMC_GetCmdResp6  stm32f1xx_ll_sdmmc.o
    0x08003340   0x000000d4   Code   RO         2677    i.SD_FindSCR        stm32f1xx_hal_sd.o
    0x08003414   0x000000e6   Code   RO         2678    i.SD_InitCard       stm32f1xx_hal_sd.o
    0x080034fa   0x000000a2   Code   RO         2679    i.SD_PowerON        stm32f1xx_hal_sd.o
    0x0800359c   0x0000004e   Code   RO         2681    i.SD_WideBus_Disable  stm32f1xx_hal_sd.o
    0x080035ea   0x0000004e   Code   RO         2682    i.SD_WideBus_Enable  stm32f1xx_hal_sd.o
    0x08003638   0x00000020   Code   RO         3411    i.SD_initialize     sd_diskio.o
    0x08003658   0x00000050   Code   RO         3412    i.SD_ioctl          sd_diskio.o
    0x080036a8   0x0000003c   Code   RO         3413    i.SD_read           sd_diskio.o
    0x080036e4   0x00000020   Code   RO         3414    i.SD_status         sd_diskio.o
    0x08003704   0x0000003c   Code   RO         3415    i.SD_write          sd_diskio.o
    0x08003740   0x00000002   Code   RO          786    i.SVC_Handler       stm32f1xx_it.o
    0x08003742   0x00000004   Code   RO          787    i.SysTick_Handler   stm32f1xx_it.o
    0x08003746   0x00000062   Code   RO          534    i.SystemClock_Config  main.o
    0x080037a8   0x00000048   Code   RO         2917    i.SystemInit        system_stm32f1xx.o
    0x080037f0   0x00000002   Code   RO          788    i.UsageFault_Handler  stm32f1xx_it.o
    0x080037f2   0x0000014a   Code   RO           13    i.XPT2046_Calculate_CalibrationFactor  xpt2046.o
    0x0800393c   0x00000018   Code   RO           14    i.XPT2046_DelayUS   xpt2046.o
    0x08003954   0x00000096   Code   RO           15    i.XPT2046_Get_TouchedPoint  xpt2046.o
    0x080039ea   0x00000002   PAD
    0x080039ec   0x00000058   Code   RO           16    i.XPT2046_ReadAdc   xpt2046.o
    0x08003a44   0x0000013c   Code   RO           17    i.XPT2046_ReadAdc_Smooth_XY  xpt2046.o
    0x08003b80   0x000002ec   Code   RO           18    i.XPT2046_Touch_Calibrate  xpt2046.o
    0x08003e6c   0x00000064   Code   RO           19    i.XPT2046_WriteCMD  xpt2046.o
    0x08003ed0   0x00000060   Code   RO         3009    i.check_fs          ff.o
    0x08003f30   0x00000108   Code   RO          419    i.check_homepage    own_define_functions.o
    0x08004038   0x00000068   Code   RO         3010    i.chk_lock          ff.o
    0x080040a0   0x00000024   Code   RO         3011    i.clear_lock        ff.o
    0x080040c4   0x0000002e   Code   RO         3012    i.clmt_clust        ff.o
    0x080040f2   0x0000001c   Code   RO         3013    i.clust2sect        ff.o
    0x0800410e   0x000000a4   Code   RO         3014    i.create_chain      ff.o
    0x080041b2   0x00000002   PAD
    0x080041b4   0x00000100   Code   RO         3015    i.create_name       ff.o
    0x080042b4   0x0000003c   Code   RO         3016    i.dec_lock          ff.o
    0x080042f0   0x0000011c   Code   RO         3017    i.dir_next          ff.o
    0x0800440c   0x00000070   Code   RO         3019    i.dir_register      ff.o
    0x0800447c   0x0000009a   Code   RO         3021    i.dir_sdi           ff.o
    0x08004516   0x00000002   PAD
    0x08004518   0x00000028   Code   RO         2954    i.disk_initialize   diskio.o
    0x08004540   0x0000001c   Code   RO         2955    i.disk_ioctl        diskio.o
    0x0800455c   0x0000001c   Code   RO         2956    i.disk_read         diskio.o
    0x08004578   0x00000018   Code   RO         2957    i.disk_status       diskio.o
    0x08004590   0x0000001c   Code   RO         2958    i.disk_write        diskio.o
    0x080045ac   0x000000e8   Code   RO          420    i.enterPassword     own_define_functions.o
    0x08004694   0x0000002a   Code   RO         3023    i.f_close           ff.o
    0x080046be   0x00000002   PAD
    0x080046c0   0x00000064   Code   RO         3030    i.f_mount           ff.o
    0x08004724   0x000001e8   Code   RO         3031    i.f_open            ff.o
    0x0800490c   0x0000018e   Code   RO         3036    i.f_read            ff.o
    0x08004a9a   0x000000a2   Code   RO         3040    i.f_sync            ff.o
    0x08004b3c   0x000001c6   Code   RO         3044    i.f_write           ff.o
    0x08004d02   0x00000002   PAD
    0x08004d04   0x0000026c   Code   RO         3045    i.find_volume       ff.o
    0x08004f70   0x000000b8   Code   RO         3046    i.follow_path       ff.o
    0x08005028   0x000000e6   Code   RO         3047    i.get_fat           ff.o
    0x0800510e   0x00000004   Code   RO          741    i.get_fattime       fatfs.o
    0x08005112   0x0000003c   Code   RO         3049    i.get_ldnumber      ff.o
    0x0800514e   0x00000002   PAD
    0x08005150   0x00000098   Code   RO         3050    i.inc_lock          ff.o
    0x080051e8   0x00000016   Code   RO         3051    i.ld_clust          ff.o
    0x080051fe   0x00000002   PAD
    0x08005200   0x000001e8   Code   RO          535    i.main              main.o
    0x080053e8   0x00000012   Code   RO         3052    i.mem_cpy           ff.o
    0x080053fa   0x0000000e   Code   RO         3053    i.mem_set           ff.o
    0x08005408   0x00000038   Code   RO         3054    i.move_window       ff.o
    0x08005440   0x00000134   Code   RO          421    i.newbmp            own_define_functions.o
    0x08005574   0x0000011e   Code   RO         3055    i.put_fat           ff.o
    0x08005692   0x00000002   PAD
    0x08005694   0x00000238   Code   RO          422    i.read_keypad       own_define_functions.o
    0x080058cc   0x00000240   Code   RO          423    i.readbmp           own_define_functions.o
    0x08005b0c   0x00000066   Code   RO         3057    i.remove_chain      ff.o
    0x08005b72   0x00000010   Code   RO         3058    i.st_clust          ff.o
    0x08005b82   0x000000a8   Code   RO         3059    i.sync_fs           ff.o
    0x08005c2a   0x00000052   Code   RO         3060    i.sync_window       ff.o
    0x08005c7c   0x0000002a   Code   RO         3061    i.validate          ff.o
    0x08005ca6   0x00000002   PAD
    0x08005ca8   0x00000198   Code   RO          424    i.verifyPassword    own_define_functions.o
    0x08005e40   0x00000150   Code   RO         3512    x$fpl$dadd          fz_ws.l(daddsub_clz.o)
    0x08005f90   0x00000018   Code   RO         3544    x$fpl$dcmpinf       fz_ws.l(dcmpi.o)
    0x08005fa8   0x000002b0   Code   RO         3519    x$fpl$ddiv          fz_ws.l(ddiv.o)
    0x08006258   0x00000078   Code   RO         3522    x$fpl$deqf          fz_ws.l(deqf.o)
    0x080062d0   0x0000005a   Code   RO         3524    x$fpl$dfixu         fz_ws.l(dfixu.o)
    0x0800632a   0x0000002e   Code   RO         3529    x$fpl$dflt          fz_ws.l(dflt_clz.o)
    0x08006358   0x00000026   Code   RO         3528    x$fpl$dfltu         fz_ws.l(dflt_clz.o)
    0x0800637e   0x00000002   PAD
    0x08006380   0x00000154   Code   RO         3534    x$fpl$dmul          fz_ws.l(dmul.o)
    0x080064d4   0x0000009c   Code   RO         3546    x$fpl$dnaninf       fz_ws.l(dnaninf.o)
    0x08006570   0x0000000c   Code   RO         3548    x$fpl$dretinf       fz_ws.l(dretinf.o)
    0x0800657c   0x000001d4   Code   RO         3514    x$fpl$dsub          fz_ws.l(daddsub_clz.o)
    0x08006750   0x00000000   Code   RO         3550    x$fpl$usenofp       fz_ws.l(usenofp.o)
    0x08006750   0x000005f0   Data   RO          192    .constdata          lcd_own.o
    0x08006d40   0x00000010   Data   RO         2918    .constdata          system_stm32f1xx.o
    0x08006d50   0x00000008   Data   RO         2919    .constdata          system_stm32f1xx.o
    0x08006d58   0x000000ac   Data   RO         3063    .constdata          ff.o
    0x08006e04   0x00000014   Data   RO         3416    .constdata          sd_diskio.o
    0x08006e18   0x000000ef   Data   RO          426    .conststring        own_define_functions.o
    0x08006f07   0x00000001   PAD
    0x08006f08   0x00000020   Data   RO         3705    Region$$Table       anon$$obj.o


    Execution Region RW_IRAM1 (Base: 0x20000000, Size: 0x000029b0, Max: 0x00010000, ABSOLUTE, COMPRESSED[0x0000011c])

    Base Addr    Size         Type   Attr      Idx    E Section Name        Object

    0x20000000   0x00000038   Data   RW           20    .data               xpt2046.o
    0x20000038   0x0000009b   Data   RW          325    .data               bsp_ov7725.o
    0x200000d3   0x00000001   PAD
    0x200000d4   0x00000004   Data   RW          427    .data               own_define_functions.o
    0x200000d8   0x0000005c   Data   RW          428    .data               own_define_functions.o
    0x20000134   0x00000004   Data   RW          429    .data               own_define_functions.o
    0x20000138   0x00000005   Data   RW          744    .data               fatfs.o
    0x2000013d   0x00000003   PAD
    0x20000140   0x00000008   Data   RW          873    .data               stm32f1xx_hal_msp.o
    0x20000148   0x0000000c   Data   RW         1267    .data               stm32f1xx_hal.o
    0x20000154   0x00000004   Data   RW         2920    .data               system_stm32f1xx.o
    0x20000158   0x00000008   Data   RW         3064    .data               ff.o
    0x20000160   0x00000001   Data   RW         3417    .data               sd_diskio.o
    0x20000161   0x00000003   PAD
    0x20000164   0x0000209e   Zero   RW          425    .bss                own_define_functions.o
    0x20002202   0x00000002   PAD
    0x20002204   0x00000128   Zero   RW          536    .bss                main.o
    0x2000232c   0x00000018   Zero   RW         3062    .bss                ff.o
    0x20002344   0x0000000c   Zero   RW         3334    .bss                ff_gen_drv.o
    0x20002350   0x00000060   Zero   RW         3579    .bss                c_w.l(libspace.o)
    0x200023b0   0x00000200   Zero   RW            2    HEAP                startup_stm32f103xe.o
    0x200025b0   0x00000400   Zero   RW            1    STACK               startup_stm32f103xe.o


==============================================================================

Image component sizes


      Code (inc. data)   RO Data    RW Data    ZI Data      Debug   Object Name

       152         24          0          0          0       3182   bsp_driver_sd.o
        88          4          0        155          0       1228   bsp_ov7725.o
       504         26          0          0          0       4201   bsp_sccb.o
       148         22          0          0          0       3393   diskio.o
        32         10          0          5          0       1304   fatfs.o
      5036         70        172          8         24      32403   ff.o
        70          4          0          0         12       1487   ff_gen_drv.o
      1494        208       1520          0          0      14800   lcd_own.o
      1322        188          0          0        296       4037   main.o
      2564        602        239        100       8350      13752   own_define_functions.o
       264         34         20          1          0       4148   sd_diskio.o
        64         26        304          0       1536        780   startup_stm32f103xe.o
       164         28          0         12          0       6261   stm32f1xx_hal.o
      1230         58          0          0          0       6308   stm32f1xx_hal_adc.o
       200          6          0          0          0       1358   stm32f1xx_hal_adc_ex.o
       194         14          0          0          0      25571   stm32f1xx_hal_cortex.o
       534         48          0          0          0       4439   stm32f1xx_hal_gpio.o
       448         64          0          8          0       3416   stm32f1xx_hal_msp.o
      1276         86          0          0          0       4505   stm32f1xx_hal_rcc.o
       448         44          0          0          0       2481   stm32f1xx_hal_rcc_ex.o
      2416          4          0          0          0      12264   stm32f1xx_hal_sd.o
        86          0          0          0          0       1132   stm32f1xx_hal_sram.o
       156         26          0          0          0       4480   stm32f1xx_it.o
       280         12          0          0          0       2435   stm32f1xx_ll_fsmc.o
      1630         42          0          0          0      20843   stm32f1xx_ll_sdmmc.o
        72         16         24          4          0       1067   system_stm32f1xx.o
      1756        108          0         56          0     505928   xpt2046.o

    ----------------------------------------------------------------------
     22672       1774       2312        356      10220     687203   Object Totals
         0          0         32          0          0          0   (incl. Generated)
        44          0          1          7          2          0   (incl. Padding)

    ----------------------------------------------------------------------

      Code (inc. data)   RO Data    RW Data    ZI Data      Debug   Library Member Name

        90          0          0          0          0          0   __dczerorl2.o
         8          0          0          0          0         68   __main.o
       104          0          0          0          0         84   __printf.o
         0          0          0          0          0          0   __rtentry.o
        12          0          0          0          0          0   __rtentry2.o
         6          0          0          0          0          0   __rtentry4.o
        52          8          0          0          0          0   __scatter.o
        28          0          0          0          0          0   __scatter_zi.o
        48          6          0          0          0         96   _printf_char_common.o
         6          0          0          0          0          0   _printf_d.o
       120         16          0          0          0         92   _printf_dec.o
       178          0          0          0          0         88   _printf_intcommon.o
         0          0          0          0          0          0   _printf_percent.o
         4          0          0          0          0          0   _printf_percent_end.o
         6          0          0          0          0          0   _printf_u.o
        10          0          0          0          0         68   _sputc.o
        18          0          0          0          0         80   exit.o
         6          0          0          0          0        152   heapauxi.o
         0          0          0          0          0          0   indicate_semi.o
         2          0          0          0          0          0   libinit.o
         2          0          0          0          0          0   libinit2.o
         2          0          0          0          0          0   libshutdown.o
         2          0          0          0          0          0   libshutdown2.o
         8          4          0          0         96         68   libspace.o
        40          6          0          0          0         84   noretval__2sprintf.o
        78          0          0          0          0         80   rt_memclr_w.o
         2          0          0          0          0          0   rtexit.o
        10          0          0          0          0          0   rtexit2.o
        62          0          0          0          0         76   strlen.o
       150          0          0          0          0         80   strncmp.o
        12          4          0          0          0         68   sys_exit.o
        74          0          0          0          0         80   sys_stackheap_outer.o
         2          0          0          0          0         68   use_no_semi.o
       804         16          0          0          0        272   daddsub_clz.o
        24          0          0          0          0         68   dcmpi.o
       688        140          0          0          0        208   ddiv.o
       120          4          0          0          0         92   deqf.o
        90          4          0          0          0         92   dfixu.o
        84          0          0          0          0        136   dflt_clz.o
       340         12          0          0          0        104   dmul.o
       156          4          0          0          0         92   dnaninf.o
        12          0          0          0          0         68   dretinf.o
         0          0          0          0          0          0   usenofp.o

    ----------------------------------------------------------------------
      3472        224          0          0         96       2464   Library Totals
        12          0          0          0          0          0   (incl. Padding)

    ----------------------------------------------------------------------

      Code (inc. data)   RO Data    RW Data    ZI Data      Debug   Library Name

      1142         44          0          0         96       1332   c_w.l
      2318        180          0          0          0       1132   fz_ws.l

    ----------------------------------------------------------------------
      3472        224          0          0         96       2464   Library Totals

    ----------------------------------------------------------------------

==============================================================================


      Code (inc. data)   RO Data    RW Data    ZI Data      Debug   

     26144       1998       2312        356      10316     679055   Grand Totals
     26144       1998       2312        284      10316     679055   ELF Image Totals (compressed)
     26144       1998       2312        284          0          0   ROM Totals

==============================================================================

    Total RO  Size (Code + RO Data)                28456 (  27.79kB)
    Total RW  Size (RW Data + ZI Data)             10672 (  10.42kB)
    Total ROM Size (Code + RO Data + RW Data)      28740 (  28.07kB)

==============================================================================

