<html>
<body>
<pre>
<h1>礦ision Build Log</h1>
<h2>Tool Versions:</h2>
IDE-Version: μVision V5.14.0.0
Copyright (C) 2015 ARM Ltd and ARM Germany GmbH. All rights reserved.
License Information: 21312 AutoBVT, Microsoft, LIC=MGX01-CT5N7-UJR6I-T8FXW-JMC36-YU9QL
 
Tool Versions:
Toolchain:       MDK-ARM Professional  Version: 5.14.0.0
Toolchain Path:  C:\Keil_v5\MDK5\ARM\ARMCC\Bin
C Compiler:      Armcc.exe V5.05 update 1 (build 106)
Assembler:       Armasm.exe V5.05 update 1 (build 106)
Linker/Locator:  ArmLink.exe V5.05 update 1 (build 106)
Library Manager: ArmAr.exe V5.05 update 1 (build 106)
Hex Converter:   FromElf.exe V5.05 update 1 (build 106)
CPU DLL:         SARMCM3.DLL V5.14.0.0
Dialog DLL:      DARMSTM.DLL V1.65.0.0
Target DLL:      Segger\JL2CM3.dll V2.99.13.0
Dialog DLL:      TARMSTM.DLL V1.64.0.0
 
<h2>Project:</h2>
E:\资料\电子网项目2020\技术开发资料\指纹\指纹模块配套资料V1.5\程序例子\STM32F103指纹测试程序\USER\LED.uvprojx
Project File Date:  04/18/2020

<h2>Output:</h2>
Build target 'Target 1'
compiling main.c...
main.c(76): warning:  #177-D: variable "str" was declared but never referenced
        char *str;
main.c(77): warning:  #177-D: variable "ensure" was declared but never referenced
        u8 ensure; 
main.c: 2 warnings, 0 errors
compiling stm32f10x_it.c...
compiling system_stm32f10x.c...
compiling led.c...
compiling oled.c...
compiling rs485.c...
..\HARDWARE\RS485\rs485.c(115): warning:  #550-D: parameter "len" was set but never used
  void RS485_Receive_Data(u8 *buf,u8 len)
..\HARDWARE\RS485\rs485.c: 1 warning, 0 errors
compiling relay.c...
compiling as608.c...
compiling usart2.c...
compiling delay.c...
compiling sys.c...
compiling usart.c...
compiling timer.c...
compiling core_cm3.c...
assembling startup_stm32f10x_md.s...
compiling misc.c...
compiling stm32f10x_adc.c...
compiling stm32f10x_bkp.c...
compiling stm32f10x_can.c...
compiling stm32f10x_cec.c...
compiling stm32f10x_crc.c...
compiling stm32f10x_dac.c...
compiling stm32f10x_dbgmcu.c...
compiling stm32f10x_dma.c...
compiling stm32f10x_exti.c...
compiling stm32f10x_flash.c...
compiling stm32f10x_fsmc.c...
compiling stm32f10x_gpio.c...
compiling stm32f10x_i2c.c...
compiling stm32f10x_iwdg.c...
compiling stm32f10x_pwr.c...
compiling stm32f10x_rcc.c...
compiling stm32f10x_rtc.c...
compiling stm32f10x_sdio.c...
compiling stm32f10x_spi.c...
compiling stm32f10x_tim.c...
compiling stm32f10x_usart.c...
compiling stm32f10x_wwdg.c...
linking...
Program Size: Code=15068 RO-data=2340 RW-data=1220 ZI-data=2564  
FromELF: creating hex file...
".\LED.axf" - 0 Error(s), 3 Warning(s).

<h2>Collection of Component include folders:</h2>
  E:\资料\电子网项目2020\技术开发资料\指纹\指纹模块配套资料V1.5\程序例子\STM32F103指纹测试程序\USER\RTE
  C:\Keil_v5\MDK5\ARM\PACK\Keil\STM32F1xx_DFP\1.0.5\Device\Include

<h2>Collection of Component Files used:</h2>
</pre>
</body>
</html>
